   This run of MOLCAS is using the pymolcas driver

                             OPE
                             OPE          NMOL  CASOP  ENMOLC A   SO
                 OPE        NMOLC        AS  OP EN  MO LC     AS  OP
                OPENM       OL CA        SO  PE NM  OL CA     SOP EN
                OP EN      MO   LC       AS  OP ENMOL  CASO   PENMOL
                OP  EN     MO   LC       AS  OP EN     MO     LC ASO
               OP   E  NMOL  C  AS       OP  EN MO     LC     AS  OP
               OP  E   NMO   LC AS        OPEN  MO     LCASOP EN   M
               O  PEN   MO  LCA  SO
            OPE   NMO   L   CAS    OP
        OPENMOL  CASOP     ENMOL   CASOPE
     OPENMOLCA   SOPENMOLCASOPEN   MOLCASOPE
    OPENMOLCAS   OP           EN   MOL    CAS
    OPENMOLCAS       OP  ENM        O     LCA
    OPENMOLCAS    OPEN  MOLCASO     P  E  NMO
    OPENMOLCAS     OP               E  N  MOL
    OPENMOLCA   SO           PENM   O  L  CAS    OPEN    MO    LCAS
    OPENMOLCA   SOP           ENM   O  L  CAS   OP  EN  MOLC  AS   O
    OPENMOLCA   SOPE           NM      O  LCA   S      OP  EN MO
    OPENMOLC                AS         O  PEN   M      OL  CA  SOPE
    OPENMO        LCASOPE  NMOL        C  ASO   P      ENMOLC     AS
    OPE     NMO      LCA  SO     P     E   NM   OL  CA SO  PE N   MO
          OPENMOLCA            SOPE   NMO        LCAS  O    P  ENMO
     OPENMOLCASOPENMOLCASOPENMOLCASOPENMOLCA
        OPENMOLCASOPENMOLCASOPENMOLCASOPE
            OPENMOLCASOPENMOLCASOPENM
               OPENMOLCASOPENMOLCA        version: o822a959167d23c ?
                   OPENMOLCASO
                       OPE                tag:

 OpenMolcas is free software; you can redistribute it and/or modify it
 under the terms of the GNU Lesser General Public License version 2.1.
 OpenMolcas is distributed in the hope that it will be useful, but it
 is provided "as is" and without any express or implied warranties.
 For more details see the full text of the license in the file
 LICENSE or in <http://www.gnu.org/licenses/>.

                 Copyright (C) The OpenMolcas Authors
           For the author list and the recommended citation,
                   consult the file CONTRIBUTORS.md

           *************************************************
           * pymolcas version py2.28                       *
           *   build c4a6d18ded8cb6cad61d2372a9abd97c      *
           *   (after the EMIL interpreter by V. Veryazov) *
           *************************************************

configuration info
------------------
Host name: mgt (Linux)
C Compiler ID: GNU
C flags: -std=gnu99
Fortran Compiler ID: GNU
Fortran flags: -fno-aggressive-loop-optimizations -cpp -fdefault-integer-8 -fmax-stack-var-size=1048576
Definitions: _MOLCAS_;_I8_;_LINUX_
Parallel: OFF (GA=OFF)


   ------------------------------------------------------------------------------------
  |
  |           Project: autocas_project
  |    Submitted from: /public/home/xzzeng/work/HQC/Fe-CO/autoCAS/autocas_project/final
  |      Scratch area: /public/home/xzzeng/work/HQC/Fe-CO/autoCAS/molcas_scratch
  |   Save outputs to: /public/home/xzzeng/work/HQC/Fe-CO/autoCAS/autocas_project/final
  |            Molcas: /public/home/xzzeng/soft/OpenMolcas/build
  |
  | Scratch area is NOT empty
  |
  |    MOLCAS_DRIVER = /public/home/xzzeng/soft/OpenMolcas/build/pymolcas
  |    MOLCAS_NPROCS = 1
  |    MOLCAS_SOURCE = /public/home/xzzeng/soft/OpenMolcas
  | MOLCAS_STRUCTURE = 0
  |
   ------------------------------------------------------------------------------------

++ ---------   Input file   ---------

&DMRGSCF
  FIEDLER=ON
ActiveSpaceOptimizer = QCMaquis
DMRGSettings
  nsweeps = 10
  max_bond_dimension = 500
EndDMRGSettings
OOptimizationSettings
  SPIN    = 1
  NACTEL  = 18
  FILEORB = /public/home/xzzeng/work/HQC/Fe-CO/autoCAS/autocas_project/final/autocas_project.scf.h5_sel
  TYPEINDEX
EndOOptimizationSettings

&CASPT2
  IPEA = 0.0

-- ----------------------------------

*** symbolic link created: INPORB -> autocas_project.RasOrb
--- Start Module: dmrgscf at Thu Oct  9 16:41:44 2025 ---

()()()()()()()()()()()()()()()()()()()()()()()()()()()()()()()()()()()()()()()()()()()()()()()()()()

                                              &DMRGSCF

                                   only a single process is used
                       available to each process: 12 GB of memory, 1 thread?
                                             pid: 59324
()()()()()()()()()()()()()()()()()()()()()()()()()()()()()()()()()()()()()()()()()()()()()()()()()()


      DMRGSCF: active space solver is set to qcmaquis
      -------                                --------


      Header of the ONEINT file:
      --------------------------
      
      Integrals generated by Gateway/Seward, Thu Oct  9 14:59:33 2025


      OrdInt status: non-squared


      Cartesian coordinates in Angstrom:
      -----------------------------------------------------
      No.  Label        X            Y            Z        
      -----------------------------------------------------
       1   FE1        0.00000000   0.00000000   0.00000000
       2   C2         0.00000000   0.00000000   1.75000000
       3   O3         0.00000000   0.00000000   2.95000000
      -----------------------------------------------------
      Nuclear repulsion energy =   73.15714778

++    Wave function specifications:
      -----------------------------

      Number of closed shell electrons          22
      Number of electrons in active shells      18
      Max number of holes in RAS1 space          0
      Max nr of electrons in RAS3 space          0
      Number of inactive orbitals               11
      Number of active orbitals                 16
      Number of secondary orbitals              13
      Spin quantum number                      0.0
      State symmetry                             1
--

++    Orbital specifications:
      -----------------------

      Symmetry species                           1
                                                 a
      Frozen orbitals                            0
      Inactive orbitals                         11
      Active orbitals                           16
      RAS1 orbitals                              0
      RAS2 orbitals                             16
      RAS3 orbitals                              0
      Secondary orbitals                        13
      Deleted orbitals                           0
      Number of basis functions                 40
--

++    DMRG specifications:
      ----------------------------

      Number of renormalized states              500
      (Max) number of sweeps                     10
      Convergence threshold (sweep tolerance)    0.100E-07
      Jacobi-Davidson threshold                  0.100E-10
      SVD truncation threshold (initial)         1e-50
      SVD truncation threshold (final)           0.100E-10
      Number of root(s) required                 1
      Root chosen for geometry opt.              1
      DMRG root used                             1
         
--

++    Optimization specifications:
      ----------------------------

      RASSCF algorithm: LK Cholesky
      Maximum number of macro iterations       200
      Maximum number of SX iterations          100
      Threshold for RASSCF energy            1.000E-08
      Threshold for max MO rotation          1.000E-01
      Threshold for max BLB element          1.000E-04
      Level shift parameter                  5.000E-01
      Make Quasi-Newton update
--

      The MO-coefficients are taken from the file:
      /public/home/xzzeng/work/HQC/Fe-CO/autoCAS/autocas_project/final/autocas_project.scf.h5_sel                                                                                                                                                                     

      Total molecular charge  -10.00

      ************************************************************************************************************************
      *                                                                                                                      *
      *                                            Wave function control section                                             *
      *                                                                                                                      *
      ************************************************************************************************************************


                                         DMRGSCF iterations: Energy and convergence statistics
                                         -----------------------------------------------------

                                             Please cite for the QCMaquis-Molcas driver:

                                    Freitag L.; Keller S.; Knecht S.; Lindh R.; Ma Y.; 
                                    Stein C. J. and Reiher M., in preparation. (2018).
                                    ---------------------------------------------------------------

                                             Please cite for the QCMaquis DMRG software:

                                    S. Keller, M. Dolfi, M. Troyer, M. Reiher,
                                    J. Chem. Phys. 143, 244118 (2015)
                                    ---------------------------------------------------------------


      Iter num  DMRG max tr DMRG  SX      DMRGSCF       Energy    max ROT   max BLB     max BLB  Level Ln srch  Step   QN     CPU Time
         sweeps/root weight/root iter     energy        change     param    element      value   shift minimum  type update   hh:mm:ss
 Fiedler orbital ordering: 1,13,2,6,7,10,4,12,9,11,5,14,8,3,16,15
        1 10   1    1.77E-04   1  100  -228.92449472    0.00E+00  2.78E-01*  25  38 1  1.96E-01*  0.18   0.00    SX    NO      2:49:23
        2 10   1    1.51E-04   1   28  -229.11435068   -1.90E-01*-7.72E-02   15  31 1  3.71E-02*  0.16   0.00    SX    NO      2:39:32
        3 10   1    1.13E-04   1   51  -229.12923202   -1.49E-02* 3.16E-02    8  32 1 -1.86E-02*  0.15   0.00    SX    NO      2:39:06
        4  9   1    1.12E-04   1   41  -229.13220107   -2.97E-03* 2.03E-02    9  35 1  6.10E-03*  0.15   0.00    SX    NO      2:26:57
        5 10   1    1.12E-04   1   41  -229.13296833   -7.67E-04* 2.34E-02    9  35 1  4.79E-03*  0.15   2.32    LS   YES      2:41:45
        6 10   1    1.11E-04   1   43  -229.13338410   -4.16E-04*-2.32E-02    7  39 1  4.57E-03*  0.15   1.32    QN   YES      2:34:45
        7 10   1    1.12E-04   1   43  -229.13364233   -2.58E-04*-4.42E-02    9  35 1 -3.14E-03*  0.15   1.75    QN   YES      2:34:07
        8 10   1    1.85E-04   1   43  -229.13403982   -3.97E-04*-1.71E-01*  20  31 1 -7.62E-03*  0.15   1.38    QN   YES      2:33:22
        9 10   1    2.27E-04   1  100  -229.13855483   -4.52E-03*-1.35E-01*  15  31 1  6.66E-02*  0.09   0.94    QN   YES      2:35:13
       10 10   1    2.37E-04   1  100  -229.13953028   -9.75E-04* 1.37E-01*  15  31 1  6.03E-02*  0.06   1.29    QN   YES      2:32:32
       11 10   1    2.17E-04   1  100  -229.14230189   -2.77E-03*-1.68E-01*  15  31 1  5.25E-02*  0.04   2.50    QN   YES      2:34:31
       12  9   1    1.90E-04   1  100  -229.14663974   -4.34E-03*-1.97E-01*  15  31 1  4.18E-02*  0.02   2.36    QN   YES      2:20:13
       13  6   1    1.70E-04   1  100  -229.15160725   -4.97E-03*-8.86E-02    4  40 1 -3.08E-02*  0.02   1.98    QN   YES      1:40:45
       14  6   1    1.29E-04   1  100  -229.15650053   -4.89E-03*-1.47E-01*   4  40 1 -2.94E-02*  0.01   1.70    SX   YES      1:39:24
       15 10   1    1.53E-04   1  100  -229.16304887   -6.55E-03*-1.89E-01*   4  40 1 -1.77E-02*  0.01   2.50    QN   YES      2:34:43
       16 10   1    1.95E-04   1  100  -229.16966679   -6.62E-03*-2.80E-01*   9  26 1 -9.31E-03*  0.00   2.38    QN   YES      2:32:01
       17 10   1    2.23E-04   1  100  -229.17489360   -5.23E-03*-5.47E-01*  15  31 1 -9.49E-03*  0.00   2.38    QN   YES      2:32:04
       18 10   1    2.32E-04   1   43  -229.18288541   -7.99E-03* 3.07E-02   15  31 1  2.97E-03*  0.11   0.00    SX    NO      2:31:53
       19 10   1    2.33E-04   1   40  -229.18313988   -2.54E-04* 5.57E-02    5  20 1 -1.36E-03*  0.12   2.00    QN   YES      2:31:14
