   This run of MOLCAS is using the pymolcas driver

                             OPE
                             OPE          NMOL  CASOP  ENMOLC A   SO
                 OPE        NMOLC        AS  OP EN  MO LC     AS  OP
                OPENM       OL CA        SO  PE NM  OL CA     SOP EN
                OP EN      MO   LC       AS  OP ENMOL  CASO   PENMOL
                OP  EN     MO   LC       AS  OP EN     MO     LC ASO
               OP   E  NMOL  C  AS       OP  EN MO     LC     AS  OP
               OP  E   NMO   LC AS        OPEN  MO     LCASOP EN   M
               O  PEN   MO  LCA  SO
            OPE   NMO   L   CAS    OP
        OPENMOL  CASOP     ENMOL   CASOPE
     OPENMOLCA   SOPENMOLCASOPEN   MOLCASOPE
    OPENMOLCAS   OP           EN   MOL    CAS
    OPENMOLCAS       OP  ENM        O     LCA
    OPENMOLCAS    OPEN  MOLCASO     P  E  NMO
    OPENMOLCAS     OP               E  N  MOL
    OPENMOLCA   SO           PENM   O  L  CAS    OPEN    MO    LCAS
    OPENMOLCA   SOP           ENM   O  L  CAS   OP  EN  MOLC  AS   O
    OPENMOLCA   SOPE           NM      O  LCA   S      OP  EN MO
    OPENMOLC                AS         O  PEN   M      OL  CA  SOPE
    OPENMO        LCASOPE  NMOL        C  ASO   P      ENMOLC     AS
    OPE     NMO      LCA  SO     P     E   NM   OL  CA SO  PE N   MO
          OPENMOLCA            SOPE   NMO        LCAS  O    P  ENMO
     OPENMOLCASOPENMOLCASOPENMOLCASOPENMOLCA
        OPENMOLCASOPENMOLCASOPENMOLCASOPE
            OPENMOLCASOPENMOLCASOPENM
               OPENMOLCASOPENMOLCA        version: o822a959167d23c ?
                   OPENMOLCASO
                       OPE                tag:

 OpenMolcas is free software; you can redistribute it and/or modify it
 under the terms of the GNU Lesser General Public License version 2.1.
 OpenMolcas is distributed in the hope that it will be useful, but it
 is provided "as is" and without any express or implied warranties.
 For more details see the full text of the license in the file
 LICENSE or in <http://www.gnu.org/licenses/>.

                 Copyright (C) The OpenMolcas Authors
           For the author list and the recommended citation,
                   consult the file CONTRIBUTORS.md

           *************************************************
           * pymolcas version py2.28                       *
           *   build c4a6d18ded8cb6cad61d2372a9abd97c      *
           *   (after the EMIL interpreter by V. Veryazov) *
           *************************************************

configuration info
------------------
Host name: mgt (Linux)
C Compiler ID: GNU
C flags: -std=gnu99
Fortran Compiler ID: GNU
Fortran flags: -fno-aggressive-loop-optimizations -cpp -fdefault-integer-8 -fmax-stack-var-size=1048576
Definitions: _MOLCAS_;_I8_;_LINUX_
Parallel: OFF (GA=OFF)


   --------------------------------------------------------------------------------------
  |
  |           Project: autocas_project
  |    Submitted from: /public/home/xzzeng/work/HQC/Fe-CO/autoCAS/autocas_project/initial
  |      Scratch area: /public/home/xzzeng/work/HQC/Fe-CO/autoCAS/molcas_scratch
  |   Save outputs to: /public/home/xzzeng/work/HQC/Fe-CO/autoCAS/autocas_project/initial
  |            Molcas: /public/home/xzzeng/soft/OpenMolcas/build
  |
  | Scratch area is NOT empty
  |
  |    MOLCAS_DRIVER = /public/home/xzzeng/soft/OpenMolcas/build/pymolcas
  |    MOLCAS_NPROCS = 1
  |    MOLCAS_SOURCE = /public/home/xzzeng/soft/OpenMolcas
  | MOLCAS_STRUCTURE = 0
  |
   --------------------------------------------------------------------------------------

++ ---------   Input file   ---------

&GATEWAY
  COORD = /public/home/xzzeng/work/HQC/Fe-CO/autoCAS/feco.xyz
  BASIS = lanl2dz
  GROUP = C1

&SEWARD
  CHOLesky

&SCF
  SPIN   = 1
  CHARGE = 0
  CHOLesky

-- ----------------------------------

*** symbolic link created: INPORB -> autocas_project.RasOrb
--- Start Module: gateway at Thu Oct  9 14:59:33 2025 ---

()()()()()()()()()()()()()()()()()()()()()()()()()()()()()()()()()()()()()()()()()()()()()()()()()()

                                              &GATEWAY

                                   only a single process is used
                       available to each process: 12 GB of memory, 1 thread?
                                             pid: 6873
()()()()()()()()()()()()()()()()()()()()()()()()()()()()()()()()()()()()()()()()()()()()()()()()()()

 GuessOrb option turned off!
 GuessOrb option turned off!

++    Symmetry information:
      ---------------------

                    Character Table for C1 

                             E  
                    a        1  x, y, xy, Rz, z, xz, Ry, yz, Rx, I
--


++    Basis set information:
      ----------------------


      Basis set label: FE.LANL2DZ....ECP.....

      Electronic valence basis set:
      ------------------
      Associated Effective Charge  16.000000 au
      Associated Actual Charge     26.000000 au
      Nuclear Model: Point charge

      Shell  nPrim  nBasis  Cartesian Spherical Contaminant
         s       5       3        X                  
         p       5       3        X                  
         d       5       2                 X         

      Pseudo Potential specification:
      =======================================

      Potential  nTerms    
           H       3
         s-H       5
         p-H       5

      Effective Core Potential specification:
      =======================================


      Basis set label: C.LANL2DZ.........

      Electronic valence basis set:
      ------------------
      Associated Effective Charge   6.000000 au
      Associated Actual Charge      6.000000 au
      Nuclear Model: Point charge

      Shell  nPrim  nBasis  Cartesian Spherical Contaminant
         s       9       3        X                  
         p       5       2        X                  


      Basis set label: O.LANL2DZ.........

      Electronic valence basis set:
      ------------------
      Associated Effective Charge   8.000000 au
      Associated Actual Charge      8.000000 au
      Nuclear Model: Point charge

      Shell  nPrim  nBasis  Cartesian Spherical Contaminant
         s       9       3        X                  
         p       5       2        X                  
--


++    Molecular structure info:
      -------------------------

                    ************************************************ 
                    **** Cartesian Coordinates / Bohr, Angstrom **** 
                    ************************************************ 

     Center  Label                x              y              z                     x              y              z
        1      FE1              0.000000       0.000000       0.000000              0.000000       0.000000       0.000000
        2      C2               0.000000       0.000000       3.307021              0.000000       0.000000       1.750000
        3      O3               0.000000       0.000000       5.574692              0.000000       0.000000       2.950000

                    *************************************** 
                    *    InterNuclear Distances / Bohr    * 
                    *************************************** 

               1 FE1           2 C2            3 O3    
    1 FE1      0.000000
    2 C2       3.307021        0.000000
    3 O3       5.574692        2.267671        0.000000

                    ******************************************* 
                    *    InterNuclear Distances / Angstrom    * 
                    ******************************************* 

               1 FE1           2 C2            3 O3    
    1 FE1      0.000000
    2 C2       1.750000        0.000000
    3 O3       2.950000        1.200000        0.000000
--


            Nuclear Potential Energy             73.15714778 au

--- Stop Module: gateway at Thu Oct  9 14:59:33 2025 /rc=_RC_ALL_IS_WELL_ ---
*** files: xmldump
    saved to directory /public/home/xzzeng/work/HQC/Fe-CO/autoCAS/autocas_project/initial

*** symbolic link created: INPORB -> autocas_project.RasOrb
--- Start Module: seward at Thu Oct  9 14:59:33 2025 ---

()()()()()()()()()()()()()()()()()()()()()()()()()()()()()()()()()()()()()()()()()()()()()()()()()()

                                              &SEWARD

                                   only a single process is used
                       available to each process: 12 GB of memory, 1 thread?
                                             pid: 6876
()()()()()()()()()()()()()()()()()()()()()()()()()()()()()()()()()()()()()()()()()()()()()()()()()()

               SEWARD will generate:
                  Multipole Moment integrals up to order  2
                  Kinetic Energy integrals
                  Nuclear Attraction integrals (point charge)
                  One-Electron Hamiltonian integrals modified with ECP contributions
                  Velocity integrals
                  Pseudo Potential integrals
                  Orbital angular momentum around ( 0.0000  0.0000  1.5352 )
                  Velocity quadrupole around ( 0.0000  0.0000  1.5352 )
                  Cholesky decomposed two-electron repulsion integrals
                   - CD Threshold:   0.10E-03

                   Integrals are discarded if absolute value <: 1.00E-40
                   Integral cutoff threshold is set to       <: 1.00E-40

            Nuclear Potential Energy             73.15714778 au


      Basis set specifications :
      Symmetry species         a  
      Basis functions           40

--- Stop Module: seward at Thu Oct  9 14:59:34 2025 /rc=_RC_ALL_IS_WELL_ ---
*** files: xmldump
    saved to directory /public/home/xzzeng/work/HQC/Fe-CO/autoCAS/autocas_project/initial

*** symbolic link created: INPORB -> autocas_project.ScfOrb
--- Start Module: scf at Thu Oct  9 14:59:34 2025 ---

()()()()()()()()()()()()()()()()()()()()()()()()()()()()()()()()()()()()()()()()()()()()()()()()()()

                                                &SCF

                                   only a single process is used
                       available to each process: 12 GB of memory, 1 thread?
                                             pid: 6879
()()()()()()()()()()()()()()()()()()()()()()()()()()()()()()()()()()()()()()()()()()()()()()()()()()

++    Input section:
      --------------

      Header of the integral files:
      
       Integrals generated by Gateway/Seward, Thu Oct  9 14:59:33 2025


      Cartesian coordinates in Angstrom:
      -----------------------------------------------------
      No.  Label        X            Y            Z        
      -----------------------------------------------------
       1   FE1        0.00000000   0.00000000   0.00000000
       2   C2         0.00000000   0.00000000   1.75000000
       3   O3         0.00000000   0.00000000   2.95000000
      -----------------------------------------------------
      Nuclear repulsion energy =   73.15714778
--

++    Orbital specifications:
      -----------------------

      Symmetry species               1
                                     a
      Frozen orbitals                0
      Occupied orbitals             15
      Secondary orbitals            25
      Deleted orbitals               0
      Total number of orbitals      40
      Number of basis functions     40
--

      Molecular charge                           0.000

++    Optimization specifications:
      ----------------------------

      SCF Algorithm: LK-Cholesky
      LK screening threshold:                     4.50E-02
      Local-Exchange (LK) algorithm.
       - the density matrix is decomposed
      The actual AO density is used
      Number of density matrices in core                 5
      Maximum number of NDDO SCF iterations            400
      Maximum number of HF SCF iterations              400
      Threshold for SCF energy change             1.00E-09
      Threshold for density matrix                1.00E-04
      Threshold for Fock matrix                   1.50E-04
      Threshold for linear dependence             1.00E-05
      Threshold at which DIIS is turned on        1.50E-01
      Maximum depth in the DIIS procedure                5
      Maximum depth in the BFGS Hessian update          30
      Threshold at which QNR/C2DIIS is turned on  7.50E-02
      Threshold for Norm(delta) (QNR/C2DIIS)      1.00E-03
      All orbitals punched on: SCFORB
--

      Input vectors read from INPORB
      Orbital file label: * SCF orbitals


++ Convergence information
                                   SCF        iterations: Energy and convergence statistics

Iter     Tot. SCF        One-elec.       Two-elec.     Energy      Max Dij or  Max Fij      DNorm      TNorm      AccCon     Time
         Energy          Energy          Energy        Change      Delta Norm                                                in Sec.
   1  -234.968517821  -518.778845148   210.653179545   0.00E+00    2.26E-06    4.87E-07     7.19E+00   8.34E+01   None         0.
   2  -234.968517821  -518.778846033   210.653180430  -1.03E-11    1.98E-06    4.26E-07     7.19E+00   8.34E+01   EDIIS        0.

       Convergence after   2 Macro Iterations
--

 *****************************************************************************************************************************
 *                                                                                                                           *
 *                                             SCF/KS-DFT Program, Final results                                             *
 *                                                                                                                           *
 *                                                                                                                           *
 *                                                                                                                           *
 *                                                       Final Results                                                       *
 *                                                                                                                           *
 *****************************************************************************************************************************

::    Total SCF energy                               -234.9685178214
      One-electron energy                            -518.7788460331
      Two-electron energy                             210.6531804303
      Nuclear repulsion energy                         73.1571477814
      Kinetic energy (interpolated)                   185.0123028622
      Virial theorem                                    1.2700156378
      Total spin, S(S+1)                                0.0000000000
      Total spin, S                                     0.0000000000
      Max non-diagonal density matrix element           0.0000019783
      Max non-diagonal Fock matrix element              0.0000004257


      All orbitals with orbital energies smaller than  E(LUMO)+0.5 are printed

++    Molecular orbitals:
      -------------------

      Title: SCF orbitals

      Molecular orbitals for symmetry species 1: a  

          Orbital            1         2         3         4         5         6         7         8         9        10    
          Energy          -20.5928  -11.3412   -3.9882   -2.6147   -2.5842   -2.5842   -1.4318   -0.7381   -0.5739   -0.5633
          Occ. No.          2.0000    2.0000    2.0000    2.0000    2.0000    2.0000    2.0000    2.0000    2.0000    2.0000

        1 FE1    4s        -0.0004   -0.0002    1.0040   -0.0076    0.0000    0.0000   -0.0049    0.0374   -0.0503    0.0000
        2 FE1    *s        -0.0005   -0.0000    0.0134   -0.0119    0.0000    0.0000    0.0051   -0.0796    0.1694    0.0000
        3 FE1    *s         0.0001   -0.0001   -0.0045    0.0017    0.0000    0.0000   -0.0018    0.0361   -0.0159    0.0000
        4 FE1    *px        0.0000    0.0000    0.0000    0.0000    0.9965    0.0000    0.0000    0.0000    0.0000    0.0000
        5 FE1    *px        0.0000    0.0000    0.0000    0.0000    0.0219    0.0000    0.0000    0.0000    0.0000    0.0000
        6 FE1    *px        0.0000    0.0000    0.0000    0.0000   -0.0081    0.0000    0.0000    0.0000    0.0000    0.0000
        7 FE1    *py        0.0000    0.0000    0.0000    0.0000    0.0000    0.9965    0.0000    0.0000    0.0000   -0.0197
        8 FE1    *py        0.0000    0.0000    0.0000    0.0000    0.0000    0.0219    0.0000    0.0000    0.0000   -0.0041
        9 FE1    *py        0.0000    0.0000    0.0000    0.0000    0.0000   -0.0081    0.0000    0.0000    0.0000    0.0067
       10 FE1    *pz       -0.0000    0.0002   -0.0028    0.9931    0.0000    0.0000   -0.0010    0.0730   -0.1353    0.0000
       11 FE1    *pz       -0.0001    0.0004   -0.0005    0.0098    0.0000    0.0000    0.0191   -0.0553    0.0860    0.0000
       12 FE1    *pz        0.0000   -0.0001    0.0001   -0.0033    0.0000    0.0000   -0.0018    0.0280   -0.0151    0.0000
       13 FE1    3d2-       0.0000    0.0000    0.0000    0.0000    0.0000    0.0000    0.0000    0.0000    0.0000    0.0000
       14 FE1    *d2-       0.0000    0.0000    0.0000    0.0000    0.0000    0.0000    0.0000    0.0000    0.0000    0.0000
       15 FE1    3d1-       0.0000    0.0000    0.0000    0.0000    0.0000   -0.0036    0.0000    0.0000    0.0000    0.1103
       16 FE1    *d1-       0.0000    0.0000    0.0000    0.0000    0.0000   -0.0011    0.0000    0.0000    0.0000    0.0300
       17 FE1    3d0       -0.0000    0.0001    0.0149   -0.0027    0.0000    0.0000    0.0031   -0.0489    0.1035    0.0000
       18 FE1    *d0        0.0001    0.0007   -0.0018   -0.0044    0.0000    0.0000    0.0244   -0.0437    0.0451    0.0000
       19 FE1    3d1+       0.0000    0.0000    0.0000    0.0000   -0.0036    0.0000    0.0000    0.0000    0.0000    0.0000
       20 FE1    *d1+       0.0000    0.0000    0.0000    0.0000   -0.0011    0.0000    0.0000    0.0000    0.0000    0.0000
       21 FE1    3d2+      -0.0000   -0.0000   -0.0000    0.0000    0.0000    0.0000   -0.0000    0.0000   -0.0000    0.0000
       22 FE1    *d2+      -0.0000   -0.0000    0.0000   -0.0000    0.0000    0.0000   -0.0000    0.0000   -0.0000    0.0000
       23 C2     1s        -0.0000    0.9991   -0.0015   -0.0070    0.0000    0.0000   -0.1104    0.1701   -0.0962    0.0000
       24 C2     2s        -0.0001    0.0033    0.0029    0.0153    0.0000    0.0000    0.2290   -0.4189    0.1968    0.0000
       25 C2     *s        -0.0004    0.0008   -0.0003    0.0125    0.0000    0.0000    0.0433   -0.2267    0.3144    0.0000
       26 C2     2px        0.0000    0.0000    0.0000    0.0000    0.0064    0.0000    0.0000    0.0000    0.0000    0.0000
       27 C2     *px        0.0000    0.0000    0.0000    0.0000    0.0011    0.0000    0.0000    0.0000    0.0000    0.0000
       28 C2     2py        0.0000    0.0000    0.0000    0.0000    0.0000    0.0064    0.0000    0.0000    0.0000    0.3566
       29 C2     *py        0.0000    0.0000    0.0000    0.0000    0.0000    0.0011    0.0000    0.0000    0.0000    0.0887
       30 C2     2pz       -0.0001    0.0029   -0.0037   -0.0198    0.0000    0.0000    0.2232   -0.0031   -0.5658    0.0000
       31 C2     *pz       -0.0009   -0.0012    0.0006   -0.0081    0.0000    0.0000   -0.0450    0.0530    0.0390    0.0000
       32 O3     1s         0.9997   -0.0004    0.0000    0.0001    0.0000    0.0000   -0.2141   -0.1164   -0.0233    0.0000
       33 O3     2s        -0.0005    0.0008    0.0000    0.0004    0.0000    0.0000    0.4649    0.2599    0.0522    0.0000
       34 O3     *s         0.0027   -0.0009    0.0007    0.0029    0.0000    0.0000    0.3586    0.3581    0.1052    0.0000
       35 O3     2px        0.0000    0.0000    0.0000    0.0000   -0.0001    0.0000    0.0000    0.0000    0.0000    0.0000
       36 O3     *px        0.0000    0.0000    0.0000    0.0000   -0.0026    0.0000    0.0000    0.0000    0.0000    0.0000
       37 O3     2py        0.0000    0.0000    0.0000    0.0000    0.0000   -0.0001    0.0000    0.0000    0.0000    0.6071
       38 O3     *py        0.0000    0.0000    0.0000    0.0000    0.0000   -0.0026    0.0000    0.0000    0.0000    0.2763
       39 O3     2pz       -0.0018   -0.0009   -0.0002   -0.0009    0.0000    0.0000   -0.1907    0.4279    0.4247    0.0000
       40 O3     *pz        0.0004    0.0013   -0.0002    0.0020    0.0000    0.0000    0.0076    0.1281    0.1214    0.0000

          Orbital           11        12        13        14        15        16        17        18        19        20    
          Energy           -0.5633   -0.3019   -0.3019   -0.2782   -0.2782    0.0129    0.0402    0.0402    0.0801    0.1284
          Occ. No.          2.0000    2.0000    2.0000    2.0000    2.0000    0.0000    0.0000    0.0000    0.0000    0.0000

        1 FE1    4s         0.0000    0.0000    0.0000   -0.0000    0.0000    0.0220    0.0000    0.0000    0.0407    0.0000
        2 FE1    *s         0.0000    0.0000    0.0000   -0.0000    0.0000   -0.1827    0.0000    0.0000   -0.1346    0.0000
        3 FE1    *s         0.0000    0.0000    0.0000    0.0000    0.0000   -0.8096    0.0000    0.0000   -0.6472    0.0000
        4 FE1    *px       -0.0197   -0.0139    0.0000    0.0000    0.0000    0.0000    0.0000    0.0499    0.0000    0.1508
        5 FE1    *px       -0.0041    0.0441    0.0000    0.0000    0.0000    0.0000    0.0000   -0.0210    0.0000   -0.8315
        6 FE1    *px        0.0067   -0.0195    0.0000    0.0000    0.0000    0.0000    0.0000   -0.9812    0.0000    0.7427
        7 FE1    *py        0.0000    0.0000   -0.0139    0.0000    0.0000    0.0000   -0.0499    0.0000    0.0000    0.0000
        8 FE1    *py        0.0000    0.0000    0.0441    0.0000    0.0000    0.0000    0.0209    0.0000    0.0000    0.0000
        9 FE1    *py        0.0000    0.0000   -0.0195    0.0000    0.0000    0.0000    0.9812    0.0000    0.0000    0.0000
       10 FE1    *pz        0.0000    0.0000    0.0000   -0.0000    0.0000   -0.0809    0.0000    0.0000   -0.0598    0.0000
       11 FE1    *pz        0.0000    0.0000    0.0000   -0.0000    0.0000   -0.0518    0.0000    0.0000    0.2535    0.0000
       12 FE1    *pz        0.0000    0.0000    0.0000   -0.0000    0.0000    0.6306    0.0000    0.0000   -1.0386    0.0000
       13 FE1    3d2-       0.0000    0.0000    0.0000    0.0000    0.8289    0.0000    0.0000    0.0000    0.0000    0.0000
       14 FE1    *d2-       0.0000    0.0000    0.0000    0.0000    0.3671    0.0000    0.0000    0.0000    0.0000    0.0000
       15 FE1    3d1-       0.0000    0.0000    0.7443    0.0000    0.0000    0.0000   -0.0685    0.0000    0.0000    0.0000
       16 FE1    *d1-       0.0000    0.0000    0.3568    0.0000    0.0000    0.0000   -0.0288    0.0000    0.0000    0.0000
       17 FE1    3d0        0.0000    0.0000    0.0000   -0.0000    0.0000    0.0243    0.0000    0.0000    0.0904    0.0000
       18 FE1    *d0        0.0000    0.0000    0.0000   -0.0000    0.0000   -0.0410    0.0000    0.0000    0.0278    0.0000
       19 FE1    3d1+       0.1104    0.7444    0.0000    0.0000    0.0000    0.0000    0.0000    0.0684    0.0000    0.2612
       20 FE1    *d1+       0.0300    0.3568    0.0000    0.0000    0.0000    0.0000    0.0000    0.0288    0.0000    0.1243
       21 FE1    3d2+       0.0000    0.0000    0.0000    0.8289    0.0000    0.0000    0.0000    0.0000    0.0000    0.0000
       22 FE1    *d2+       0.0000    0.0000    0.0000    0.3671    0.0000    0.0000    0.0000    0.0000    0.0000    0.0000
       23 C2     1s         0.0000    0.0000    0.0000   -0.0000    0.0000   -0.0228    0.0000    0.0000   -0.0344    0.0000
       24 C2     2s         0.0000    0.0000    0.0000    0.0000    0.0000    0.0225    0.0000    0.0000    0.0392    0.0000
       25 C2     *s         0.0000    0.0000    0.0000    0.0000    0.0000    0.2443    0.0000    0.0000    0.4747    0.0000
       26 C2     2px        0.3566    0.1419    0.0000    0.0000    0.0000    0.0000    0.0000   -0.0758    0.0000   -0.3853
       27 C2     *px        0.0888    0.0657    0.0000    0.0000    0.0000    0.0000    0.0000    0.0047    0.0000   -0.3179
       28 C2     2py        0.0000    0.0000    0.1420    0.0000    0.0000    0.0000    0.0759    0.0000    0.0000    0.0000
       29 C2     *py        0.0000    0.0000    0.0658    0.0000    0.0000    0.0000   -0.0047    0.0000    0.0000    0.0000
       30 C2     2pz        0.0000    0.0000    0.0000   -0.0000    0.0000   -0.0506    0.0000    0.0000   -0.0832    0.0000
       31 C2     *pz        0.0000    0.0000    0.0000    0.0000    0.0000   -0.2636    0.0000    0.0000   -0.0119    0.0000
       32 O3     1s         0.0000    0.0000    0.0000    0.0000    0.0000    0.0042    0.0000    0.0000   -0.0178    0.0000
       33 O3     2s         0.0000    0.0000    0.0000    0.0000    0.0000   -0.0283    0.0000    0.0000    0.0412    0.0000
       34 O3     *s         0.0000    0.0000    0.0000   -0.0000    0.0000    0.0670    0.0000    0.0000    0.0785    0.0000
       35 O3     2px        0.6071   -0.2337    0.0000    0.0000    0.0000    0.0000    0.0000    0.1011    0.0000    0.2529
       36 O3     *px        0.2763   -0.1622    0.0000    0.0000    0.0000    0.0000    0.0000    0.0886    0.0000    0.2503
       37 O3     2py        0.0000    0.0000   -0.2338    0.0000    0.0000    0.0000   -0.1011    0.0000    0.0000    0.0000
       38 O3     *py        0.0000    0.0000   -0.1623    0.0000    0.0000    0.0000   -0.0886    0.0000    0.0000    0.0000
       39 O3     2pz        0.0000    0.0000    0.0000    0.0000    0.0000    0.0182    0.0000    0.0000    0.0306    0.0000
       40 O3     *pz        0.0000    0.0000    0.0000    0.0000    0.0000   -0.0090    0.0000    0.0000    0.1318    0.0000

          Orbital           21        22        23        24        25        26    
          Energy            0.1284    0.1668    0.2461    0.2461    0.2831    0.4186
          Occ. No.          0.0000    0.0000    0.0000    0.0000    0.0000    0.0000

        1 FE1    4s         0.0000    0.0092    0.0000    0.0000   -0.0859   -0.0375
        2 FE1    *s         0.0000    0.2610    0.0000    0.0000   -0.5991   -0.3450
        3 FE1    *s         0.0000   -0.9609    0.0000    0.0000    0.8900   -0.3892
        4 FE1    *px        0.0000    0.0000   -0.1096    0.0000    0.0000    0.0000
        5 FE1    *px        0.0000    0.0000    1.2945    0.0000    0.0000    0.0000
        6 FE1    *px        0.0000    0.0000   -0.4687    0.0000    0.0000    0.0000
        7 FE1    *py        0.1507    0.0000    0.0000    0.1097    0.0000    0.0000
        8 FE1    *py       -0.8309    0.0000    0.0000   -1.2949    0.0000    0.0000
        9 FE1    *py        0.7425    0.0000    0.0000    0.4689    0.0000    0.0000
       10 FE1    *pz        0.0000    0.1024    0.0000    0.0000    0.0732    0.0313
       11 FE1    *pz        0.0000   -1.6550    0.0000    0.0000    0.1557   -1.1124
       12 FE1    *pz        0.0000    0.6679    0.0000    0.0000    0.0427    0.0443
       13 FE1    3d2-       0.0000    0.0000    0.0000    0.0000    0.0000    0.0000
       14 FE1    *d2-       0.0000    0.0000    0.0000    0.0000    0.0000    0.0000
       15 FE1    3d1-       0.2614    0.0000    0.0000   -0.2777    0.0000    0.0000
       16 FE1    *d1-       0.1244    0.0000    0.0000   -0.1308    0.0000    0.0000
       17 FE1    3d0        0.0000    0.1803    0.0000    0.0000    0.4289   -0.4549
       18 FE1    *d0        0.0000    0.0560    0.0000    0.0000    0.4432   -0.4855
       19 FE1    3d1+       0.0000    0.0000    0.2777    0.0000    0.0000    0.0000
       20 FE1    *d1+       0.0000    0.0000    0.1308    0.0000    0.0000    0.0000
       21 FE1    3d2+       0.0000    0.0000    0.0000    0.0000    0.0000   -0.0000
       22 FE1    *d2+       0.0000   -0.0000    0.0000    0.0000    0.0000    0.0000
       23 C2     1s         0.0000   -0.0255    0.0000    0.0000   -0.0107   -0.0749
       24 C2     2s         0.0000   -0.0514    0.0000    0.0000    0.0595   -0.0143
       25 C2     *s         0.0000    0.9549    0.0000    0.0000   -0.2730    2.5495
       26 C2     2px        0.0000    0.0000   -0.4131    0.0000    0.0000    0.0000
       27 C2     *px        0.0000    0.0000   -0.8747    0.0000    0.0000    0.0000
       28 C2     2py       -0.3854    0.0000    0.0000    0.4129    0.0000    0.0000
       29 C2     *py       -0.3184    0.0000    0.0000    0.8746    0.0000    0.0000
       30 C2     2pz        0.0000   -0.0338    0.0000    0.0000   -0.0366    0.0859
       31 C2     *pz        0.0000   -0.4440    0.0000    0.0000    0.7545    0.8783
       32 O3     1s         0.0000   -0.0146    0.0000    0.0000    0.0316    0.0897
       33 O3     2s         0.0000    0.0243    0.0000    0.0000   -0.0313   -0.1181
       34 O3     *s         0.0000    0.1457    0.0000    0.0000   -0.4552   -1.3246
       35 O3     2px        0.0000    0.0000    0.2683    0.0000    0.0000    0.0000
       36 O3     *px        0.0000    0.0000    0.3945    0.0000    0.0000    0.0000
       37 O3     2py        0.2530    0.0000    0.0000   -0.2681    0.0000    0.0000
       38 O3     *py        0.2504    0.0000    0.0000   -0.3944    0.0000    0.0000
       39 O3     2pz        0.0000   -0.0396    0.0000    0.0000   -0.0091    0.1366
       40 O3     *pz        0.0000    0.0313    0.0000    0.0000   -0.0111    0.6106
--


++    Molecular charges:
      ------------------

      Mulliken charges per centre and basis function type
      ---------------------------------------------------

                FE1     C2      O3    
      1s       0.0000  1.9997  2.0001
      2s       0.0000  0.9051  0.9591
      2px      0.0000  0.5005  1.1219
      2pz      0.0000  1.0043  1.1331
      2py      0.0000  0.5006  1.1220
      4s       2.0089  0.0000  0.0000
      3d2+     1.5523  0.0000  0.0000
      3d1+     1.3045  0.0000  0.0000
      3d0      0.0478  0.0000  0.0000
      3d1-     1.3043  0.0000  0.0000
      3d2-     1.5523  0.0000  0.0000
      *s       0.1513  0.5728  0.8706
      *px      2.0051  0.1272  0.4764
      *pz      2.0894 -0.0158  0.2087
      *py      2.0051  0.1273  0.4765
      *d2+     0.4477  0.0000  0.0000
      *d1+     0.4643  0.0000  0.0000
      *d0      0.0650  0.0000  0.0000
      *d1-     0.4643  0.0000  0.0000
      *d2-     0.4477  0.0000  0.0000
      Total   15.9099  5.7217  8.3684

      N-E      0.0901  0.2783 -0.3684

      Total electronic charge=   30.000000

      Total            charge=   -0.000000
--


++    Molecular properties:
      ---------------------

      Charge (e):
                      =   -0.0000
      Dipole Moment (Debye):
      Origin of the operator (Ang)=    0.0000    0.0000    0.0000
                   X=  0.0000E+00               Y=  0.0000E+00               Z= -5.1833E+00           Total=  5.1833E+00
      Quadrupole Moment (Debye*Ang):
      Origin of the operator (Ang)=    0.0000    0.0000    0.8124
                  XX= -2.2941E+01              XY= -1.4777E-33              XZ=  9.6356E-17              YY= -2.2941E+01
                  YZ=  9.6347E-17              ZZ= -2.7244E+01
      In traceless form (Debye*Ang)
                  XX=  2.1513E+00              XY= -2.2165E-33              XZ=  1.4453E-16              YY=  2.1513E+00
                  YZ=  1.4452E-16              ZZ= -4.3026E+00
--


      Input file to MOLDEN was generated!

 ###############################################################################
 ###############################################################################
 ###                                                                         ###
 ###                                                                         ###
 ###    WARNING: RunFile label nBas                                          ###
 ###    was used       74 times                                              ###
 ###                                                                         ###
 ###                                                                         ###
 ###############################################################################
 ###############################################################################
--- Stop Module: scf at Thu Oct  9 14:59:34 2025 /rc=_RC_ALL_IS_WELL_ ---
*** files: autocas_project.scf.molden autocas_project.ScfOrb autocas_project.scf.h5 xmldump
    saved to directory /public/home/xzzeng/work/HQC/Fe-CO/autoCAS/autocas_project/initial

.##################.
.# Happy landing! #.
.##################.

    Timing: Wall=0.96 User=0.75 System=0.08
