   This run of MOLCAS is using the pymolcas driver

                             OPE
                             OPE          NMOL  CASOP  ENMOLC A   SO
                 OPE        NMOLC        AS  OP EN  MO LC     AS  OP
                OPENM       OL CA        SO  PE NM  OL CA     SOP EN
                OP EN      MO   LC       AS  OP ENMOL  CASO   PENMOL
                OP  EN     MO   LC       AS  OP EN     MO     LC ASO
               OP   E  NMOL  C  AS       OP  EN MO     LC     AS  OP
               OP  E   NMO   LC AS        OPEN  MO     LCASOP EN   M
               O  PEN   MO  LCA  SO
            OPE   NMO   L   CAS    OP
        OPENMOL  CASOP     ENMOL   CASOPE
     OPENMOLCA   SOPENMOLCASOPEN   MOLCASOPE
    OPENMOLCAS   OP           EN   MOL    CAS
    OPENMOLCAS       OP  ENM        O     LCA
    OPENMOLCAS    OPEN  MOLCASO     P  E  NMO
    OPENMOLCAS     OP               E  N  MOL
    OPENMOLCA   SO           PENM   O  L  CAS    OPEN    MO    LCAS
    OPENMOLCA   SOP           ENM   O  L  CAS   OP  EN  MOLC  AS   O
    OPENMOLCA   SOPE           NM      O  LCA   S      OP  EN MO
    OPENMOLC                AS         O  PEN   M      OL  CA  SOPE
    OPENMO        LCASOPE  NMOL        C  ASO   P      ENMOLC     AS
    OPE     NMO      LCA  SO     P     E   NM   OL  CA SO  PE N   MO
          OPENMOLCA            SOPE   NMO        LCAS  O    P  ENMO
     OPENMOLCASOPENMOLCASOPENMOLCASOPENMOLCA
        OPENMOLCASOPENMOLCASOPENMOLCASOPE
            OPENMOLCASOPENMOLCASOPENM
               OPENMOLCASOPENMOLCA        version: o822a959167d23c ?
                   OPENMOLCASO
                       OPE                tag:

 OpenMolcas is free software; you can redistribute it and/or modify it
 under the terms of the GNU Lesser General Public License version 2.1.
 OpenMolcas is distributed in the hope that it will be useful, but it
 is provided "as is" and without any express or implied warranties.
 For more details see the full text of the license in the file
 LICENSE or in <http://www.gnu.org/licenses/>.

                 Copyright (C) The OpenMolcas Authors
           For the author list and the recommended citation,
                   consult the file CONTRIBUTORS.md

           *************************************************
           * pymolcas version py2.28                       *
           *   build c4a6d18ded8cb6cad61d2372a9abd97c      *
           *   (after the EMIL interpreter by V. Veryazov) *
           *************************************************

configuration info
------------------
Host name: mgt (Linux)
C Compiler ID: GNU
C flags: -std=gnu99
Fortran Compiler ID: GNU
Fortran flags: -fno-aggressive-loop-optimizations -cpp -fdefault-integer-8 -fmax-stack-var-size=1048576
Definitions: _MOLCAS_;_I8_;_LINUX_
Parallel: OFF (GA=OFF)


   ---------------------------------------------------------------------------------------
  |
  |           Project: autocas_project
  |    Submitted from: /public/home/xzzeng/work/HQC/Ethene/autoCAS/autocas_project/initial
  |      Scratch area: /public/home/xzzeng/work/HQC/Ethene/autoCAS/molcas_scratch
  |   Save outputs to: /public/home/xzzeng/work/HQC/Ethene/autoCAS/autocas_project/initial
  |            Molcas: /public/home/xzzeng/soft/OpenMolcas/build
  |
  | Scratch area is empty
  |
  |    MOLCAS_DRIVER = /public/home/xzzeng/soft/OpenMolcas/build/pymolcas
  |    MOLCAS_NPROCS = 1
  |    MOLCAS_SOURCE = /public/home/xzzeng/soft/OpenMolcas
  | MOLCAS_STRUCTURE = 0
  |
   ---------------------------------------------------------------------------------------

++ ---------   Input file   ---------

&GATEWAY
  COORD = /public/home/xzzeng/work/HQC/Ethene/autoCAS/c2h4.xyz
  BASIS = def2-svp
  GROUP = C1

&SEWARD
  CHOLesky

&SCF
  SPIN   = 1
  CHARGE = 0
  CHOLesky

-- ----------------------------------

--- Start Module: gateway at Thu Oct  9 13:06:22 2025 ---

()()()()()()()()()()()()()()()()()()()()()()()()()()()()()()()()()()()()()()()()()()()()()()()()()()

                                              &GATEWAY

                                   only a single process is used
                       available to each process: 12 GB of memory, 1 thread?
                                             pid: 57243
()()()()()()()()()()()()()()()()()()()()()()()()()()()()()()()()()()()()()()()()()()()()()()()()()()


++    Symmetry information:
      ---------------------

                    Character Table for C1 

                             E  
                    a        1  x, y, xy, Rz, z, xz, Ry, yz, Rx, I
--


++    Basis set information:
      ----------------------


      Basis set label: C.DEF2-SVP.........

      Electronic valence basis set:
      ------------------
      Associated Effective Charge   6.000000 au
      Associated Actual Charge      6.000000 au
      Nuclear Model: Point charge

      Shell  nPrim  nBasis  Cartesian Spherical Contaminant
         s       7       3        X                  
         p       4       2        X                  
         d       1       1                 X         


      Basis set label: H.DEF2-SVP.........

      Electronic valence basis set:
      ------------------
      Associated Effective Charge   1.000000 au
      Associated Actual Charge      1.000000 au
      Nuclear Model: Point charge

      Shell  nPrim  nBasis  Cartesian Spherical Contaminant
         s       4       2        X                  
         p       1       1        X                  
--


++    Molecular structure info:
      -------------------------

                    ************************************************ 
                    **** Cartesian Coordinates / Bohr, Angstrom **** 
                    ************************************************ 

     Center  Label                x              y              z                     x              y              z
        1      C1               0.000000       0.000000       1.265172              0.000000       0.000000       0.669500
        2      C2               0.000000       0.000000      -1.265172              0.000000       0.000000      -0.669500
        3      H3               0.000000       1.745351       2.328332              0.000000       0.923600       1.232100
        4      H4               0.000000      -1.745351       2.328332              0.000000      -0.923600       1.232100
        5      H5               0.000000       1.745351      -2.328332              0.000000       0.923600      -1.232100
        6      H6               0.000000      -1.745351      -2.328332              0.000000      -0.923600      -1.232100

                    *************************************** 
                    *    InterNuclear Distances / Bohr    * 
                    *************************************** 

               1 C1            2 C2            3 H3            4 H4            5 H5            6 H6    
    1 C1       0.000000
    2 C2       2.530343        0.000000
    3 H3       2.043663        3.994936        0.000000
    4 H4       2.043663        3.994936        3.490702        0.000000
    5 H5       3.994936        2.043663        4.656663        5.819752        0.000000
    6 H6       3.994936        2.043663        5.819752        4.656663        3.490702        0.000000

                    ******************************************* 
                    *    InterNuclear Distances / Angstrom    * 
                    ******************************************* 

               1 C1            2 C2            3 H3            4 H4            5 H5            6 H6    
    1 C1       0.000000
    2 C2       1.339000        0.000000
    3 H3       1.081460        2.114029        0.000000
    4 H4       1.081460        2.114029        1.847200        0.000000
    5 H5       2.114029        1.081460        2.464200        3.079680        0.000000
    6 H6       2.114029        1.081460        3.079680        2.464200        1.847200        0.000000

                    ************************************** 
                    *    Valence Bond Angles / Degree    * 
                    ************************************** 
                          Atom centers                 Phi
                      2 C2       1 C1       3 H3       121.35
                      2 C2       1 C1       4 H4       121.35
                      3 H3       1 C1       4 H4       117.31
                      1 C1       2 C2       5 H5       121.35
                      1 C1       2 C2       6 H6       121.35
                      5 H5       2 C2       6 H6       117.31

           ***************************************************************
           *              Valence Dihedral Angles / Degree               *
           ***************************************************************
                    Atom centers                       Phi1     Phi2     Theta 
           3 H3       1 C1       2 C2       5 H5        121.35   121.35     0.00
           3 H3       1 C1       2 C2       6 H6        121.35   121.35  -180.00
           4 H4       1 C1       2 C2       5 H5        121.35   121.35  -180.00
           4 H4       1 C1       2 C2       6 H6        121.35   121.35    -0.00
--


            Nuclear Potential Energy             33.32464186 au

--- Stop Module: gateway at Thu Oct  9 13:06:22 2025 /rc=_RC_ALL_IS_WELL_ ---
*** files: xmldump
    saved to directory /public/home/xzzeng/work/HQC/Ethene/autoCAS/autocas_project/initial

--- Start Module: seward at Thu Oct  9 13:06:22 2025 ---

()()()()()()()()()()()()()()()()()()()()()()()()()()()()()()()()()()()()()()()()()()()()()()()()()()

                                              &SEWARD

                                   only a single process is used
                       available to each process: 12 GB of memory, 1 thread?
                                             pid: 57274
()()()()()()()()()()()()()()()()()()()()()()()()()()()()()()()()()()()()()()()()()()()()()()()()()()

               SEWARD will generate:
                  Multipole Moment integrals up to order  2
                  Kinetic Energy integrals
                  Nuclear Attraction integrals (point charge)
                  One-Electron Hamiltonian integrals
                  Velocity integrals
                  Orbital angular momentum around ( 0.0000  0.0000  0.0000 )
                  Velocity quadrupole around ( 0.0000  0.0000  0.0000 )
                  Cholesky decomposed two-electron repulsion integrals
                   - CD Threshold:   0.10E-03

                   Integrals are discarded if absolute value <: 1.00E-40
                   Integral cutoff threshold is set to       <: 1.00E-40

            Nuclear Potential Energy             33.32464186 au


      Basis set specifications :
      Symmetry species         a  
      Basis functions           48


      Input file to MOLDEN was generated!

--- Stop Module: seward at Thu Oct  9 13:06:23 2025 /rc=_RC_ALL_IS_WELL_ ---
*** files: autocas_project.GssOrb autocas_project.guessorb.h5 autocas_project.guessorb.molden xmldump
    saved to directory /public/home/xzzeng/work/HQC/Ethene/autoCAS/autocas_project/initial

*** symbolic link created: INPORB -> autocas_project.GssOrb
--- Start Module: scf at Thu Oct  9 13:06:23 2025 ---

()()()()()()()()()()()()()()()()()()()()()()()()()()()()()()()()()()()()()()()()()()()()()()()()()()

                                                &SCF

                                   only a single process is used
                       available to each process: 12 GB of memory, 1 thread?
                                             pid: 57278
()()()()()()()()()()()()()()()()()()()()()()()()()()()()()()()()()()()()()()()()()()()()()()()()()()

++    Input section:
      --------------

      Header of the integral files:
      
       Integrals generated by Gateway/Seward, Thu Oct  9 13:06:23 2025


      Cartesian coordinates in Angstrom:
      -----------------------------------------------------
      No.  Label        X            Y            Z        
      -----------------------------------------------------
       1   C1         0.00000000   0.00000000   0.66950000
       2   C2         0.00000000   0.00000000  -0.66950000
       3   H3         0.00000000   0.92360000   1.23210000
       4   H4         0.00000000  -0.92360000   1.23210000
       5   H5         0.00000000   0.92360000  -1.23210000
       6   H6         0.00000000  -0.92360000  -1.23210000
      -----------------------------------------------------
      Nuclear repulsion energy =   33.32464186
--

++    Orbital specifications:
      -----------------------

      Symmetry species               1
                                     a
      Frozen orbitals                0
      Occupied orbitals              8
      Secondary orbitals            40
      Deleted orbitals               0
      Total number of orbitals      48
      Number of basis functions     48
--

      Molecular charge                           0.000

++    Optimization specifications:
      ----------------------------

      SCF Algorithm: LK-Cholesky
      LK screening threshold:                     4.50E-02
      Local-Exchange (LK) algorithm.
       - the density matrix is decomposed
      The actual AO density is used
      Number of density matrices in core                 5
      Maximum number of NDDO SCF iterations            400
      Maximum number of HF SCF iterations              400
      Threshold for SCF energy change             1.00E-09
      Threshold for density matrix                1.00E-04
      Threshold for Fock matrix                   1.50E-04
      Threshold for linear dependence             1.00E-09
      Threshold at which DIIS is turned on        1.50E-01
      Maximum depth in the DIIS procedure                5
      Maximum depth in the BFGS Hessian update          30
      Threshold at which QNR/C2DIIS is turned on  7.50E-02
      Threshold for Norm(delta) (QNR/C2DIIS)      1.00E-03
      All orbitals punched on: SCFORB
--

      Input vectors read from INPORB
      Orbital file label: *Guess orbitals


++ Convergence information
                                   SCF        iterations: Energy and convergence statistics

Iter     Tot. SCF        One-elec.       Two-elec.     Energy      Max Dij or  Max Fij      DNorm      TNorm      AccCon     Time
         Energy          Energy          Energy        Change      Delta Norm                                                in Sec.
   1   -77.814767163  -167.780095825    56.640686799   0.00E+00    1.78E-01*   1.32E-01*    4.11E+00   5.34E+01   None         0.
   2   -77.963739903  -170.404977803    59.116596038  -1.49E-01*   1.17E-01*   6.28E-02*    4.22E+00   5.45E+01   EDIIS        0.
   3   -77.975837411  -169.579273416    58.278794142  -1.21E-02*   1.80E-02*   1.30E-02*    4.20E+00   5.41E+01   c2DIIS       0.
   4   -77.977289975  -169.865009560    58.563077723  -1.45E-03*   7.20E-03*   6.84E-03*    4.22E+00   5.43E+01   QNRc2DIIS    0.
   5   -77.977417923  -169.811142667    58.509082881  -1.28E-04*   3.11E-03*   1.43E-03*    4.22E+00   5.42E+01   QNRc2DIIS    0.
   6   -77.977435087  -169.828078909    58.526001959  -1.72E-05*   1.65E-04    1.13E-04     4.23E+00   5.42E+01   QNRc2DIIS    0.
   7   -77.977435186  -169.827848620    58.525771571  -9.91E-08*   6.36E-05    2.89E-05     4.23E+00   5.42E+01   QNRc2DIIS    0.
   8   -77.977435194  -169.827824073    58.525747016  -7.93E-09*   5.72E-06    1.93E-06     4.23E+00   5.42E+01   QNRc2DIIS    0.
   9   -77.977435194  -169.827829324    58.525752268  -1.95E-10    7.39E-07    4.03E-07     4.23E+00   5.42E+01   QNRc2DIIS    0.

       Convergence after   9 Macro Iterations
--

 *****************************************************************************************************************************
 *                                                                                                                           *
 *                                             SCF/KS-DFT Program, Final results                                             *
 *                                                                                                                           *
 *                                                                                                                           *
 *                                                                                                                           *
 *                                                       Final Results                                                       *
 *                                                                                                                           *
 *****************************************************************************************************************************

::    Total SCF energy                                -77.9774351938
      One-electron energy                            -169.8278293245
      Two-electron energy                              58.5257522677
      Nuclear repulsion energy                         33.3246418630
      Kinetic energy (interpolated)                    77.4763538474
      Virial theorem                                    1.0064675391
      Total spin, S(S+1)                                0.0000000000
      Total spin, S                                     0.0000000000
      Max non-diagonal density matrix element           0.0000010143
      Max non-diagonal Fock matrix element              0.0000000742


      All orbitals with orbital energies smaller than  E(LUMO)+0.5 are printed

++    Molecular orbitals:
      -------------------

      Title: SCF orbitals

      Molecular orbitals for symmetry species 1: a  

          Orbital            1         2         3         4         5         6         7         8         9        10    
          Energy          -11.2365  -11.2350   -1.0199   -0.7841   -0.6425   -0.5867   -0.5081   -0.3753    0.1638    0.2059
          Occ. No.          2.0000    2.0000    2.0000    2.0000    2.0000    2.0000    2.0000    2.0000    0.0000    0.0000

        1 C1     1s         0.7022   -0.6990   -0.1999    0.1527    0.0000    0.0135   -0.0000   -0.0000   -0.0000    0.0730
        2 C1     2s         0.0232   -0.0273    0.3795   -0.3031   -0.0000   -0.0367   -0.0000    0.0000   -0.0000   -0.1177
        3 C1     *s        -0.0115    0.0233    0.1185   -0.1112    0.0000    0.0228    0.0000    0.0000    0.0000   -1.6030
        4 C1     2px       -0.0000    0.0000    0.0000    0.0000   -0.0000   -0.0000   -0.0000    0.3835   -0.3457   -0.0000
        5 C1     *px        0.0000    0.0000    0.0000    0.0000   -0.0000   -0.0000   -0.0000    0.2978   -0.7537   -0.0000
        6 C1     2py        0.0000   -0.0000    0.0000   -0.0000    0.3138   -0.0000   -0.2993   -0.0000    0.0000   -0.0000
        7 C1     *py       -0.0000    0.0000   -0.0000   -0.0000    0.1199    0.0000   -0.1291   -0.0000    0.0000   -0.0007
        8 C1     2pz        0.0013    0.0006   -0.1169   -0.1598    0.0000    0.4072   -0.0000    0.0000    0.0000   -0.1297
        9 C1     *pz       -0.0006   -0.0019   -0.0215   -0.0649    0.0000    0.1447    0.0000    0.0000    0.0000   -0.5620
       10 C1     *d2-       0.0000    0.0000   -0.0000    0.0000    0.0000   -0.0000    0.0000    0.0000    0.0000    0.0000
       11 C1     *d1-      -0.0000    0.0000   -0.0000   -0.0000    0.0034    0.0000   -0.0290   -0.0000   -0.0000   -0.0000
       12 C1     *d0        0.0004   -0.0009    0.0171    0.0071   -0.0000   -0.0165    0.0000   -0.0000   -0.0000   -0.0053
       13 C1     *d1+      -0.0000   -0.0000   -0.0000   -0.0000    0.0000    0.0000    0.0000   -0.0278   -0.0216   -0.0000
       14 C1     *d2+      -0.0007    0.0014   -0.0015    0.0095   -0.0000   -0.0116   -0.0000   -0.0000    0.0000    0.0008
       15 C2     1s         0.6991    0.7021   -0.1999   -0.1527    0.0000    0.0135   -0.0000    0.0000   -0.0000    0.0730
       16 C2     2s         0.0231    0.0275    0.3795    0.3031    0.0000   -0.0367   -0.0000   -0.0000    0.0000   -0.1177
       17 C2     *s        -0.0114   -0.0234    0.1184    0.1112   -0.0000    0.0230    0.0000   -0.0000    0.0000   -1.6031
       18 C2     2px        0.0000    0.0000    0.0000    0.0000   -0.0000   -0.0000   -0.0000    0.3835    0.3457    0.0000
       19 C2     *px       -0.0000    0.0000    0.0000    0.0000   -0.0000   -0.0000   -0.0000    0.2979    0.7537    0.0000
       20 C2     2py       -0.0000   -0.0000    0.0000    0.0000    0.3137   -0.0000    0.2993    0.0000   -0.0000    0.0001
       21 C2     *py        0.0000    0.0000   -0.0000   -0.0000    0.1198    0.0000    0.1291    0.0000   -0.0000    0.0009
       22 C2     2pz       -0.0013    0.0006    0.1169   -0.1598   -0.0000   -0.4072    0.0000   -0.0000   -0.0000    0.1297
       23 C2     *pz        0.0006   -0.0019    0.0215   -0.0649    0.0000   -0.1447   -0.0000    0.0000   -0.0000    0.5618
       24 C2     *d2-      -0.0000    0.0000   -0.0000   -0.0000    0.0000   -0.0000    0.0000    0.0000   -0.0000    0.0000
       25 C2     *d1-      -0.0000   -0.0000    0.0000    0.0000   -0.0034   -0.0000   -0.0290   -0.0000    0.0000   -0.0000
       26 C2     *d0        0.0004    0.0009    0.0171   -0.0071   -0.0000   -0.0165    0.0000   -0.0000   -0.0000   -0.0053
       27 C2     *d1+       0.0000    0.0000    0.0000    0.0000   -0.0000   -0.0000    0.0000    0.0278   -0.0217   -0.0000
       28 C2     *d2+      -0.0007   -0.0014   -0.0015   -0.0095    0.0000   -0.0116   -0.0000    0.0000    0.0000    0.0008
       29 H3     1s        -0.0015    0.0019    0.1089   -0.1955    0.2090    0.1692   -0.2599    0.0000   -0.0000    0.0031
       30 H3     *s         0.0034   -0.0042    0.0098   -0.0384    0.0568    0.0578   -0.1200    0.0000   -0.0000    1.1257
       31 H3     *px       -0.0000    0.0000    0.0000    0.0000    0.0000   -0.0000   -0.0000    0.0106   -0.0176   -0.0000
       32 H3     *py        0.0007   -0.0010   -0.0137    0.0178   -0.0096   -0.0117    0.0088   -0.0000   -0.0000   -0.0019
       33 H3     *pz        0.0001   -0.0008   -0.0096    0.0073   -0.0096    0.0014    0.0092   -0.0000    0.0000   -0.0050
       34 H4     1s        -0.0015    0.0019    0.1089   -0.1955   -0.2090    0.1692    0.2599    0.0000   -0.0000    0.0031
       35 H4     *s         0.0034   -0.0042    0.0098   -0.0384   -0.0568    0.0579    0.1200    0.0000   -0.0000    1.1246
       36 H4     *px       -0.0000    0.0000    0.0000    0.0000   -0.0000   -0.0000    0.0000    0.0106   -0.0176   -0.0000
       37 H4     *py       -0.0007    0.0010    0.0137   -0.0178   -0.0096    0.0117    0.0088    0.0000    0.0000    0.0019
       38 H4     *pz        0.0001   -0.0008   -0.0096    0.0073    0.0096    0.0014   -0.0092   -0.0000    0.0000   -0.0050
       39 H5     1s        -0.0015   -0.0019    0.1090    0.1954    0.2090    0.1692    0.2599   -0.0000   -0.0000    0.0031
       40 H5     *s         0.0034    0.0043    0.0098    0.0384    0.0568    0.0578    0.1201   -0.0000   -0.0000    1.1241
       41 H5     *px        0.0000    0.0000    0.0000    0.0000    0.0000   -0.0000    0.0000    0.0106    0.0176    0.0000
       42 H5     *py        0.0007    0.0010   -0.0137   -0.0178   -0.0096   -0.0117   -0.0088    0.0000    0.0000   -0.0019
       43 H5     *pz       -0.0001   -0.0008    0.0096    0.0073    0.0096   -0.0014    0.0092   -0.0000   -0.0000    0.0050
       44 H6     1s        -0.0015   -0.0019    0.1090    0.1954   -0.2090    0.1692   -0.2599   -0.0000   -0.0000    0.0031
       45 H6     *s         0.0034    0.0043    0.0098    0.0384   -0.0568    0.0578   -0.1201   -0.0000   -0.0000    1.1260
       46 H6     *px        0.0000    0.0000    0.0000    0.0000   -0.0000   -0.0000   -0.0000    0.0106    0.0176    0.0000
       47 H6     *py       -0.0007   -0.0010    0.0137    0.0178   -0.0096    0.0117   -0.0088   -0.0000   -0.0000    0.0019
       48 H6     *pz       -0.0001   -0.0008    0.0096    0.0073   -0.0096   -0.0014   -0.0092   -0.0000   -0.0000    0.0050

          Orbital           11        12        13        14        15        16        17    
          Energy            0.2329    0.2411    0.3036    0.4820    0.5691    0.6132    0.6201
          Occ. No.          0.0000    0.0000    0.0000    0.0000    0.0000    0.0000    0.0000

        1 C1     1s        -0.0004   -0.0928   -0.0000    0.0576   -0.0903   -0.0832    0.0000
        2 C1     2s         0.0005    0.1188    0.0001   -0.0809    0.7750    0.7003   -0.0001
        3 C1     *s         0.0112    2.2871    0.0004   -5.1152   -0.6438   -1.8466    0.0005
        4 C1     2px        0.0000   -0.0000   -0.0000    0.0000    0.0000   -0.0000    0.0000
        5 C1     *px        0.0000   -0.0000   -0.0000    0.0000    0.0000    0.0000   -0.0000
        6 C1     2py        0.2175   -0.0011   -0.1928   -0.0000    0.0000    0.0000   -0.0693
        7 C1     *py        0.7675   -0.0036   -1.6077    0.0000    0.0000   -0.0001    0.5608
        8 C1     2pz        0.0004    0.0833    0.0001    0.1547   -0.3867    0.1230   -0.0000
        9 C1     *pz        0.0013    0.1987    0.0002    3.4940    0.7746   -0.7558   -0.0002
       10 C1     *d2-      -0.0000    0.0000    0.0000   -0.0000    0.0000   -0.0000   -0.0000
       11 C1     *d1-      -0.0109    0.0001   -0.0205    0.0000    0.0000    0.0000   -0.1013
       12 C1     *d0       -0.0000   -0.0041    0.0000    0.0173    0.0491    0.0003   -0.0000
       13 C1     *d1+      -0.0000   -0.0000   -0.0000   -0.0000   -0.0000   -0.0000    0.0000
       14 C1     *d2+      -0.0000   -0.0080    0.0000    0.0156   -0.0061   -0.0660   -0.0000
       15 C2     1s         0.0004    0.0928   -0.0000   -0.0576   -0.0903   -0.0832   -0.0000
       16 C2     2s        -0.0005   -0.1189    0.0001    0.0810    0.7750    0.7003    0.0001
       17 C2     *s        -0.0107   -2.2871    0.0005    5.1149   -0.6445   -1.8467   -0.0005
       18 C2     2px       -0.0000   -0.0000    0.0000    0.0000    0.0000    0.0000    0.0000
       19 C2     *px        0.0000    0.0000    0.0000   -0.0000   -0.0000   -0.0000   -0.0000
       20 C2     2py        0.2175   -0.0011    0.1929   -0.0000   -0.0000   -0.0000   -0.0693
       21 C2     *py        0.7670   -0.0035    1.6079    0.0000    0.0000    0.0001    0.5607
       22 C2     2pz        0.0004    0.0833   -0.0001    0.1547    0.3867   -0.1230   -0.0000
       23 C2     *pz        0.0011    0.1988   -0.0002    3.4940   -0.7749    0.7558   -0.0002
       24 C2     *d2-       0.0000   -0.0000    0.0000   -0.0000    0.0000    0.0000    0.0000
       25 C2     *d1-       0.0109   -0.0001   -0.0205   -0.0000   -0.0000   -0.0000    0.1013
       26 C2     *d0        0.0000    0.0041    0.0000   -0.0173    0.0491    0.0003    0.0000
       27 C2     *d1+       0.0000    0.0000   -0.0000    0.0000   -0.0000   -0.0000   -0.0000
       28 C2     *d2+       0.0000    0.0080    0.0000   -0.0156   -0.0061   -0.0660    0.0000
       29 H3     1s        -0.0250   -0.0001   -0.0264   -0.1136   -0.0628    0.4607   -0.5630
       30 H3     *s        -1.1781   -1.2659    1.6604   -0.2437    0.1823    0.4471    0.1148
       31 H3     *px        0.0000    0.0000    0.0000   -0.0000   -0.0000   -0.0000    0.0000
       32 H3     *py        0.0055    0.0060   -0.0094   -0.0068   -0.0026    0.0104    0.0020
       33 H3     *pz        0.0027   -0.0002   -0.0135    0.0047    0.0315   -0.0137   -0.0540
       34 H4     1s         0.0250   -0.0003    0.0264   -0.1135   -0.0628    0.4607    0.5630
       35 H4     *s         1.1654   -1.2771   -1.6611   -0.2438    0.1823    0.4471   -0.1148
       36 H4     *px       -0.0000    0.0000   -0.0000   -0.0000   -0.0000   -0.0000   -0.0000
       37 H4     *py        0.0054   -0.0060   -0.0093    0.0068    0.0026   -0.0104    0.0020
       38 H4     *pz       -0.0027   -0.0002    0.0135    0.0047    0.0315   -0.0137    0.0540
       39 H5     1s        -0.0250    0.0003    0.0264    0.1135   -0.0628    0.4606   -0.5630
       40 H5     *s        -1.1653    1.2770   -1.6614    0.2439    0.1824    0.4472    0.1148
       41 H5     *px       -0.0000    0.0000    0.0000   -0.0000    0.0000    0.0000   -0.0000
       42 H5     *py        0.0054   -0.0060    0.0093    0.0068   -0.0026    0.0104    0.0020
       43 H5     *pz       -0.0027   -0.0002   -0.0135    0.0047   -0.0314    0.0137    0.0540
       44 H6     1s         0.0250    0.0001   -0.0264    0.1136   -0.0628    0.4606    0.5630
       45 H6     *s         1.1774    1.2660    1.6606    0.2439    0.1824    0.4471   -0.1148
       46 H6     *px        0.0000    0.0000   -0.0000   -0.0000    0.0000    0.0000    0.0000
       47 H6     *py        0.0055    0.0060    0.0094   -0.0068    0.0026   -0.0103    0.0020
       48 H6     *pz        0.0027   -0.0002    0.0135    0.0047   -0.0314    0.0137   -0.0540
--


++    Molecular charges:
      ------------------

      Mulliken charges per centre and basis function type
      ---------------------------------------------------

                C1      C2      H3      H4      H5      H6    
      1s       1.9897  1.9897  0.7550  0.7550  0.7550  0.7550
      2s       0.8646  0.8647  0.0000  0.0000  0.0000  0.0000
      2px      0.5138  0.5138  0.0000  0.0000  0.0000  0.0000
      2pz      0.7592  0.7592  0.0000  0.0000  0.0000  0.0000
      2py      0.7018  0.7017  0.0000  0.0000  0.0000  0.0000
      *s       0.2769  0.2767  0.1612  0.1612  0.1612  0.1612
      *px      0.4700  0.4701  0.0039  0.0039  0.0039  0.0039
      *pz      0.2196  0.2196  0.0071  0.0071  0.0071  0.0071
      *py      0.2837  0.2837  0.0151  0.0151  0.0151  0.0151
      *d2+     0.0038  0.0038  0.0000  0.0000  0.0000  0.0000
      *d1+     0.0083  0.0083  0.0000  0.0000  0.0000  0.0000
      *d0      0.0094  0.0094  0.0000  0.0000  0.0000  0.0000
      *d1-     0.0146  0.0146  0.0000  0.0000  0.0000  0.0000
      *d2-     0.0000  0.0000  0.0000  0.0000  0.0000  0.0000
      Total    6.1153  6.1154  0.9423  0.9423  0.9423  0.9423

      N-E     -0.1153 -0.1154  0.0577  0.0577  0.0577  0.0577

      Total electronic charge=   16.000000

      Total            charge=   -0.000000
--


++    Molecular properties:
      ---------------------

      Charge (e):
                      =   -0.0000
      Dipole Moment (Debye):
      Origin of the operator (Ang)=    0.0000    0.0000    0.0000
                   X= -2.0974E-12               Y=  9.0824E-06               Z=  3.7589E-04           Total=  3.7600E-04
      Quadrupole Moment (Debye*Ang):
      Origin of the operator (Ang)=    0.0000    0.0000    0.0000
                  XX= -1.5602E+01              XY= -2.3103E-14              XZ= -9.2126E-13              YY= -1.2342E+01
                  YZ= -1.9668E-05              ZZ= -1.2241E+01
      In traceless form (Debye*Ang)
                  XX= -3.3105E+00              XY= -3.4655E-14              XZ= -1.3819E-12              YY=  1.5799E+00
                  YZ= -2.9502E-05              ZZ=  1.7306E+00
--


      Input file to MOLDEN was generated!

 ###############################################################################
 ###############################################################################
 ###                                                                         ###
 ###                                                                         ###
 ###    WARNING: RunFile label nBas                                          ###
 ###    was used       74 times                                              ###
 ###                                                                         ###
 ###                                                                         ###
 ###############################################################################
 ###############################################################################
--- Stop Module: scf at Thu Oct  9 13:06:23 2025 /rc=_RC_ALL_IS_WELL_ ---
*** files: autocas_project.scf.molden autocas_project.ScfOrb autocas_project.scf.h5 xmldump
    saved to directory /public/home/xzzeng/work/HQC/Ethene/autoCAS/autocas_project/initial

.##################.
.# Happy landing! #.
.##################.

    Timing: Wall=1.22 User=0.92 System=0.18
