   This run of MOLCAS is using the pymolcas driver

                             OPE
                             OPE          NMOL  CASOP  ENMOLC A   SO
                 OPE        NMOLC        AS  OP EN  MO LC     AS  OP
                OPENM       OL CA        SO  PE NM  OL CA     SOP EN
                OP EN      MO   LC       AS  OP ENMOL  CASO   PENMOL
                OP  EN     MO   LC       AS  OP EN     MO     LC ASO
               OP   E  NMOL  C  AS       OP  EN MO     LC     AS  OP
               OP  E   NMO   LC AS        OPEN  MO     LCASOP EN   M
               O  PEN   MO  LCA  SO
            OPE   NMO   L   CAS    OP
        OPENMOL  CASOP     ENMOL   CASOPE
     OPENMOLCA   SOPENMOLCASOPEN   MOLCASOPE
    OPENMOLCAS   OP           EN   MOL    CAS
    OPENMOLCAS       OP  ENM        O     LCA
    OPENMOLCAS    OPEN  MOLCASO     P  E  NMO
    OPENMOLCAS     OP               E  N  MOL
    OPENMOLCA   SO           PENM   O  L  CAS    OPEN    MO    LCAS
    OPENMOLCA   SOP           ENM   O  L  CAS   OP  EN  MOLC  AS   O
    OPENMOLCA   SOPE           NM      O  LCA   S      OP  EN MO
    OPENMOLC                AS         O  PEN   M      OL  CA  SOPE
    OPENMO        LCASOPE  NMOL        C  ASO   P      ENMOLC     AS
    OPE     NMO      LCA  SO     P     E   NM   OL  CA SO  PE N   MO
          OPENMOLCA            SOPE   NMO        LCAS  O    P  ENMO
     OPENMOLCASOPENMOLCASOPENMOLCASOPENMOLCA
        OPENMOLCASOPENMOLCASOPENMOLCASOPE
            OPENMOLCASOPENMOLCASOPENM
               OPENMOLCASOPENMOLCA        version: o822a959167d23c ?
                   OPENMOLCASO
                       OPE                tag:

 OpenMolcas is free software; you can redistribute it and/or modify it
 under the terms of the GNU Lesser General Public License version 2.1.
 OpenMolcas is distributed in the hope that it will be useful, but it
 is provided "as is" and without any express or implied warranties.
 For more details see the full text of the license in the file
 LICENSE or in <http://www.gnu.org/licenses/>.

                 Copyright (C) The OpenMolcas Authors
           For the author list and the recommended citation,
                   consult the file CONTRIBUTORS.md

           *************************************************
           * pymolcas version py2.28                       *
           *   build c4a6d18ded8cb6cad61d2372a9abd97c      *
           *   (after the EMIL interpreter by V. Veryazov) *
           *************************************************

configuration info
------------------
Host name: mgt (Linux)
C Compiler ID: GNU
C flags: -std=gnu99
Fortran Compiler ID: GNU
Fortran flags: -fno-aggressive-loop-optimizations -cpp -fdefault-integer-8 -fmax-stack-var-size=1048576
Definitions: _MOLCAS_;_I8_;_LINUX_
Parallel: OFF (GA=OFF)


   -------------------------------------------------------------------------------------
  |
  |           Project: autocas_project
  |    Submitted from: /public/home/xzzeng/work/HQC/Ethene/autoCAS/autocas_project/final
  |      Scratch area: /public/home/xzzeng/work/HQC/Ethene/autoCAS/molcas_scratch
  |   Save outputs to: /public/home/xzzeng/work/HQC/Ethene/autoCAS/autocas_project/final
  |            Molcas: /public/home/xzzeng/soft/OpenMolcas/build
  |
  | Scratch area is NOT empty
  |
  |    MOLCAS_DRIVER = /public/home/xzzeng/soft/OpenMolcas/build/pymolcas
  |    MOLCAS_NPROCS = 1
  |    MOLCAS_SOURCE = /public/home/xzzeng/soft/OpenMolcas
  | MOLCAS_STRUCTURE = 0
  |
   -------------------------------------------------------------------------------------

++ ---------   Input file   ---------

&DMRGSCF
  FIEDLER=ON
ActiveSpaceOptimizer = QCMaquis
DMRGSettings
  nsweeps = 10
  max_bond_dimension = 500
EndDMRGSettings
OOptimizationSettings
  SPIN    = 1
  NACTEL  = 12
  FILEORB = /public/home/xzzeng/work/HQC/Ethene/autoCAS/autocas_project/final/autocas_project.scf.h5_sel
  TYPEINDEX
EndOOptimizationSettings

&CASPT2
  IPEA = 0.0

-- ----------------------------------

*** symbolic link created: INPORB -> autocas_project.RasOrb
--- Start Module: dmrgscf at Thu Oct  9 13:08:43 2025 ---

()()()()()()()()()()()()()()()()()()()()()()()()()()()()()()()()()()()()()()()()()()()()()()()()()()

                                              &DMRGSCF

                                   only a single process is used
                       available to each process: 12 GB of memory, 1 thread?
                                             pid: 61785
()()()()()()()()()()()()()()()()()()()()()()()()()()()()()()()()()()()()()()()()()()()()()()()()()()


      DMRGSCF: active space solver is set to qcmaquis
      -------                                --------


      Header of the ONEINT file:
      --------------------------
      
      Integrals generated by Gateway/Seward, Thu Oct  9 13:06:23 2025


      OrdInt status: non-squared


      Cartesian coordinates in Angstrom:
      -----------------------------------------------------
      No.  Label        X            Y            Z        
      -----------------------------------------------------
       1   C1         0.00000000   0.00000000   0.66950000
       2   C2         0.00000000   0.00000000  -0.66950000
       3   H3         0.00000000   0.92360000   1.23210000
       4   H4         0.00000000  -0.92360000   1.23210000
       5   H5         0.00000000   0.92360000  -1.23210000
       6   H6         0.00000000  -0.92360000  -1.23210000
      -----------------------------------------------------
      Nuclear repulsion energy =   33.32464186

++    Wave function specifications:
      -----------------------------

      Number of closed shell electrons           4
      Number of electrons in active shells      12
      Max number of holes in RAS1 space          0
      Max nr of electrons in RAS3 space          0
      Number of inactive orbitals                2
      Number of active orbitals                 12
      Number of secondary orbitals              34
      Spin quantum number                      0.0
      State symmetry                             1
--

++    Orbital specifications:
      -----------------------

      Symmetry species                           1
                                                 a
      Frozen orbitals                            0
      Inactive orbitals                          2
      Active orbitals                           12
      RAS1 orbitals                              0
      RAS2 orbitals                             12
      RAS3 orbitals                              0
      Secondary orbitals                        34
      Deleted orbitals                           0
      Number of basis functions                 48
--

++    DMRG specifications:
      ----------------------------

      Number of renormalized states              500
      (Max) number of sweeps                     10
      Convergence threshold (sweep tolerance)    0.100E-07
      Jacobi-Davidson threshold                  0.100E-10
      SVD truncation threshold (initial)         1e-50
      SVD truncation threshold (final)           0.100E-10
      Number of root(s) required                 1
      Root chosen for geometry opt.              1
      DMRG root used                             1
         
--

++    Optimization specifications:
      ----------------------------

      RASSCF algorithm: LK Cholesky
      Maximum number of macro iterations       200
      Maximum number of SX iterations          100
      Threshold for RASSCF energy            1.000E-08
      Threshold for max MO rotation          1.000E-01
      Threshold for max BLB element          1.000E-04
      Level shift parameter                  5.000E-01
      Make Quasi-Newton update
--

      The MO-coefficients are taken from the file:
      /public/home/xzzeng/work/HQC/Ethene/autoCAS/autocas_project/final/autocas_project.scf.h5_sel                                                                                                                                                                    

      Total molecular charge    0.00

      ************************************************************************************************************************
      *                                                                                                                      *
      *                                            Wave function control section                                             *
      *                                                                                                                      *
      ************************************************************************************************************************


                                         DMRGSCF iterations: Energy and convergence statistics
                                         -----------------------------------------------------

                                             Please cite for the QCMaquis-Molcas driver:

                                    Freitag L.; Keller S.; Knecht S.; Lindh R.; Ma Y.; 
                                    Stein C. J. and Reiher M., in preparation. (2018).
                                    ---------------------------------------------------------------

                                             Please cite for the QCMaquis DMRG software:

                                    S. Keller, M. Dolfi, M. Troyer, M. Reiher,
                                    J. Chem. Phys. 143, 244118 (2015)
                                    ---------------------------------------------------------------


      Iter num  DMRG max tr DMRG  SX      DMRGSCF       Energy    max ROT   max BLB     max BLB  Level Ln srch  Step   QN     CPU Time
         sweeps/root weight/root iter     energy        change     param    element      value   shift minimum  type update   hh:mm:ss
 Fiedler orbital ordering: 1,12,6,7,4,2,10,8,3,5,11,9
 ###############################################################################
 ###############################################################################
 ###                                                                         ###
 ###                                                                         ###
 ###    WARNING: Large orbital rotation.                                     ###
 ###                                                                         ###
 ###                                                                         ###
 ###############################################################################
 ###############################################################################
      Molecular orbital  14 of symmetry 1 MO space 2  weight is    0.468530
 ###############################################################################
 ###############################################################################
 ###                                                                         ###
 ###                                                                         ###
 ###    WARNING: Large orbital rotation.                                     ###
 ###                                                                         ###
 ###                                                                         ###
 ###############################################################################
 ###############################################################################
      Molecular orbital  25 of symmetry 1 MO space 3  weight is    0.498511
        1  1   1    3.29E-11   1   87   -78.01803535    0.00E+00  7.05E-01*   9  20 1  2.90E-02*  0.00   0.00    SX    NO      0:08:56
        2  2   1    1.82E-09   1    6   -78.10272913   -8.47E-02*-1.40E-01*   8  18 1 -2.72E-02*  0.00   0.00    SX    NO      0:04:37
        3  5   1    1.45E-09   1    7   -78.11666167   -1.39E-02* 5.86E-02    8  18 1 -9.33E-03*  0.00   0.00    SX    NO      0:07:28
        4  4   1    1.20E-09   1    7   -78.11928586   -2.62E-03* 2.76E-02    7  24 1 -3.01E-03*  0.00   0.00    SX    NO      0:06:24
        5  2   1    1.11E-09   1    6   -78.11988003   -5.94E-04* 2.46E-02    7  24 1 -1.81E-03*  0.00   2.03    LS   YES      0:04:28
        6  2   1    1.03E-09   1    6   -78.12008121   -2.01E-04* 1.55E-02    8  18 1  1.37E-03*  0.00   1.16    QN   YES      0:04:29
        7  4   1    1.05E-09   1    6   -78.12012576   -4.46E-05* 2.01E-02    8  18 1  6.85E-04*  0.00   2.38    LS   YES      0:06:28
        8  2   1    1.08E-09   1    6   -78.12014825   -2.25E-05* 7.15E-03    8  29 1 -6.82E-04*  0.00   1.07    QN   YES      0:04:28
        9  4   1    1.13E-09   1    6   -78.12016230   -1.41E-05*-4.50E-03    7  40 1 -3.74E-04*  0.00   1.64    LS   YES      0:06:25
       10  4   1    1.16E-09   1    5   -78.12016483   -2.53E-06* 1.28E-03    8  18 1 -4.15E-04*  0.00   1.02    QN   YES      0:06:27
       11  4   1    1.16E-09   1    5   -78.12016562   -7.90E-07*-6.20E-04    8  18 1 -1.12E-04*  0.00   1.48    LS   YES      0:06:23
       12  3   1    1.16E-09   1    5   -78.12016572   -9.38E-08* 3.48E-04    7  40 1  6.93E-05   0.00   1.00    QN   YES      0:05:16
       13  2   1    1.16E-09   1    4   -78.12016575   -3.18E-08* 1.63E-04    8  29 1  1.95E-05   0.00   1.62    QN   YES      0:04:14
       14  3   1    1.16E-09   1    4   -78.12016576   -7.95E-09  4.37E-05    7  40 1 -7.38E-06   0.00   1.12    QN   YES      0:05:14
      Convergence after 14 iterations
       15  2   1    1.16E-09   1    4   -78.12016576   -4.77E-10  4.37E-05    7  40 1 -3.77E-06   0.00   1.12    QN   YES      0:04:11

      ************************************************************************************************************************
                                                      Wave function printout:
                       occupation of active orbitals, and spin coupling of open shells (u,d: Spin up or down)
      ************************************************************************************************************************

      Note: transformation to natural orbitals
      has been made, which may change the order of the CSFs.

      Natural orbitals and occupation numbers for root  1
      sym 1:   1.985345   1.980345   1.978992   1.976067   1.977080   1.926078   0.074882   0.021524   0.020439   0.022243
               0.018831   0.018172

      ************************************************************************************************************************
      *                                                                                                                      *
      *                                                    Final results                                                     *
      *                                                                                                                      *
      ************************************************************************************************************************


++    Wave function specifications:
      -----------------------------

      Number of closed shell electrons           4
      Number of electrons in active shells      12
      Max number of holes in RAS1 space          0
      Max nr of electrons in RAS3 space          0
      Number of inactive orbitals                2
      Number of active orbitals                 12
      Number of secondary orbitals              34
      Spin quantum number                      0.0
      State symmetry                             1
--

++    Orbital specifications:
      -----------------------

      Symmetry species                           1
                                                 a
      Frozen orbitals                            0
      Inactive orbitals                          2
      Active orbitals                           12
      RAS1 orbitals                              0
      RAS2 orbitals                             12
      RAS3 orbitals                              0
      Secondary orbitals                        34
      Deleted orbitals                           0
      Number of basis functions                 48
--

++    DMRG specifications:
      ----------------------------

      Number of renormalized states              500
      (Max) number of sweeps                     10
      Convergence threshold (sweep tolerance)    0.100E-07
      Jacobi-Davidson threshold                  0.100E-10
      SVD truncation threshold (initial)         1e-50
      SVD truncation threshold (final)           0.100E-10
      Number of root(s) required                 1
      DMRG root used                             1
      highest root included in the DMRG          1
      Root passed to geometry opt.               1
--

++    Final optimization conditions:
      ------------------------------

      Average CI energy                             -78.12016576
      RASSCF energy for state  1                    -78.12016576
      Super-CI energy                                -0.00000000
      RASSCF energy change                           -0.00000000
      Max change in MO coefficients              -1.030E-04
      Max non-diagonal density matrix element     4.374E-05
      Maximum BLB matrix element                 -3.769E-06
      (orbital pair   7,  40 in symmetry   1)
      Norm of electronic gradient            9.188E-06
--


      Final state energy(ies):
      ------------------------

::    RASSCF root number  1 Total energy:    -78.12016576

++    Molecular orbitals:
      -------------------

      Pseudonatural active orbitals and approximate occupation numbers




      Molecular orbitals for symmetry species 1: a  


      Orbital                 1         2         3         4         5         6         7         8         9        10
      Energy           -11.2045  -11.2032   -1.0059   -0.0682   -0.0000   -0.6307    0.0000   -0.0000   -0.0000    0.0000
      Occ. No.           2.0000    2.0000    1.9853    1.9802    1.9790    1.9759    1.9769    1.9261    0.0749    0.0217

     1 C1     1s         0.6998   -0.7030   -0.1977    0.1496    0.0000    0.0171    0.0000    0.0000   -0.0000    0.1705
     2 C1     2s         0.0219   -0.0260    0.3871   -0.3127   -0.0000   -0.0293   -0.0000   -0.0000    0.0000   -0.7294
     3 C1     *s        -0.0122    0.0245    0.1090   -0.0982   -0.0000    0.0085    0.0000    0.0000    0.0000    0.0547
     4 C1     2px       -0.0000   -0.0000    0.0000   -0.0000   -0.0000    0.0000   -0.0000    0.4051   -0.6505   -0.0000
     5 C1     *px        0.0000   -0.0000    0.0000    0.0000   -0.0000    0.0000   -0.0000    0.2800   -0.2573   -0.0000
     6 C1     2py        0.0000   -0.0000    0.0000    0.0000    0.3213   -0.0000   -0.3088    0.0000    0.0000   -0.0002
     7 C1     *py       -0.0000    0.0000   -0.0000   -0.0000    0.1111   -0.0000   -0.1138    0.0000    0.0000   -0.0000
     8 C1     2pz       -0.0010    0.0018   -0.1157   -0.1648    0.0000    0.4136   -0.0000   -0.0000    0.0000   -0.4689
     9 C1     *pz       -0.0014   -0.0016   -0.0226   -0.0575    0.0000    0.1356    0.0000    0.0000   -0.0000    0.0224
    10 C1     *d2-      -0.0000    0.0000   -0.0000   -0.0000    0.0000   -0.0000    0.0000    0.0000    0.0000   -0.0000
    11 C1     *d1-      -0.0000    0.0000   -0.0000   -0.0000    0.0045    0.0000   -0.0295   -0.0000   -0.0000   -0.0000
    12 C1     *d0        0.0004   -0.0010    0.0152    0.0076   -0.0000   -0.0147    0.0000    0.0000   -0.0000    0.0212
    13 C1     *d1+       0.0000    0.0000   -0.0000    0.0000   -0.0000    0.0000    0.0000   -0.0240   -0.0007    0.0000
    14 C1     *d2+      -0.0006    0.0014   -0.0013    0.0096   -0.0000   -0.0122   -0.0000    0.0000   -0.0000    0.0257
    15 C2     1s         0.7031    0.6998   -0.1978   -0.1496    0.0000    0.0171    0.0000   -0.0000   -0.0000    0.1705
    16 C2     2s         0.0220    0.0259    0.3872    0.3127    0.0000   -0.0293   -0.0000    0.0000    0.0000   -0.7294
    17 C2     *s        -0.0123   -0.0244    0.1089    0.0982   -0.0000    0.0086    0.0000   -0.0000   -0.0000    0.0548
    18 C2     2px       -0.0000   -0.0000   -0.0000    0.0000   -0.0000   -0.0000   -0.0000    0.4051    0.6505    0.0000
    19 C2     *px        0.0000    0.0000   -0.0000    0.0000    0.0000   -0.0000    0.0000    0.2800    0.2573    0.0000
    20 C2     2py       -0.0000   -0.0000    0.0000    0.0000    0.3212   -0.0000    0.3088   -0.0000   -0.0000    0.0004
    21 C2     *py       -0.0000    0.0000   -0.0000   -0.0000    0.1111    0.0000    0.1138   -0.0000    0.0000    0.0001
    22 C2     2pz        0.0010    0.0018    0.1157   -0.1648   -0.0000   -0.4136    0.0000   -0.0000   -0.0000    0.4688
    23 C2     *pz        0.0014   -0.0016    0.0225   -0.0575    0.0000   -0.1356   -0.0000    0.0000   -0.0000   -0.0223
    24 C2     *d2-       0.0000    0.0000    0.0000    0.0000   -0.0000   -0.0000   -0.0000    0.0000    0.0000    0.0000
    25 C2     *d1-       0.0000   -0.0000    0.0000    0.0000   -0.0045   -0.0000   -0.0295   -0.0000    0.0000   -0.0000
    26 C2     *d0        0.0004    0.0010    0.0152   -0.0076   -0.0000   -0.0147    0.0000   -0.0000   -0.0000    0.0212
    27 C2     *d1+       0.0000   -0.0000    0.0000    0.0000   -0.0000    0.0000    0.0000    0.0241   -0.0007   -0.0000
    28 C2     *d2+      -0.0006   -0.0014   -0.0013   -0.0096    0.0000   -0.0122   -0.0000   -0.0000   -0.0000    0.0257
    29 H3     1s        -0.0032    0.0033    0.1080   -0.1935    0.2081    0.1674   -0.2575    0.0000   -0.0000    0.4330
    30 H3     *s         0.0029   -0.0040    0.0132   -0.0453    0.0624    0.0640   -0.1280    0.0000   -0.0000    0.0982
    31 H3     *px        0.0000   -0.0000    0.0000   -0.0000   -0.0000    0.0000   -0.0000    0.0104   -0.0066   -0.0000
    32 H3     *py        0.0009   -0.0012   -0.0125    0.0155   -0.0072   -0.0096    0.0062    0.0000   -0.0000    0.0073
    33 H3     *pz        0.0001   -0.0009   -0.0090    0.0060   -0.0082    0.0025    0.0076    0.0000   -0.0000    0.0108
    34 H4     1s        -0.0032    0.0033    0.1080   -0.1935   -0.2081    0.1674    0.2575    0.0000   -0.0000    0.4328
    35 H4     *s         0.0029   -0.0040    0.0132   -0.0453   -0.0624    0.0640    0.1280    0.0000   -0.0000    0.0980
    36 H4     *px        0.0000   -0.0000    0.0000   -0.0000   -0.0000    0.0000   -0.0000    0.0104   -0.0066   -0.0000
    37 H4     *py       -0.0009    0.0012    0.0125   -0.0155   -0.0072    0.0096    0.0062   -0.0000    0.0000   -0.0073
    38 H4     *pz        0.0001   -0.0009   -0.0090    0.0060    0.0082    0.0025   -0.0076    0.0000   -0.0000    0.0108
    39 H5     1s        -0.0032   -0.0032    0.1080    0.1935    0.2081    0.1674    0.2576   -0.0000   -0.0000    0.4326
    40 H5     *s         0.0030    0.0040    0.0133    0.0453    0.0625    0.0640    0.1280   -0.0000   -0.0000    0.0980
    41 H5     *px       -0.0000    0.0000   -0.0000    0.0000    0.0000   -0.0000    0.0000    0.0104    0.0065    0.0000
    42 H5     *py        0.0009    0.0012   -0.0124   -0.0155   -0.0072   -0.0096   -0.0062   -0.0000   -0.0000    0.0073
    43 H5     *pz       -0.0001   -0.0009    0.0090    0.0060    0.0082   -0.0025    0.0076   -0.0000    0.0000   -0.0108
    44 H6     1s        -0.0032   -0.0032    0.1080    0.1935   -0.2081    0.1674   -0.2576   -0.0000   -0.0000    0.4331
    45 H6     *s         0.0030    0.0040    0.0133    0.0453   -0.0624    0.0640   -0.1280   -0.0000   -0.0000    0.0982
    46 H6     *px       -0.0000    0.0000   -0.0000    0.0000    0.0000   -0.0000    0.0000    0.0104    0.0065    0.0000
    47 H6     *py       -0.0009   -0.0012    0.0124    0.0155   -0.0072    0.0096   -0.0062    0.0000    0.0000   -0.0073
    48 H6     *pz       -0.0001   -0.0009    0.0090    0.0060   -0.0082   -0.0025   -0.0076    0.0000    0.0000   -0.0108


      Orbital                11        12        13        14
      Energy             0.0000    0.0100   -0.0000   -0.0000
      Occ. No.           0.0205    0.0216    0.0190    0.0189

     1 C1     1s        -0.0011   -0.2181   -0.0001    0.1605
     2 C1     2s         0.0045    0.9153    0.0003   -0.6724
     3 C1     *s        -0.0008   -0.1500   -0.0000   -0.1337
     4 C1     2px        0.0000    0.0000   -0.0000   -0.0000
     5 C1     *px        0.0000    0.0000    0.0000   -0.0000
     6 C1     2py        0.6611   -0.0032   -0.7614   -0.0000
     7 C1     *py        0.0217   -0.0001   -0.0395   -0.0000
     8 C1     2pz        0.0014    0.2703    0.0002    0.9140
     9 C1     *pz       -0.0001   -0.0221   -0.0000    0.1833
    10 C1     *d2-      -0.0000    0.0000    0.0000   -0.0000
    11 C1     *d1-       0.0436   -0.0002   -0.0686   -0.0000
    12 C1     *d0       -0.0000   -0.0038   -0.0000   -0.0050
    13 C1     *d1+       0.0000   -0.0000   -0.0000    0.0000
    14 C1     *d2+      -0.0001   -0.0290   -0.0000   -0.0336
    15 C2     1s         0.0010    0.2181   -0.0001   -0.1605
    16 C2     2s        -0.0043   -0.9154    0.0003    0.6724
    17 C2     *s         0.0007    0.1501   -0.0001    0.1336
    18 C2     2px       -0.0000    0.0000    0.0000   -0.0000
    19 C2     *px       -0.0000    0.0000    0.0000   -0.0000
    20 C2     2py        0.6609   -0.0032    0.7615   -0.0000
    21 C2     *py        0.0217   -0.0001    0.0396   -0.0000
    22 C2     2pz        0.0013    0.2704   -0.0002    0.9140
    23 C2     *pz       -0.0001   -0.0221    0.0000    0.1834
    24 C2     *d2-      -0.0000    0.0000   -0.0000   -0.0000
    25 C2     *d1-      -0.0436    0.0002   -0.0686    0.0000
    26 C2     *d0        0.0000    0.0038   -0.0000    0.0050
    27 C2     *d1+      -0.0000    0.0000   -0.0000   -0.0000
    28 C2     *d2+       0.0001    0.0290   -0.0000    0.0335
    29 H3     1s        -0.4317   -0.4588    0.3880   -0.0408
    30 H3     *s        -0.1385   -0.0770    0.1839   -0.0487
    31 H3     *px       -0.0000    0.0000    0.0000   -0.0000
    32 H3     *py       -0.0205   -0.0043    0.0226   -0.0127
    33 H3     *pz       -0.0089   -0.0019    0.0088   -0.0072
    34 H4     1s         0.4271   -0.4630   -0.3884   -0.0409
    35 H4     *s         0.1378   -0.0783   -0.1840   -0.0487
    36 H4     *px        0.0000    0.0000   -0.0000   -0.0000
    37 H4     *py       -0.0204    0.0045    0.0226    0.0127
    38 H4     *pz        0.0088   -0.0020   -0.0088   -0.0072
    39 H5     1s        -0.4271    0.4630   -0.3885    0.0409
    40 H5     *s        -0.1378    0.0783   -0.1840    0.0487
    41 H5     *px       -0.0000    0.0000    0.0000   -0.0000
    42 H5     *py       -0.0204    0.0045   -0.0226    0.0127
    43 H5     *pz        0.0089   -0.0020    0.0088   -0.0072
    44 H6     1s         0.4314    0.4589    0.3881    0.0408
    45 H6     *s         0.1385    0.0770    0.1840    0.0487
    46 H6     *px        0.0000    0.0000    0.0000   -0.0000
    47 H6     *py       -0.0205   -0.0043   -0.0226   -0.0127
    48 H6     *pz       -0.0089   -0.0019   -0.0088   -0.0072
--

      Von Neumann Entropy (Root   1) =  0.63820


      Mulliken population analysis for root number:  1
      -----------------------------------------------


++    Molecular charges:
      ------------------

      Mulliken charges per centre and basis function type
      ---------------------------------------------------

                C1      C2      H3      H4      H5      H6    
      1s       1.9896  1.9896  0.7615  0.7615  0.7615  0.7615
      2s       0.8771  0.8772  0.0000  0.0000  0.0000  0.0000
      2px      0.5619  0.5619  0.0000  0.0000  0.0000  0.0000
      2pz      0.7650  0.7650  0.0000  0.0000  0.0000  0.0000
      2py      0.7119  0.7119  0.0000  0.0000  0.0000  0.0000
      *s       0.2469  0.2467  0.1834  0.1834  0.1834  0.1834
      *px      0.4242  0.4243  0.0038  0.0038  0.0038  0.0038
      *pz      0.2007  0.2007  0.0063  0.0063  0.0063  0.0063
      *py      0.2547  0.2547  0.0126  0.0126  0.0126  0.0126
      *d2+     0.0036  0.0036  0.0000  0.0000  0.0000  0.0000
      *d1+     0.0067  0.0067  0.0000  0.0000  0.0000  0.0000
      *d0      0.0083  0.0083  0.0000  0.0000  0.0000  0.0000
      *d1-     0.0141  0.0141  0.0000  0.0000  0.0000  0.0000
      *d2-     0.0000  0.0000  0.0000  0.0000  0.0000  0.0000
      Total    6.0648  6.0648  0.9676  0.9676  0.9676  0.9676

      N-E     -0.0648 -0.0648  0.0324  0.0324  0.0324  0.0324

      Total electronic charge=   16.000000

      Total            charge=   -0.000000
--



      Expectation values of various properties for root number:  1
      -----------------------------------------------------------

      Properties not supported for DMRGSCF 

++    Molecular properties:
      ---------------------

      Charge (e):
                      =   -0.0000
      Dipole Moment (Debye):
      Origin of the operator (Ang)=    0.0000    0.0000    0.0000
                   X= -6.9754E-14               Y=  8.7491E-06               Z=  2.6619E-04           Total=  2.6633E-04
      Quadrupole Moment (Debye*Ang):
      Origin of the operator (Ang)=    0.0000    0.0000    0.0000
                  XX= -1.5093E+01              XY= -9.0943E-13              XZ= -1.7631E-13              YY= -1.2534E+01
                  YZ= -3.3344E-05              ZZ= -1.2503E+01
      In traceless form (Debye*Ang)
                  XX= -2.5748E+00              XY= -1.3641E-12              XZ= -2.6447E-13              YY=  1.2635E+00
                  YZ= -5.0016E-05              ZZ=  1.3113E+00
--


      Input file to MOLDEN was generated!

      Average orbitals are written to the RASORB file
      Natural orbitals for root   1 are written to the RASORB.1 file
      Spin density orbitals for root   1 are written to the SPDORB.1 file

--- Stop Module: dmrgscf at Thu Oct  9 14:39:40 2025 /rc=_RC_ALL_IS_WELL_ ---
*** files: autocas_project.rasscf.molden autocas_project.RasOrb autocas_project.RasOrb.1 autocas_project.dmrgscf.h5 autocas_project.SpdOrb.1 xmldump
    saved to directory /public/home/xzzeng/work/HQC/Ethene/autoCAS/autocas_project/final
--- Module dmrgscf spent 1 hour 30 minutes 57 seconds ---

*** symbolic link created: INPORB -> autocas_project.RasOrb
--- Start Module: caspt2 at Thu Oct  9 14:39:40 2025 ---
--- Stop Module: caspt2 at Thu Oct  9 14:39:40 2025 /rc=_RC_NOT_AVAILABLE_ ---

.##################################.
.# Requested module not available #.
.##################################.

    Timing: Wall=5457.41 User=5425.24 System=21.56
