   This run of MOLCAS is using the pymolcas driver

                             OPE
                             OPE          NMOL  CASOP  ENMOLC A   SO
                 OPE        NMOLC        AS  OP EN  MO LC     AS  OP
                OPENM       OL CA        SO  PE NM  OL CA     SOP EN
                OP EN      MO   LC       AS  OP ENMOL  CASO   PENMOL
                OP  EN     MO   LC       AS  OP EN     MO     LC ASO
               OP   E  NMOL  C  AS       OP  EN MO     LC     AS  OP
               OP  E   NMO   LC AS        OPEN  MO     LCASOP EN   M
               O  PEN   MO  LCA  SO
            OPE   NMO   L   CAS    OP
        OPENMOL  CASOP     ENMOL   CASOPE
     OPENMOLCA   SOPENMOLCASOPEN   MOLCASOPE
    OPENMOLCAS   OP           EN   MOL    CAS
    OPENMOLCAS       OP  ENM        O     LCA
    OPENMOLCAS    OPEN  MOLCASO     P  E  NMO
    OPENMOLCAS     OP               E  N  MOL
    OPENMOLCA   SO           PENM   O  L  CAS    OPEN    MO    LCAS
    OPENMOLCA   SOP           ENM   O  L  CAS   OP  EN  MOLC  AS   O
    OPENMOLCA   SOPE           NM      O  LCA   S      OP  EN MO
    OPENMOLC                AS         O  PEN   M      OL  CA  SOPE
    OPENMO        LCASOPE  NMOL        C  ASO   P      ENMOLC     AS
    OPE     NMO      LCA  SO     P     E   NM   OL  CA SO  PE N   MO
          OPENMOLCA            SOPE   NMO        LCAS  O    P  ENMO
     OPENMOLCASOPENMOLCASOPENMOLCASOPENMOLCA
        OPENMOLCASOPENMOLCASOPENMOLCASOPE
            OPENMOLCASOPENMOLCASOPENM
               OPENMOLCASOPENMOLCA        version: o822a959167d23c ?
                   OPENMOLCASO
                       OPE                tag:

 OpenMolcas is free software; you can redistribute it and/or modify it
 under the terms of the GNU Lesser General Public License version 2.1.
 OpenMolcas is distributed in the hope that it will be useful, but it
 is provided "as is" and without any express or implied warranties.
 For more details see the full text of the license in the file
 LICENSE or in <http://www.gnu.org/licenses/>.

                 Copyright (C) The OpenMolcas Authors
           For the author list and the recommended citation,
                   consult the file CONTRIBUTORS.md

           *************************************************
           * pymolcas version py2.28                       *
           *   build c4a6d18ded8cb6cad61d2372a9abd97c      *
           *   (after the EMIL interpreter by V. Veryazov) *
           *************************************************

configuration info
------------------
Host name: mgt (Linux)
C Compiler ID: GNU
C flags: -std=gnu99
Fortran Compiler ID: GNU
Fortran flags: -fno-aggressive-loop-optimizations -cpp -fdefault-integer-8 -fmax-stack-var-size=1048576
Definitions: _MOLCAS_;_I8_;_LINUX_
Parallel: OFF (GA=OFF)


   ------------------------------------------------------------------------------------
  |
  |           Project: autocas_project
  |    Submitted from: /public/home/xzzeng/work/HQC/Ethene/autoCAS/autocas_project/dmrg
  |      Scratch area: /public/home/xzzeng/work/HQC/Ethene/autoCAS/molcas_scratch
  |   Save outputs to: /public/home/xzzeng/work/HQC/Ethene/autoCAS/autocas_project/dmrg
  |            Molcas: /public/home/xzzeng/soft/OpenMolcas/build
  |
  | Scratch area is NOT empty
  |
  |    MOLCAS_DRIVER = /public/home/xzzeng/soft/OpenMolcas/build/pymolcas
  |    MOLCAS_NPROCS = 1
  |    MOLCAS_SOURCE = /public/home/xzzeng/soft/OpenMolcas
  | MOLCAS_STRUCTURE = 0
  |
   ------------------------------------------------------------------------------------

++ ---------   Input file   ---------

&DMRGSCF
  FIEDLER=ON
ActiveSpaceOptimizer = QCMaquis
DMRGSettings
  nsweeps = 5
  max_bond_dimension = 250
EndDMRGSettings
OOptimizationSettings
  SPIN    = 1
  NACTEL  = 12
  FILEORB = /public/home/xzzeng/work/HQC/Ethene/autoCAS/autocas_project/dmrg/autocas_project.scf.h5_sel
  TYPEINDEX
  CIONLY
EndOOptimizationSettings

-- ----------------------------------

*** symbolic link created: INPORB -> autocas_project.ScfOrb
--- Start Module: dmrgscf at Thu Oct  9 13:06:24 2025 ---

()()()()()()()()()()()()()()()()()()()()()()()()()()()()()()()()()()()()()()()()()()()()()()()()()()

                                              &DMRGSCF

                                   only a single process is used
                       available to each process: 12 GB of memory, 1 thread?
                                             pid: 57285
()()()()()()()()()()()()()()()()()()()()()()()()()()()()()()()()()()()()()()()()()()()()()()()()()()


      DMRGSCF: active space solver is set to qcmaquis
      -------                                --------


      Header of the ONEINT file:
      --------------------------
      
      Integrals generated by Gateway/Seward, Thu Oct  9 13:06:23 2025


      OrdInt status: non-squared


      Cartesian coordinates in Angstrom:
      -----------------------------------------------------
      No.  Label        X            Y            Z        
      -----------------------------------------------------
       1   C1         0.00000000   0.00000000   0.66950000
       2   C2         0.00000000   0.00000000  -0.66950000
       3   H3         0.00000000   0.92360000   1.23210000
       4   H4         0.00000000  -0.92360000   1.23210000
       5   H5         0.00000000   0.92360000  -1.23210000
       6   H6         0.00000000  -0.92360000  -1.23210000
      -----------------------------------------------------
      Nuclear repulsion energy =   33.32464186

++    Wave function specifications:
      -----------------------------

      Number of closed shell electrons           4
      Number of electrons in active shells      12
      Max number of holes in RAS1 space          0
      Max nr of electrons in RAS3 space          0
      Number of inactive orbitals                2
      Number of active orbitals                 12
      Number of secondary orbitals              34
      Spin quantum number                      0.0
      State symmetry                             1
--

++    Orbital specifications:
      -----------------------

      Symmetry species                           1
                                                 a
      Frozen orbitals                            0
      Inactive orbitals                          2
      Active orbitals                           12
      RAS1 orbitals                              0
      RAS2 orbitals                             12
      RAS3 orbitals                              0
      Secondary orbitals                        34
      Deleted orbitals                           0
      Number of basis functions                 48
--

++    DMRG specifications:
      ----------------------------

      Number of renormalized states              250
      (Max) number of sweeps                     5
      Convergence threshold (sweep tolerance)    0.100E-07
      Jacobi-Davidson threshold                  0.100E-10
      SVD truncation threshold (initial)         1e-50
      SVD truncation threshold (final)           0.100E-10
      Number of root(s) required                 1
      Root chosen for geometry opt.              1
      DMRG root used                             1
         
--

++    Optimization specifications:
      ----------------------------

      RASSCF algorithm: LK Cholesky
      Maximum number of macro iterations       200
      Maximum number of SX iterations          100
      Threshold for RASSCF energy            1.000E-08
      Threshold for max MO rotation          1.000E-01
      Threshold for max BLB element          1.000E-04
      Level shift parameter                  5.000E-01
      Make Quasi-Newton update
--

      The MO-coefficients are taken from the file:
      /public/home/xzzeng/work/HQC/Ethene/autoCAS/autocas_project/dmrg/autocas_project.scf.h5_sel                                                                                                                                                                     

      Total molecular charge    0.00

      ************************************************************************************************************************
      *                                                                                                                      *
      *                                            Wave function control section                                             *
      *                                                                                                                      *
      ************************************************************************************************************************


                                         DMRGCI only, no orbital optimization will be done.
                                         --------------------------------------------------

                                             Please cite for the QCMaquis-Molcas driver:

                                    Freitag L.; Keller S.; Knecht S.; Lindh R.; Ma Y.; 
                                    Stein C. J. and Reiher M., in preparation. (2018).
                                    ---------------------------------------------------------------

                                             Please cite for the QCMaquis DMRG software:

                                    S. Keller, M. Dolfi, M. Troyer, M. Reiher,
                                    J. Chem. Phys. 143, 244118 (2015)
                                    ---------------------------------------------------------------


 Fiedler orbital ordering: 1,12,6,7,4,2,10,8,3,5,11,9

      DMRGCI energy              :     -78.0180353390
      Total time spent (hh:mm:ss):            0:02:18


      Natural orbitals and occupation numbers for root  1
      sym 1:   1.997370   1.993888   1.994728   1.994111   1.994921   1.937547   0.064018   0.005259   0.004578   0.004131
               0.004606   0.004842

      ************************************************************************************************************************
      *                                                                                                                      *
      *                                                    Final results                                                     *
      *                                                                                                                      *
      ************************************************************************************************************************


++    Wave function specifications:
      -----------------------------

      Number of closed shell electrons           4
      Number of electrons in active shells      12
      Max number of holes in RAS1 space          0
      Max nr of electrons in RAS3 space          0
      Number of inactive orbitals                2
      Number of active orbitals                 12
      Number of secondary orbitals              34
      Spin quantum number                      0.0
      State symmetry                             1
--

++    Orbital specifications:
      -----------------------

      Symmetry species                           1
                                                 a
      Frozen orbitals                            0
      Inactive orbitals                          2
      Active orbitals                           12
      RAS1 orbitals                              0
      RAS2 orbitals                             12
      RAS3 orbitals                              0
      Secondary orbitals                        34
      Deleted orbitals                           0
      Number of basis functions                 48
--

++    DMRG specifications:
      ----------------------------

      Number of renormalized states              250
      (Max) number of sweeps                     5
      Convergence threshold (sweep tolerance)    0.100E-07
      Jacobi-Davidson threshold                  0.100E-10
      SVD truncation threshold (initial)         1e-50
      SVD truncation threshold (final)           0.100E-10
      Number of root(s) required                 1
      DMRG root used                             1
      highest root included in the DMRG          1
      Root passed to geometry opt.               1
--

++    Final optimization conditions:
      ------------------------------

      Average CI energy                             -78.01803534
--


      Final state energy(ies):
      ------------------------

::    RASSCF root number  1 Total energy:    -78.01803534

++    Molecular orbitals:
      -------------------

      Pseudonatural active orbitals and approximate occupation numbers




      Molecular orbitals for symmetry species 1: a  


      Orbital                 1         2         3         4         5         6         7         8         9        10
      Energy             0.0000    0.0000    0.0000    0.0000    0.0000    0.0000    0.0000    0.0000    0.0000    0.0000
      Occ. No.           0.0000    0.0000    0.0000    0.0000    0.0000    0.0000    0.0000    0.0000    0.0000    0.0000

     1 C1     1s         0.7022   -0.6990   -0.1999    0.1527    0.0000    0.0135   -0.0000   -0.0000   -0.0000    0.0730
     2 C1     2s         0.0232   -0.0273    0.3795   -0.3031   -0.0000   -0.0367   -0.0000    0.0000   -0.0000   -0.1177
     3 C1     *s        -0.0115    0.0233    0.1185   -0.1112    0.0000    0.0228    0.0000    0.0000    0.0000   -1.6030
     4 C1     2px       -0.0000    0.0000    0.0000    0.0000   -0.0000   -0.0000   -0.0000    0.3835   -0.3457   -0.0000
     5 C1     *px        0.0000    0.0000    0.0000    0.0000   -0.0000   -0.0000   -0.0000    0.2978   -0.7537   -0.0000
     6 C1     2py        0.0000   -0.0000    0.0000   -0.0000    0.3138   -0.0000   -0.2993   -0.0000    0.0000   -0.0000
     7 C1     *py       -0.0000    0.0000   -0.0000   -0.0000    0.1199    0.0000   -0.1291   -0.0000    0.0000   -0.0007
     8 C1     2pz        0.0013    0.0006   -0.1169   -0.1598    0.0000    0.4072   -0.0000    0.0000    0.0000   -0.1297
     9 C1     *pz       -0.0006   -0.0019   -0.0215   -0.0649    0.0000    0.1447    0.0000    0.0000    0.0000   -0.5620
    10 C1     *d2-       0.0000    0.0000   -0.0000    0.0000    0.0000   -0.0000    0.0000    0.0000    0.0000    0.0000
    11 C1     *d1-      -0.0000    0.0000   -0.0000   -0.0000    0.0034    0.0000   -0.0290   -0.0000   -0.0000   -0.0000
    12 C1     *d0        0.0004   -0.0009    0.0171    0.0071   -0.0000   -0.0165    0.0000   -0.0000   -0.0000   -0.0053
    13 C1     *d1+      -0.0000   -0.0000   -0.0000   -0.0000    0.0000    0.0000    0.0000   -0.0278   -0.0216   -0.0000
    14 C1     *d2+      -0.0007    0.0014   -0.0015    0.0095   -0.0000   -0.0116   -0.0000   -0.0000    0.0000    0.0008
    15 C2     1s         0.6991    0.7021   -0.1999   -0.1527    0.0000    0.0135   -0.0000    0.0000   -0.0000    0.0730
    16 C2     2s         0.0231    0.0275    0.3795    0.3031    0.0000   -0.0367   -0.0000   -0.0000    0.0000   -0.1177
    17 C2     *s        -0.0114   -0.0234    0.1184    0.1112   -0.0000    0.0230    0.0000   -0.0000    0.0000   -1.6031
    18 C2     2px        0.0000    0.0000    0.0000    0.0000   -0.0000   -0.0000   -0.0000    0.3835    0.3457    0.0000
    19 C2     *px       -0.0000    0.0000    0.0000    0.0000   -0.0000   -0.0000   -0.0000    0.2979    0.7537    0.0000
    20 C2     2py       -0.0000   -0.0000    0.0000    0.0000    0.3137   -0.0000    0.2993    0.0000   -0.0000    0.0001
    21 C2     *py        0.0000    0.0000   -0.0000   -0.0000    0.1198    0.0000    0.1291    0.0000   -0.0000    0.0009
    22 C2     2pz       -0.0013    0.0006    0.1169   -0.1598   -0.0000   -0.4072    0.0000   -0.0000   -0.0000    0.1297
    23 C2     *pz        0.0006   -0.0019    0.0215   -0.0649    0.0000   -0.1447   -0.0000    0.0000   -0.0000    0.5618
    24 C2     *d2-      -0.0000    0.0000   -0.0000   -0.0000    0.0000   -0.0000    0.0000    0.0000   -0.0000    0.0000
    25 C2     *d1-      -0.0000   -0.0000    0.0000    0.0000   -0.0034   -0.0000   -0.0290   -0.0000    0.0000   -0.0000
    26 C2     *d0        0.0004    0.0009    0.0171   -0.0071   -0.0000   -0.0165    0.0000   -0.0000   -0.0000   -0.0053
    27 C2     *d1+       0.0000    0.0000    0.0000    0.0000   -0.0000   -0.0000    0.0000    0.0278   -0.0217   -0.0000
    28 C2     *d2+      -0.0007   -0.0014   -0.0015   -0.0095    0.0000   -0.0116   -0.0000    0.0000    0.0000    0.0008
    29 H3     1s        -0.0015    0.0019    0.1089   -0.1955    0.2090    0.1692   -0.2599    0.0000   -0.0000    0.0031
    30 H3     *s         0.0034   -0.0042    0.0098   -0.0384    0.0568    0.0578   -0.1200    0.0000   -0.0000    1.1257
    31 H3     *px       -0.0000    0.0000    0.0000    0.0000    0.0000   -0.0000   -0.0000    0.0106   -0.0176   -0.0000
    32 H3     *py        0.0007   -0.0010   -0.0137    0.0178   -0.0096   -0.0117    0.0088   -0.0000   -0.0000   -0.0019
    33 H3     *pz        0.0001   -0.0008   -0.0096    0.0073   -0.0096    0.0014    0.0092   -0.0000    0.0000   -0.0050
    34 H4     1s        -0.0015    0.0019    0.1089   -0.1955   -0.2090    0.1692    0.2599    0.0000   -0.0000    0.0031
    35 H4     *s         0.0034   -0.0042    0.0098   -0.0384   -0.0568    0.0579    0.1200    0.0000   -0.0000    1.1246
    36 H4     *px       -0.0000    0.0000    0.0000    0.0000   -0.0000   -0.0000    0.0000    0.0106   -0.0176   -0.0000
    37 H4     *py       -0.0007    0.0010    0.0137   -0.0178   -0.0096    0.0117    0.0088    0.0000    0.0000    0.0019
    38 H4     *pz        0.0001   -0.0008   -0.0096    0.0073    0.0096    0.0014   -0.0092   -0.0000    0.0000   -0.0050
    39 H5     1s        -0.0015   -0.0019    0.1090    0.1954    0.2090    0.1692    0.2599   -0.0000   -0.0000    0.0031
    40 H5     *s         0.0034    0.0043    0.0098    0.0384    0.0568    0.0578    0.1201   -0.0000   -0.0000    1.1241
    41 H5     *px        0.0000    0.0000    0.0000    0.0000    0.0000   -0.0000    0.0000    0.0106    0.0176    0.0000
    42 H5     *py        0.0007    0.0010   -0.0137   -0.0178   -0.0096   -0.0117   -0.0088    0.0000    0.0000   -0.0019
    43 H5     *pz       -0.0001   -0.0008    0.0096    0.0073    0.0096   -0.0014    0.0092   -0.0000   -0.0000    0.0050
    44 H6     1s        -0.0015   -0.0019    0.1090    0.1954   -0.2090    0.1692   -0.2599   -0.0000   -0.0000    0.0031
    45 H6     *s         0.0034    0.0043    0.0098    0.0384   -0.0568    0.0578   -0.1201   -0.0000   -0.0000    1.1260
    46 H6     *px        0.0000    0.0000    0.0000    0.0000   -0.0000   -0.0000   -0.0000    0.0106    0.0176    0.0000
    47 H6     *py       -0.0007   -0.0010    0.0137    0.0178   -0.0096    0.0117   -0.0088   -0.0000   -0.0000    0.0019
    48 H6     *pz       -0.0001   -0.0008    0.0096    0.0073   -0.0096   -0.0014   -0.0092   -0.0000   -0.0000    0.0050


      Orbital                11        12        13        14        15        16        17        18        19        20
      Energy             0.0000    0.0000    0.0000    0.0000    0.0000    0.0000    0.0000    0.0000    0.0000    0.0000
      Occ. No.           0.0000    0.0000    0.0000    0.0000    0.0000    0.0000    0.0000    0.0000    0.0000    0.0000

     1 C1     1s        -0.0004   -0.0928   -0.0000    0.0576   -0.0903   -0.0832    0.0000    0.0000   -0.0113    0.0000
     2 C1     2s         0.0005    0.1188    0.0001   -0.0809    0.7750    0.7003   -0.0001   -0.0000    0.6004   -0.0000
     3 C1     *s         0.0112    2.2871    0.0004   -5.1152   -0.6438   -1.8466    0.0005    0.0000   -4.4201    0.0000
     4 C1     2px        0.0000   -0.0000   -0.0000    0.0000    0.0000   -0.0000    0.0000    0.7028    0.0000    0.7807
     5 C1     *px        0.0000   -0.0000   -0.0000    0.0000    0.0000    0.0000   -0.0000   -0.6155   -0.0000   -1.0907
     6 C1     2py        0.2175   -0.0011   -0.1928   -0.0000    0.0000    0.0000   -0.0693   -0.0000    0.0001   -0.0000
     7 C1     *py        0.7675   -0.0036   -1.6077    0.0000    0.0000   -0.0001    0.5608   -0.0000   -0.0001    0.0000
     8 C1     2pz        0.0004    0.0833    0.0001    0.1547   -0.3867    0.1230   -0.0000   -0.0000    0.1768   -0.0000
     9 C1     *pz        0.0013    0.1987    0.0002    3.4940    0.7746   -0.7558   -0.0002   -0.0000    0.7785    0.0000
    10 C1     *d2-      -0.0000    0.0000    0.0000   -0.0000    0.0000   -0.0000   -0.0000    0.0000   -0.0000    0.0000
    11 C1     *d1-      -0.0109    0.0001   -0.0205    0.0000    0.0000    0.0000   -0.1013    0.0000   -0.0000   -0.0000
    12 C1     *d0       -0.0000   -0.0041    0.0000    0.0173    0.0491    0.0003   -0.0000    0.0000    0.0151    0.0000
    13 C1     *d1+      -0.0000   -0.0000   -0.0000   -0.0000   -0.0000   -0.0000    0.0000   -0.0632   -0.0000    0.0303
    14 C1     *d2+      -0.0000   -0.0080    0.0000    0.0156   -0.0061   -0.0660   -0.0000    0.0000   -0.0690   -0.0000
    15 C2     1s         0.0004    0.0928   -0.0000   -0.0576   -0.0903   -0.0832   -0.0000   -0.0000    0.0113    0.0000
    16 C2     2s        -0.0005   -0.1189    0.0001    0.0810    0.7750    0.7003    0.0001    0.0000   -0.6005   -0.0000
    17 C2     *s        -0.0107   -2.2871    0.0005    5.1149   -0.6445   -1.8467   -0.0005   -0.0000    4.4203    0.0000
    18 C2     2px       -0.0000   -0.0000    0.0000    0.0000    0.0000    0.0000    0.0000    0.7027    0.0000   -0.7809
    19 C2     *px        0.0000    0.0000    0.0000   -0.0000   -0.0000   -0.0000   -0.0000   -0.6152   -0.0000    1.0908
    20 C2     2py        0.2175   -0.0011    0.1929   -0.0000   -0.0000   -0.0000   -0.0693   -0.0000    0.0001    0.0000
    21 C2     *py        0.7670   -0.0035    1.6079    0.0000    0.0000    0.0001    0.5607    0.0000   -0.0001   -0.0000
    22 C2     2pz        0.0004    0.0833   -0.0001    0.1547    0.3867   -0.1230   -0.0000   -0.0000    0.1768    0.0000
    23 C2     *pz        0.0011    0.1988   -0.0002    3.4940   -0.7749    0.7558   -0.0002   -0.0000    0.7784   -0.0000
    24 C2     *d2-       0.0000   -0.0000    0.0000   -0.0000    0.0000    0.0000    0.0000   -0.0000   -0.0000    0.0000
    25 C2     *d1-       0.0109   -0.0001   -0.0205   -0.0000   -0.0000   -0.0000    0.1013   -0.0000    0.0000    0.0000
    26 C2     *d0        0.0000    0.0041    0.0000   -0.0173    0.0491    0.0003    0.0000   -0.0000   -0.0151    0.0000
    27 C2     *d1+       0.0000    0.0000   -0.0000    0.0000   -0.0000   -0.0000   -0.0000    0.0632    0.0000    0.0302
    28 C2     *d2+       0.0000    0.0080    0.0000   -0.0156   -0.0061   -0.0660    0.0000    0.0000    0.0690   -0.0000
    29 H3     1s        -0.0250   -0.0001   -0.0264   -0.1136   -0.0628    0.4607   -0.5630   -0.0000    0.5654    0.0000
    30 H3     *s        -1.1781   -1.2659    1.6604   -0.2437    0.1823    0.4471    0.1148   -0.0000    0.3729   -0.0000
    31 H3     *px        0.0000    0.0000    0.0000   -0.0000   -0.0000   -0.0000    0.0000    0.0144    0.0000    0.0318
    32 H3     *py        0.0055    0.0060   -0.0094   -0.0068   -0.0026    0.0104    0.0020    0.0000    0.0314    0.0000
    33 H3     *pz        0.0027   -0.0002   -0.0135    0.0047    0.0315   -0.0137   -0.0540    0.0000   -0.0074    0.0000
    34 H4     1s         0.0250   -0.0003    0.0264   -0.1135   -0.0628    0.4607    0.5630   -0.0000    0.5654    0.0000
    35 H4     *s         1.1654   -1.2771   -1.6611   -0.2438    0.1823    0.4471   -0.1148   -0.0000    0.3727   -0.0000
    36 H4     *px       -0.0000    0.0000   -0.0000   -0.0000   -0.0000   -0.0000   -0.0000    0.0144    0.0000    0.0318
    37 H4     *py        0.0054   -0.0060   -0.0093    0.0068    0.0026   -0.0104    0.0020   -0.0000   -0.0315   -0.0000
    38 H4     *pz       -0.0027   -0.0002    0.0135    0.0047    0.0315   -0.0137    0.0540    0.0000   -0.0074    0.0000
    39 H5     1s        -0.0250    0.0003    0.0264    0.1135   -0.0628    0.4606   -0.5630    0.0000   -0.5654    0.0000
    40 H5     *s        -1.1653    1.2770   -1.6614    0.2439    0.1824    0.4472    0.1148    0.0000   -0.3728   -0.0000
    41 H5     *px       -0.0000    0.0000    0.0000   -0.0000    0.0000    0.0000   -0.0000    0.0144    0.0000   -0.0318
    42 H5     *py        0.0054   -0.0060    0.0093    0.0068   -0.0026    0.0104    0.0020   -0.0000   -0.0315    0.0000
    43 H5     *pz       -0.0027   -0.0002   -0.0135    0.0047   -0.0314    0.0137    0.0540    0.0000   -0.0074   -0.0000
    44 H6     1s         0.0250    0.0001   -0.0264    0.1136   -0.0628    0.4606    0.5630    0.0000   -0.5654    0.0000
    45 H6     *s         1.1774    1.2660    1.6606    0.2439    0.1824    0.4471   -0.1148    0.0000   -0.3730   -0.0000
    46 H6     *px        0.0000    0.0000   -0.0000   -0.0000    0.0000    0.0000    0.0000    0.0144    0.0000   -0.0318
    47 H6     *py        0.0055    0.0060    0.0094   -0.0068    0.0026   -0.0103    0.0020    0.0000    0.0314   -0.0000
    48 H6     *pz        0.0027   -0.0002    0.0135    0.0047   -0.0314    0.0137   -0.0540    0.0000   -0.0074   -0.0000


      Orbital                21        22        23        24        25        26        27        28        29        30
      Energy             0.0000    0.0000    0.0000    0.0000    0.0000    0.0000    0.0000    0.0000    0.0000    0.0000
      Occ. No.           0.0000    0.0000    0.0000    0.0000    0.0000    0.0000    0.0000    0.0000    0.0000    0.0000

     1 C1     1s        -0.1517   -0.2228   -0.0004    0.0001   -0.1149    0.0000   -0.0000    0.0000    0.0000    0.0000
     2 C1     2s         0.8137    1.3453    0.0026   -0.0003    0.6405   -0.0001    0.0000   -0.0000   -0.0000   -0.0000
     3 C1     *s        -1.6839   -4.2209   -0.0085    0.0007   -4.4552    0.0001   -0.0000   -0.0000    0.0000    0.0000
     4 C1     2px        0.0000    0.0000    0.0000    0.0000    0.0000   -0.0000   -0.0000   -0.0000    0.0759   -0.0000
     5 C1     *px       -0.0000   -0.0000   -0.0000   -0.0000   -0.0000   -0.0000    0.0000    0.0000   -0.1288   -0.0000
     6 C1     2py        0.0002    0.0013   -0.6759    0.7227    0.0000    0.1279   -0.0000   -0.0000    0.0000    0.0738
     7 C1     *py       -0.0007   -0.0023    1.2260   -2.1101   -0.0001   -3.0558    0.0000    0.0000    0.0000   -1.8705
     8 C1     2pz        0.4061    0.1707    0.0002   -0.0001   -0.8137   -0.0000    0.0000    0.0000    0.0000    0.0000
     9 C1     *pz       -0.5785    0.1367    0.0004    0.0003    2.7388    0.0000    0.0000    0.0000   -0.0000   -0.0000
    10 C1     *d2-      -0.0000   -0.0000    0.0000   -0.0000    0.0000    0.0000    0.3298   -0.2599   -0.0000   -0.0000
    11 C1     *d1-      -0.0000   -0.0003    0.1425   -0.0651   -0.0000    0.1167   -0.0000    0.0000   -0.0000   -0.0514
    12 C1     *d0        0.0135   -0.0166   -0.0000   -0.0000   -0.1805    0.0000    0.0000    0.0000    0.0000    0.0000
    13 C1     *d1+       0.0000   -0.0000   -0.0000    0.0000    0.0000    0.0000    0.0000   -0.0000    0.4210    0.0000
    14 C1     *d2+       0.1053    0.0840    0.0001   -0.0000   -0.0369    0.0000   -0.0000   -0.0000   -0.0000    0.0000
    15 C2     1s        -0.1579    0.2184    0.0004    0.0001    0.1149    0.0000    0.0000    0.0000   -0.0000    0.0000
    16 C2     2s         0.8508   -1.3220   -0.0027   -0.0003   -0.6404   -0.0001   -0.0000   -0.0000    0.0000   -0.0000
    17 C2     *s        -1.8014    4.1723    0.0088    0.0008    4.4550    0.0001    0.0000    0.0000   -0.0000    0.0000
    18 C2     2px       -0.0000    0.0000   -0.0000   -0.0000    0.0000    0.0000    0.0000   -0.0000    0.0759    0.0000
    19 C2     *px        0.0000   -0.0000    0.0000    0.0000   -0.0000   -0.0000   -0.0000    0.0000   -0.1288    0.0000
    20 C2     2py       -0.0003    0.0013   -0.6758   -0.7228    0.0000   -0.1279   -0.0000   -0.0000   -0.0000   -0.0737
    21 C2     *py        0.0009   -0.0023    1.2258    2.1103   -0.0001    3.0558   -0.0000   -0.0000   -0.0000    1.8703
    22 C2     2pz       -0.4106    0.1594    0.0003    0.0001   -0.8137    0.0000   -0.0000    0.0000    0.0000   -0.0000
    23 C2     *pz        0.5740    0.1528    0.0003   -0.0002    2.7388   -0.0001    0.0000    0.0000   -0.0000    0.0000
    24 C2     *d2-      -0.0000    0.0000   -0.0000   -0.0000    0.0000    0.0000    0.3298    0.2599    0.0000   -0.0000
    25 C2     *d1-      -0.0000    0.0003   -0.1425   -0.0652    0.0000    0.1168   -0.0000   -0.0000    0.0000   -0.0514
    26 C2     *d0        0.0130    0.0170    0.0000   -0.0000    0.1806   -0.0000    0.0000    0.0000   -0.0000    0.0000
    27 C2     *d1+       0.0000    0.0000    0.0000    0.0000   -0.0000   -0.0000   -0.0000    0.0000   -0.4211    0.0000
    28 C2     *d2+       0.1076   -0.0811   -0.0002   -0.0000    0.0370    0.0000   -0.0000   -0.0000   -0.0000    0.0000
    29 H3     1s        -0.4206   -0.3193    0.1647   -0.1501    0.0785    0.7825   -0.0000   -0.0000   -0.0000    0.4686
    30 H3     *s         0.9095    1.2264   -1.0436    1.2601   -0.1654    0.9000   -0.0000   -0.0000    0.0000    0.5783
    31 H3     *px        0.0000    0.0000   -0.0000    0.0000    0.0000    0.0000    0.3516   -0.3996    0.3047   -0.0000
    32 H3     *py       -0.1215   -0.1050    0.1067   -0.0957    0.0726   -0.0471    0.0000   -0.0000   -0.0000    0.3535
    33 H3     *pz       -0.0310   -0.0535    0.0577   -0.1159   -0.0577    0.1248   -0.0000    0.0000    0.0000   -0.3451
    34 H4     1s        -0.4206   -0.3186   -0.1657    0.1503    0.0785   -0.7824    0.0000    0.0000   -0.0000   -0.4686
    35 H4     *s         0.9089    1.2225    1.0483   -1.2609   -0.1655   -0.9001    0.0000    0.0000    0.0000   -0.5783
    36 H4     *px        0.0000    0.0000    0.0000   -0.0000    0.0000   -0.0000   -0.3516    0.3995    0.3047    0.0000
    37 H4     *py        0.1215    0.1046    0.1071   -0.0958   -0.0726   -0.0471    0.0000   -0.0000    0.0000    0.3535
    38 H4     *pz       -0.0310   -0.0532   -0.0579    0.1160   -0.0577   -0.1248    0.0000   -0.0000    0.0000    0.3451
    39 H5     1s        -0.4293    0.3068    0.1657    0.1503   -0.0785   -0.7824    0.0000   -0.0000    0.0000   -0.4685
    40 H5     *s         0.9424   -1.1967   -1.0483   -1.2610    0.1656   -0.9001    0.0000    0.0000   -0.0000   -0.5782
    41 H5     *px       -0.0000    0.0000    0.0000    0.0000    0.0000    0.0000    0.3516    0.3995    0.3047   -0.0000
    42 H5     *py       -0.1243    0.1012    0.1071    0.0958   -0.0727    0.0471   -0.0000   -0.0000    0.0000   -0.3533
    43 H5     *pz        0.0324   -0.0523   -0.0579   -0.1160   -0.0577    0.1248   -0.0000   -0.0000    0.0000   -0.3450
    44 H6     1s        -0.4293    0.3075   -0.1646   -0.1501   -0.0785    0.7825   -0.0000    0.0000    0.0000    0.4686
    45 H6     *s         0.9434   -1.2006    1.0433    1.2602    0.1655    0.8999   -0.0000   -0.0000   -0.0000    0.5782
    46 H6     *px       -0.0000    0.0000   -0.0000   -0.0000    0.0000   -0.0000   -0.3516   -0.3996    0.3047    0.0000
    47 H6     *py        0.1244   -0.1016    0.1067    0.0957    0.0727    0.0471   -0.0000   -0.0000   -0.0000   -0.3533
    48 H6     *pz        0.0325   -0.0526    0.0577    0.1159   -0.0577   -0.1248    0.0000    0.0000    0.0000    0.3449


      Orbital                31        32        33        34        35        36        37        38        39        40
      Energy             0.0000    0.0000    0.0000    0.0000    0.0000    0.0000    0.0000    0.0000    0.0000    0.0000
      Occ. No.           0.0000    0.0000    0.0000    0.0000    0.0000    0.0000    0.0000    0.0000    0.0000    0.0000

     1 C1     1s         0.0000    0.0146   -0.0000    0.0787   -0.0000   -0.0675    0.0000    0.0000   -0.0261    0.0000
     2 C1     2s        -0.0000   -0.0984    0.0000   -0.4932    0.0000    0.6060    0.0000    0.0000    0.3666   -0.0000
     3 C1     *s         0.0000   -0.4981   -0.0000   -1.7234    0.0000   -0.2866   -0.0000   -0.0000   -2.9907    0.0000
     4 C1     2px        0.0000    0.0000   -0.1645    0.0000    0.0000    0.0000   -0.2132    0.0000    0.0000   -0.0000
     5 C1     *px        0.0000   -0.0000   -0.5330    0.0000    0.0000    0.0000   -0.1332   -0.0000    0.0000    0.0000
     6 C1     2py        0.1456   -0.0000   -0.0000    0.0000    0.0949    0.0000    0.0000   -0.0000    0.0000   -0.7701
     7 C1     *py       -0.5516    0.0002    0.0000   -0.0000    0.1192   -0.0000    0.0000   -0.0000   -0.0000   -0.4986
     8 C1     2pz        0.0000    0.1833   -0.0000    0.1884   -0.0000   -0.0363    0.0000    0.0000    0.5379   -0.0000
     9 C1     *pz       -0.0002   -0.7559    0.0000    1.5129   -0.0000    0.2922    0.0000    0.0000    1.7996   -0.0000
    10 C1     *d2-      -0.0000   -0.0000   -0.0000    0.0000    0.0000    0.0000   -0.0000    0.6682   -0.0000   -0.0000
    11 C1     *d1-      -0.1711    0.0000   -0.0000   -0.0000   -0.4143   -0.0000   -0.0000    0.0000    0.0000    0.1583
    12 C1     *d0        0.0000    0.1714   -0.0000   -0.0522    0.0000   -0.3615   -0.0000   -0.0000   -0.2355   -0.0000
    13 C1     *d1+       0.0000    0.0000    0.1531    0.0000    0.0000   -0.0000   -0.4906    0.0000    0.0000   -0.0000
    14 C1     *d2+       0.0001    0.2964    0.0000   -0.2472    0.0000    0.4389    0.0000    0.0000    0.3540    0.0000
    15 C2     1s         0.0000    0.0146   -0.0000   -0.0787    0.0000   -0.0675   -0.0000   -0.0000    0.0261    0.0000
    16 C2     2s        -0.0000   -0.0984    0.0000    0.4934   -0.0000    0.6058   -0.0000    0.0000   -0.3666   -0.0000
    17 C2     *s        -0.0002   -0.4982    0.0000    1.7233   -0.0000   -0.2873    0.0000    0.0000    2.9907    0.0000
    18 C2     2px        0.0000   -0.0000    0.1645   -0.0000    0.0000   -0.0000   -0.2132   -0.0000    0.0000   -0.0000
    19 C2     *px       -0.0000    0.0000    0.5330   -0.0000    0.0000   -0.0000   -0.1333    0.0000    0.0000   -0.0000
    20 C2     2py        0.1456   -0.0000    0.0000    0.0000    0.0949   -0.0000    0.0000    0.0000    0.0000    0.7701
    21 C2     *py       -0.5524   -0.0000   -0.0000   -0.0000    0.1192    0.0000   -0.0000    0.0000   -0.0000    0.4986
    22 C2     2pz       -0.0000   -0.1833    0.0000    0.1884   -0.0000    0.0362    0.0000    0.0000    0.5379    0.0000
    23 C2     *pz        0.0001    0.7559   -0.0000    1.5128   -0.0000   -0.2928    0.0000    0.0000    1.7996   -0.0000
    24 C2     *d2-       0.0000   -0.0000   -0.0000    0.0000    0.0000    0.0000    0.0000    0.6683   -0.0000   -0.0000
    25 C2     *d1-       0.1711   -0.0000    0.0000    0.0000    0.4143    0.0000    0.0000    0.0000   -0.0000    0.1583
    26 C2     *d0        0.0000    0.1714   -0.0000    0.0521    0.0000   -0.3615    0.0000    0.0000    0.2355   -0.0000
    27 C2     *d1+      -0.0000    0.0000    0.1531   -0.0000   -0.0000   -0.0000    0.4907    0.0000   -0.0000   -0.0000
    28 C2     *d2+       0.0000    0.2965    0.0000    0.2473   -0.0000    0.4388   -0.0000   -0.0000   -0.3540    0.0000
    29 H3     1s         0.2340    0.2455   -0.0000   -0.1521    0.1336    0.0496    0.0000    0.0000   -0.0616    0.2713
    30 H3     *s         0.1868    0.1623   -0.0000   -0.0680   -0.2338   -0.0189   -0.0000    0.0000   -0.1573    0.4079
    31 H3     *px       -0.0000    0.0000    0.5401   -0.0000   -0.0000   -0.0000    0.4704   -0.4216   -0.0000    0.0000
    32 H3     *py        0.3923   -0.0617    0.0000    0.0421    0.0643    0.2691    0.0000   -0.0000    0.5086   -0.4125
    33 H3     *pz       -0.2866    0.4050   -0.0000   -0.4891    0.4012   -0.0772   -0.0000   -0.0000   -0.1283   -0.4716
    34 H4     1s        -0.2339    0.2456   -0.0000   -0.1522   -0.1336    0.0496    0.0000   -0.0000   -0.0616   -0.2713
    35 H4     *s        -0.1868    0.1625   -0.0000   -0.0681    0.2338   -0.0189   -0.0000   -0.0000   -0.1573   -0.4079
    36 H4     *px        0.0000    0.0000    0.5401   -0.0000    0.0000   -0.0000    0.4704    0.4216   -0.0000   -0.0000
    37 H4     *py        0.3923    0.0615   -0.0000   -0.0421    0.0643   -0.2691   -0.0000   -0.0000   -0.5085   -0.4125
    38 H4     *pz        0.2868    0.4049   -0.0000   -0.4891   -0.4012   -0.0772   -0.0000    0.0000   -0.1283    0.4717
    39 H5     1s         0.2342    0.2456    0.0000    0.1522    0.1336    0.0495   -0.0000   -0.0000    0.0616   -0.2713
    40 H5     *s         0.1871    0.1625   -0.0000    0.0681   -0.2338   -0.0190    0.0000   -0.0000    0.1573   -0.4079
    41 H5     *px        0.0000   -0.0000   -0.5400    0.0000    0.0000    0.0000    0.4705   -0.4217   -0.0000    0.0000
    42 H5     *py        0.3925   -0.0616    0.0000   -0.0420    0.0643    0.2692   -0.0000    0.0000   -0.5085    0.4125
    43 H5     *pz        0.2867   -0.4050    0.0000   -0.4891   -0.4012    0.0774   -0.0000   -0.0000   -0.1283   -0.4716
    44 H6     1s        -0.2342    0.2456    0.0000    0.1522   -0.1336    0.0495   -0.0000    0.0000    0.0616    0.2713
    45 H6     *s        -0.1870    0.1624   -0.0000    0.0680    0.2338   -0.0189    0.0000    0.0000    0.1573    0.4079
    46 H6     *px       -0.0000   -0.0000   -0.5400    0.0000   -0.0000    0.0000    0.4705    0.4217   -0.0000   -0.0000
    47 H6     *py        0.3925    0.0615   -0.0000    0.0420    0.0643   -0.2692    0.0000    0.0000    0.5085    0.4125
    48 H6     *pz       -0.2869   -0.4049    0.0000   -0.4891    0.4012    0.0774   -0.0000    0.0000   -0.1283    0.4716


      Orbital                41        42        43        44        45        46        47        48
      Energy             0.0000    0.0000    0.0000    0.0000    0.0000    0.0000    0.0000    0.0000
      Occ. No.           0.0000    0.0000    0.0000    0.0000    0.0000    0.0000    0.0000    0.0000

     1 C1     1s         0.0164    0.0000   -0.0000    0.1500   -0.0001    0.1900   -0.0772    0.0000
     2 C1     2s        -0.0414   -0.0000    0.0000   -0.9892    0.0006   -1.0728    0.4276   -0.0000
     3 C1     *s        -0.4988   -0.0000    0.0000   -0.4235    0.0006   -1.0770    1.3719   -0.0000
     4 C1     2px       -0.0000    0.0000   -0.0979    0.0000   -0.0000    0.0000   -0.0000    0.0000
     5 C1     *px       -0.0000   -0.0000   -0.0490   -0.0000    0.0000   -0.0000    0.0000    0.0000
     6 C1     2py        0.0000    0.0000    0.0000    0.0000    0.9376    0.0005   -0.0000    0.5402
     7 C1     *py        0.0000    0.0000   -0.0000    0.0000    0.4603    0.0003   -0.0000    0.7522
     8 C1     2pz       -0.3461   -0.0000    0.0000   -0.5183   -0.0002    0.3725    0.7326   -0.0000
     9 C1     *pz       -0.2109   -0.0000    0.0000   -0.1828   -0.0001    0.1873   -0.1718   -0.0000
    10 C1     *d2-       0.0000   -0.7729    0.0000   -0.0000    0.0000    0.0000    0.0000    0.0000
    11 C1     *d1-      -0.0000    0.0000    0.0000   -0.0000    0.7822    0.0004   -0.0000    1.2314
    12 C1     *d0       -0.5941   -0.0000    0.0000    0.1837    0.0005   -0.9534   -0.5800   -0.0000
    13 C1     *d1+       0.0000    0.0000    0.9059   -0.0000    0.0000    0.0000   -0.0000   -0.0000
    14 C1     *d2+      -0.0968   -0.0000    0.0000    0.7028   -0.0002    0.3268   -0.8411    0.0000
    15 C2     1s         0.0164   -0.0000   -0.0000    0.1501    0.0001   -0.1900    0.0771    0.0000
    16 C2     2s        -0.0414    0.0000   -0.0000   -0.9893   -0.0006    1.0728   -0.4273   -0.0000
    17 C2     *s        -0.4985   -0.0000    0.0000   -0.4241   -0.0006    1.0770   -1.3718   -0.0000
    18 C2     2px        0.0000   -0.0000    0.0980   -0.0000   -0.0000    0.0000   -0.0000    0.0000
    19 C2     *px        0.0000    0.0000    0.0490    0.0000    0.0000   -0.0000    0.0000    0.0000
    20 C2     2py       -0.0000    0.0000   -0.0000    0.0000    0.9377    0.0005   -0.0000   -0.5401
    21 C2     *py       -0.0000    0.0000    0.0000   -0.0000    0.4604    0.0003   -0.0000   -0.7522
    22 C2     2pz        0.3461    0.0000   -0.0000    0.5185   -0.0002    0.3725    0.7325    0.0000
    23 C2     *pz        0.2110    0.0000   -0.0000    0.1827   -0.0001    0.1873   -0.1719    0.0000
    24 C2     *d2-      -0.0000    0.7728   -0.0000    0.0000   -0.0000   -0.0000   -0.0000    0.0000
    25 C2     *d1-      -0.0000   -0.0000    0.0000   -0.0000   -0.7824   -0.0004    0.0000    1.2313
    26 C2     *d0       -0.5941   -0.0000    0.0000    0.1838   -0.0005    0.9534    0.5799   -0.0000
    27 C2     *d1+       0.0000    0.0000    0.9059   -0.0000   -0.0000   -0.0000   -0.0000    0.0000
    28 C2     *d2+      -0.0969   -0.0000    0.0000    0.7030    0.0002   -0.3268    0.8409    0.0000
    29 H3     1s         0.1103   -0.0000   -0.0000    0.6458   -0.7057    0.3425   -0.6353   -0.7474
    30 H3     *s         0.2274   -0.0000   -0.0000    0.1969   -0.3160    0.2070   -0.2521   -0.2642
    31 H3     *px       -0.0000    0.3867   -0.2119    0.0000   -0.0000   -0.0000   -0.0000   -0.0000
    32 H3     *py       -0.4080    0.0000    0.0000   -0.5900    0.6365   -0.4411    0.4141    0.5704
    33 H3     *pz        0.2676    0.0000   -0.0000   -0.4767    0.4177   -0.0329    0.5172    0.1679
    34 H4     1s         0.1103    0.0000   -0.0000    0.6458    0.7053    0.3432   -0.6353    0.7474
    35 H4     *s         0.2275    0.0000   -0.0000    0.1970    0.3158    0.2074   -0.2521    0.2642
    36 H4     *px       -0.0000   -0.3867   -0.2119    0.0000    0.0000   -0.0000   -0.0000    0.0000
    37 H4     *py        0.4080    0.0000   -0.0000    0.5900    0.6360    0.4418   -0.4142    0.5705
    38 H4     *pz        0.2675   -0.0000   -0.0000   -0.4767   -0.4177   -0.0333    0.5172   -0.1679
    39 H5     1s         0.1103   -0.0000   -0.0000    0.6460   -0.7054   -0.3432    0.6351    0.7473
    40 H5     *s         0.2275   -0.0000   -0.0000    0.1970   -0.3158   -0.2074    0.2521    0.2642
    41 H5     *px        0.0000   -0.3867    0.2119   -0.0000    0.0000   -0.0000   -0.0000   -0.0000
    42 H5     *py       -0.4080    0.0000    0.0000   -0.5901    0.6361    0.4417   -0.4140   -0.5704
    43 H5     *pz       -0.2676   -0.0000    0.0000    0.4768   -0.4177   -0.0333    0.5171    0.1679
    44 H6     1s         0.1103    0.0000   -0.0000    0.6460    0.7058   -0.3425    0.6351   -0.7473
    45 H6     *s         0.2274    0.0000   -0.0000    0.1970    0.3160   -0.2070    0.2520   -0.2642
    46 H6     *px        0.0000    0.3867    0.2119   -0.0000   -0.0000   -0.0000   -0.0000    0.0000
    47 H6     *py        0.4080    0.0000   -0.0000    0.5901    0.6366   -0.4411    0.4140   -0.5704
    48 H6     *pz       -0.2676    0.0000    0.0000    0.4768    0.4178   -0.0329    0.5171   -0.1679
--

      Von Neumann Entropy (Root   1) =  0.32352


      Mulliken population analysis for root number:  1
      -----------------------------------------------


++    Molecular charges:
      ------------------

      Mulliken charges per centre and basis function type
      ---------------------------------------------------

                C1      C2      H3      H4      H5      H6    
      1s       1.9897  1.9897  0.7537  0.7537  0.7537  0.7537
      2s       0.8620  0.8621  0.0000  0.0000  0.0000  0.0000
      2px      0.5096  0.5096  0.0000  0.0000  0.0000  0.0000
      2pz      0.7547  0.7547  0.0000  0.0000  0.0000  0.0000
      2py      0.6962  0.6961  0.0000  0.0000  0.0000  0.0000
      *s       0.2657  0.2655  0.1878  0.1878  0.1878  0.1878
      *px      0.4747  0.4748  0.0041  0.0041  0.0041  0.0041
      *pz      0.2089  0.2089  0.0071  0.0071  0.0071  0.0071
      *py      0.2675  0.2674  0.0149  0.0149  0.0149  0.0149
      *d2+     0.0038  0.0038  0.0000  0.0000  0.0000  0.0000
      *d1+     0.0083  0.0083  0.0000  0.0000  0.0000  0.0000
      *d0      0.0094  0.0094  0.0000  0.0000  0.0000  0.0000
      *d1-     0.0145  0.0145  0.0000  0.0000  0.0000  0.0000
      *d2-     0.0000  0.0000  0.0000  0.0000  0.0000  0.0000
      Total    6.0648  6.0649  0.9676  0.9676  0.9676  0.9676

      N-E     -0.0648 -0.0649  0.0324  0.0324  0.0324  0.0324

      Total electronic charge=   16.000000

      Total            charge=   -0.000000
--



      Expectation values of various properties for root number:  1
      -----------------------------------------------------------

      Properties not supported for DMRGSCF 

++    Molecular properties:
      ---------------------

      Charge (e):
                      =   -0.0000
      Dipole Moment (Debye):
      Origin of the operator (Ang)=    0.0000    0.0000    0.0000
                   X=  1.2282E-09               Y=  1.0023E-05               Z=  2.8557E-04           Total=  2.8575E-04
      Quadrupole Moment (Debye*Ang):
      Origin of the operator (Ang)=    0.0000    0.0000    0.0000
                  XX= -1.5741E+01              XY= -1.4445E-12              XZ=  2.9192E-08              YY= -1.2819E+01
                  YZ= -4.5196E-05              ZZ= -1.2837E+01
      In traceless form (Debye*Ang)
                  XX= -2.9130E+00              XY= -2.1668E-12              XZ=  4.3788E-08              YY=  1.4700E+00
                  YZ= -6.7794E-05              ZZ=  1.4431E+00
--


      Input file to MOLDEN was generated!

      Average orbitals are written to the RASORB file
      Natural orbitals for root   1 are written to the RASORB.1 file
      Spin density orbitals for root   1 are written to the SPDORB.1 file

--- Stop Module: dmrgscf at Thu Oct  9 13:08:42 2025 /rc=_RC_ALL_IS_WELL_ ---
*** files: autocas_project.rasscf.molden autocas_project.RasOrb autocas_project.RasOrb.1 autocas_project.dmrgscf.h5 autocas_project.SpdOrb.1 xmldump
    saved to directory /public/home/xzzeng/work/HQC/Ethene/autoCAS/autocas_project/dmrg
--- Module dmrgscf spent 2 minutes 18 seconds ---

.##################.
.# Happy landing! #.
.##################.

    Timing: Wall=138.76 User=135.84 System=0.94
