   This run of MOLCAS is using the pymolcas driver

                             OPE
                             OPE          NMOL  CASOP  ENMOLC A   SO
                 OPE        NMOLC        AS  OP EN  MO LC     AS  OP
                OPENM       OL CA        SO  PE NM  OL CA     SOP EN
                OP EN      MO   LC       AS  OP ENMOL  CASO   PENMOL
                OP  EN     MO   LC       AS  OP EN     MO     LC ASO
               OP   E  NMOL  C  AS       OP  EN MO     LC     AS  OP
               OP  E   NMO   LC AS        OPEN  MO     LCASOP EN   M
               O  PEN   MO  LCA  SO
            OPE   NMO   L   CAS    OP
        OPENMOL  CASOP     ENMOL   CASOPE
     OPENMOLCA   SOPENMOLCASOPEN   MOLCASOPE
    OPENMOLCAS   OP           EN   MOL    CAS
    OPENMOLCAS       OP  ENM        O     LCA
    OPENMOLCAS    OPEN  MOLCASO     P  E  NMO
    OPENMOLCAS     OP               E  N  MOL
    OPENMOLCA   SO           PENM   O  L  CAS    OPEN    MO    LCAS
    OPENMOLCA   SOP           ENM   O  L  CAS   OP  EN  MOLC  AS   O
    OPENMOLCA   SOPE           NM      O  LCA   S      OP  EN MO
    OPENMOLC                AS         O  PEN   M      OL  CA  SOPE
    OPENMO        LCASOPE  NMOL        C  ASO   P      ENMOLC     AS
    OPE     NMO      LCA  SO     P     E   NM   OL  CA SO  PE N   MO
          OPENMOLCA            SOPE   NMO        LCAS  O    P  ENMO
     OPENMOLCASOPENMOLCASOPENMOLCASOPENMOLCA
        OPENMOLCASOPENMOLCASOPENMOLCASOPE
            OPENMOLCASOPENMOLCASOPENM
               OPENMOLCASOPENMOLCA        version: o822a959167d23c ?
                   OPENMOLCASO
                       OPE                tag:

 OpenMolcas is free software; you can redistribute it and/or modify it
 under the terms of the GNU Lesser General Public License version 2.1.
 OpenMolcas is distributed in the hope that it will be useful, but it
 is provided "as is" and without any express or implied warranties.
 For more details see the full text of the license in the file
 LICENSE or in <http://www.gnu.org/licenses/>.

                 Copyright (C) The OpenMolcas Authors
           For the author list and the recommended citation,
                   consult the file CONTRIBUTORS.md

           *************************************************
           * pymolcas version py2.28                       *
           *   build c4a6d18ded8cb6cad61d2372a9abd97c      *
           *   (after the EMIL interpreter by V. Veryazov) *
           *************************************************

configuration info
------------------
Host name: mgt (Linux)
C Compiler ID: GNU
C flags: -std=gnu99
Fortran Compiler ID: GNU
Fortran flags: -fno-aggressive-loop-optimizations -cpp -fdefault-integer-8 -fmax-stack-var-size=1048576
Definitions: _MOLCAS_;_I8_;_LINUX_
Parallel: OFF (GA=OFF)


   -----------------------------------------------------------------------------------
  |
  |           Project: autocas_project
  |    Submitted from: /public/home/xzzeng/work/HQC/Fe-CO/autoCAS/autocas_project/dmrg
  |      Scratch area: /public/home/xzzeng/work/HQC/Fe-CO/autoCAS/molcas_scratch
  |   Save outputs to: /public/home/xzzeng/work/HQC/Fe-CO/autoCAS/autocas_project/dmrg
  |            Molcas: /public/home/xzzeng/soft/OpenMolcas/build
  |
  | Scratch area is NOT empty
  |
  |    MOLCAS_DRIVER = /public/home/xzzeng/soft/OpenMolcas/build/pymolcas
  |    MOLCAS_NPROCS = 1
  |    MOLCAS_SOURCE = /public/home/xzzeng/soft/OpenMolcas
  | MOLCAS_STRUCTURE = 0
  |
   -----------------------------------------------------------------------------------

++ ---------   Input file   ---------

&DMRGSCF
  FIEDLER=ON
ActiveSpaceOptimizer = QCMaquis
DMRGSettings
  nsweeps = 5
  max_bond_dimension = 250
EndDMRGSettings
OOptimizationSettings
  SPIN    = 1
  NACTEL  = 18
  FILEORB = /public/home/xzzeng/work/HQC/Fe-CO/autoCAS/autocas_project/dmrg/autocas_project.scf.h5_sel
  TYPEINDEX
  CIONLY
EndOOptimizationSettings

-- ----------------------------------

*** symbolic link created: INPORB -> autocas_project.RasOrb
--- Start Module: dmrgscf at Thu Oct  9 14:59:34 2025 ---

()()()()()()()()()()()()()()()()()()()()()()()()()()()()()()()()()()()()()()()()()()()()()()()()()()

                                              &DMRGSCF

                                   only a single process is used
                       available to each process: 12 GB of memory, 1 thread?
                                             pid: 6886
()()()()()()()()()()()()()()()()()()()()()()()()()()()()()()()()()()()()()()()()()()()()()()()()()()


      DMRGSCF: active space solver is set to qcmaquis
      -------                                --------


      Header of the ONEINT file:
      --------------------------
      
      Integrals generated by Gateway/Seward, Thu Oct  9 14:59:33 2025


      OrdInt status: non-squared


      Cartesian coordinates in Angstrom:
      -----------------------------------------------------
      No.  Label        X            Y            Z        
      -----------------------------------------------------
       1   FE1        0.00000000   0.00000000   0.00000000
       2   C2         0.00000000   0.00000000   1.75000000
       3   O3         0.00000000   0.00000000   2.95000000
      -----------------------------------------------------
      Nuclear repulsion energy =   73.15714778

++    Wave function specifications:
      -----------------------------

      Number of closed shell electrons          22
      Number of electrons in active shells      18
      Max number of holes in RAS1 space          0
      Max nr of electrons in RAS3 space          0
      Number of inactive orbitals               11
      Number of active orbitals                 22
      Number of secondary orbitals               7
      Spin quantum number                      0.0
      State symmetry                             1
--

++    Orbital specifications:
      -----------------------

      Symmetry species                           1
                                                 a
      Frozen orbitals                            0
      Inactive orbitals                         11
      Active orbitals                           22
      RAS1 orbitals                              0
      RAS2 orbitals                             22
      RAS3 orbitals                              0
      Secondary orbitals                         7
      Deleted orbitals                           0
      Number of basis functions                 40
--

++    DMRG specifications:
      ----------------------------

      Number of renormalized states              250
      (Max) number of sweeps                     5
      Convergence threshold (sweep tolerance)    0.100E-07
      Jacobi-Davidson threshold                  0.100E-10
      SVD truncation threshold (initial)         1e-50
      SVD truncation threshold (final)           0.100E-10
      Number of root(s) required                 1
      Root chosen for geometry opt.              1
      DMRG root used                             1
         
--

++    Optimization specifications:
      ----------------------------

      RASSCF algorithm: LK Cholesky
      Maximum number of macro iterations       200
      Maximum number of SX iterations          100
      Threshold for RASSCF energy            1.000E-08
      Threshold for max MO rotation          1.000E-01
      Threshold for max BLB element          1.000E-04
      Level shift parameter                  5.000E-01
      Make Quasi-Newton update
--

      The MO-coefficients are taken from the file:
      /public/home/xzzeng/work/HQC/Fe-CO/autoCAS/autocas_project/dmrg/autocas_project.scf.h5_sel                                                                                                                                                                      

      Total molecular charge  -10.00

      ************************************************************************************************************************
      *                                                                                                                      *
      *                                            Wave function control section                                             *
      *                                                                                                                      *
      ************************************************************************************************************************


                                         DMRGCI only, no orbital optimization will be done.
                                         --------------------------------------------------

                                             Please cite for the QCMaquis-Molcas driver:

                                    Freitag L.; Keller S.; Knecht S.; Lindh R.; Ma Y.; 
                                    Stein C. J. and Reiher M., in preparation. (2018).
                                    ---------------------------------------------------------------

                                             Please cite for the QCMaquis DMRG software:

                                    S. Keller, M. Dolfi, M. Troyer, M. Reiher,
                                    J. Chem. Phys. 143, 244118 (2015)
                                    ---------------------------------------------------------------


 Fiedler orbital ordering: 17,20,6,13,10,4,2,19,3,22,1,12,16,7,9,11,5,14,8,18,15,21

      DMRGCI energy              :    -229.0240916029
      Total time spent (hh:mm:ss):            1:42:08


      Natural orbitals and occupation numbers for root  1
      sym 1:   1.998996   1.777627   1.598941   1.354820   1.974735   1.999527   1.793603   1.999045   0.842453   0.507701
               1.262458   0.128028   0.109353   0.589947   0.014459   0.002030   0.002326   0.002585   0.019324   0.015827
               0.000196   0.006019

      ************************************************************************************************************************
      *                                                                                                                      *
      *                                                    Final results                                                     *
      *                                                                                                                      *
      ************************************************************************************************************************


++    Wave function specifications:
      -----------------------------

      Number of closed shell electrons          22
      Number of electrons in active shells      18
      Max number of holes in RAS1 space          0
      Max nr of electrons in RAS3 space          0
      Number of inactive orbitals               11
      Number of active orbitals                 22
      Number of secondary orbitals               7
      Spin quantum number                      0.0
      State symmetry                             1
--

++    Orbital specifications:
      -----------------------

      Symmetry species                           1
                                                 a
      Frozen orbitals                            0
      Inactive orbitals                         11
      Active orbitals                           22
      RAS1 orbitals                              0
      RAS2 orbitals                             22
      RAS3 orbitals                              0
      Secondary orbitals                         7
      Deleted orbitals                           0
      Number of basis functions                 40
--

++    DMRG specifications:
      ----------------------------

      Number of renormalized states              250
      (Max) number of sweeps                     5
      Convergence threshold (sweep tolerance)    0.100E-07
      Jacobi-Davidson threshold                  0.100E-10
      SVD truncation threshold (initial)         1e-50
      SVD truncation threshold (final)           0.100E-10
      Number of root(s) required                 1
      DMRG root used                             1
      highest root included in the DMRG          1
      Root passed to geometry opt.               1
--

++    Final optimization conditions:
      ------------------------------

      Average CI energy                            -229.02409160
--


      Final state energy(ies):
      ------------------------

::    RASSCF root number  1 Total energy:   -229.02409160

++    Molecular orbitals:
      -------------------

      Pseudonatural active orbitals and approximate occupation numbers




      Molecular orbitals for symmetry species 1: a  


      Orbital                 1         2         3         4         5         6         7         8         9        10
      Energy             0.0000    0.0000    0.0000    0.0000    0.0000    0.0000    0.0000    0.0000    0.0000    0.0000
      Occ. No.           0.0000    0.0000    0.0000    0.0000    0.0000    0.0000    0.0000    0.0000    0.0000    0.0000

     1 FE1    4s        -0.0004   -0.0002    1.0040   -0.0076    0.0000    0.0000   -0.0049    0.0374   -0.0503    0.0000
     2 FE1    *s        -0.0005   -0.0000    0.0134   -0.0119    0.0000    0.0000    0.0051   -0.0796    0.1694    0.0000
     3 FE1    *s         0.0001   -0.0001   -0.0045    0.0017    0.0000    0.0000   -0.0018    0.0361   -0.0159    0.0000
     4 FE1    *px        0.0000    0.0000    0.0000    0.0000    0.9965    0.0000    0.0000    0.0000    0.0000    0.0000
     5 FE1    *px        0.0000    0.0000    0.0000    0.0000    0.0219    0.0000    0.0000    0.0000    0.0000    0.0000
     6 FE1    *px        0.0000    0.0000    0.0000    0.0000   -0.0081    0.0000    0.0000    0.0000    0.0000    0.0000
     7 FE1    *py        0.0000    0.0000    0.0000    0.0000    0.0000    0.9965    0.0000    0.0000    0.0000   -0.0197
     8 FE1    *py        0.0000    0.0000    0.0000    0.0000    0.0000    0.0219    0.0000    0.0000    0.0000   -0.0041
     9 FE1    *py        0.0000    0.0000    0.0000    0.0000    0.0000   -0.0081    0.0000    0.0000    0.0000    0.0067
    10 FE1    *pz       -0.0000    0.0002   -0.0028    0.9931    0.0000    0.0000   -0.0010    0.0730   -0.1353    0.0000
    11 FE1    *pz       -0.0001    0.0004   -0.0005    0.0098    0.0000    0.0000    0.0191   -0.0553    0.0860    0.0000
    12 FE1    *pz        0.0000   -0.0001    0.0001   -0.0033    0.0000    0.0000   -0.0018    0.0280   -0.0151    0.0000
    13 FE1    3d2-       0.0000    0.0000    0.0000    0.0000    0.0000    0.0000    0.0000    0.0000    0.0000    0.0000
    14 FE1    *d2-       0.0000    0.0000    0.0000    0.0000    0.0000    0.0000    0.0000    0.0000    0.0000    0.0000
    15 FE1    3d1-       0.0000    0.0000    0.0000    0.0000    0.0000   -0.0036    0.0000    0.0000    0.0000    0.1103
    16 FE1    *d1-       0.0000    0.0000    0.0000    0.0000    0.0000   -0.0011    0.0000    0.0000    0.0000    0.0300
    17 FE1    3d0       -0.0000    0.0001    0.0149   -0.0027    0.0000    0.0000    0.0031   -0.0489    0.1035    0.0000
    18 FE1    *d0        0.0001    0.0007   -0.0018   -0.0044    0.0000    0.0000    0.0244   -0.0437    0.0451    0.0000
    19 FE1    3d1+       0.0000    0.0000    0.0000    0.0000   -0.0036    0.0000    0.0000    0.0000    0.0000    0.0000
    20 FE1    *d1+       0.0000    0.0000    0.0000    0.0000   -0.0011    0.0000    0.0000    0.0000    0.0000    0.0000
    21 FE1    3d2+      -0.0000   -0.0000   -0.0000    0.0000    0.0000    0.0000   -0.0000    0.0000   -0.0000    0.0000
    22 FE1    *d2+      -0.0000   -0.0000    0.0000   -0.0000    0.0000    0.0000   -0.0000    0.0000   -0.0000    0.0000
    23 C2     1s        -0.0000    0.9991   -0.0015   -0.0070    0.0000    0.0000   -0.1104    0.1701   -0.0962    0.0000
    24 C2     2s        -0.0001    0.0033    0.0029    0.0153    0.0000    0.0000    0.2290   -0.4189    0.1968    0.0000
    25 C2     *s        -0.0004    0.0008   -0.0003    0.0125    0.0000    0.0000    0.0433   -0.2267    0.3144    0.0000
    26 C2     2px        0.0000    0.0000    0.0000    0.0000    0.0064    0.0000    0.0000    0.0000    0.0000    0.0000
    27 C2     *px        0.0000    0.0000    0.0000    0.0000    0.0011    0.0000    0.0000    0.0000    0.0000    0.0000
    28 C2     2py        0.0000    0.0000    0.0000    0.0000    0.0000    0.0064    0.0000    0.0000    0.0000    0.3566
    29 C2     *py        0.0000    0.0000    0.0000    0.0000    0.0000    0.0011    0.0000    0.0000    0.0000    0.0887
    30 C2     2pz       -0.0001    0.0029   -0.0037   -0.0198    0.0000    0.0000    0.2232   -0.0031   -0.5658    0.0000
    31 C2     *pz       -0.0009   -0.0012    0.0006   -0.0081    0.0000    0.0000   -0.0450    0.0530    0.0390    0.0000
    32 O3     1s         0.9997   -0.0004    0.0000    0.0001    0.0000    0.0000   -0.2141   -0.1164   -0.0233    0.0000
    33 O3     2s        -0.0005    0.0008    0.0000    0.0004    0.0000    0.0000    0.4649    0.2599    0.0522    0.0000
    34 O3     *s         0.0027   -0.0009    0.0007    0.0029    0.0000    0.0000    0.3586    0.3581    0.1052    0.0000
    35 O3     2px        0.0000    0.0000    0.0000    0.0000   -0.0001    0.0000    0.0000    0.0000    0.0000    0.0000
    36 O3     *px        0.0000    0.0000    0.0000    0.0000   -0.0026    0.0000    0.0000    0.0000    0.0000    0.0000
    37 O3     2py        0.0000    0.0000    0.0000    0.0000    0.0000   -0.0001    0.0000    0.0000    0.0000    0.6071
    38 O3     *py        0.0000    0.0000    0.0000    0.0000    0.0000   -0.0026    0.0000    0.0000    0.0000    0.2763
    39 O3     2pz       -0.0018   -0.0009   -0.0002   -0.0009    0.0000    0.0000   -0.1907    0.4279    0.4247    0.0000
    40 O3     *pz        0.0004    0.0013   -0.0002    0.0020    0.0000    0.0000    0.0076    0.1281    0.1214    0.0000


      Orbital                11        12        13        14        15        16        17        18        19        20
      Energy             0.0000    0.0000    0.0000    0.0000    0.0000    0.0000    0.0000    0.0000    0.0000    0.0000
      Occ. No.           0.0000    0.0000    0.0000    0.0000    0.0000    0.0000    0.0000    0.0000    0.0000    0.0000

     1 FE1    4s         0.0000    0.0000    0.0000   -0.0000    0.0000    0.0220    0.0000    0.0000    0.0407    0.0000
     2 FE1    *s         0.0000    0.0000    0.0000   -0.0000    0.0000   -0.1827    0.0000    0.0000   -0.1346    0.0000
     3 FE1    *s         0.0000    0.0000    0.0000    0.0000    0.0000   -0.8096    0.0000    0.0000   -0.6472    0.0000
     4 FE1    *px       -0.0197   -0.0139    0.0000    0.0000    0.0000    0.0000    0.0000    0.0499    0.0000    0.1508
     5 FE1    *px       -0.0041    0.0441    0.0000    0.0000    0.0000    0.0000    0.0000   -0.0210    0.0000   -0.8315
     6 FE1    *px        0.0067   -0.0195    0.0000    0.0000    0.0000    0.0000    0.0000   -0.9812    0.0000    0.7427
     7 FE1    *py        0.0000    0.0000   -0.0139    0.0000    0.0000    0.0000   -0.0499    0.0000    0.0000    0.0000
     8 FE1    *py        0.0000    0.0000    0.0441    0.0000    0.0000    0.0000    0.0209    0.0000    0.0000    0.0000
     9 FE1    *py        0.0000    0.0000   -0.0195    0.0000    0.0000    0.0000    0.9812    0.0000    0.0000    0.0000
    10 FE1    *pz        0.0000    0.0000    0.0000   -0.0000    0.0000   -0.0809    0.0000    0.0000   -0.0598    0.0000
    11 FE1    *pz        0.0000    0.0000    0.0000   -0.0000    0.0000   -0.0518    0.0000    0.0000    0.2535    0.0000
    12 FE1    *pz        0.0000    0.0000    0.0000   -0.0000    0.0000    0.6306    0.0000    0.0000   -1.0386    0.0000
    13 FE1    3d2-       0.0000    0.0000    0.0000    0.0000    0.8289    0.0000    0.0000    0.0000    0.0000    0.0000
    14 FE1    *d2-       0.0000    0.0000    0.0000    0.0000    0.3671    0.0000    0.0000    0.0000    0.0000    0.0000
    15 FE1    3d1-       0.0000    0.0000    0.7443    0.0000    0.0000    0.0000   -0.0685    0.0000    0.0000    0.0000
    16 FE1    *d1-       0.0000    0.0000    0.3568    0.0000    0.0000    0.0000   -0.0288    0.0000    0.0000    0.0000
    17 FE1    3d0        0.0000    0.0000    0.0000   -0.0000    0.0000    0.0243    0.0000    0.0000    0.0904    0.0000
    18 FE1    *d0        0.0000    0.0000    0.0000   -0.0000    0.0000   -0.0410    0.0000    0.0000    0.0278    0.0000
    19 FE1    3d1+       0.1104    0.7444    0.0000    0.0000    0.0000    0.0000    0.0000    0.0684    0.0000    0.2612
    20 FE1    *d1+       0.0300    0.3568    0.0000    0.0000    0.0000    0.0000    0.0000    0.0288    0.0000    0.1243
    21 FE1    3d2+       0.0000    0.0000    0.0000    0.8289    0.0000    0.0000    0.0000    0.0000    0.0000    0.0000
    22 FE1    *d2+       0.0000    0.0000    0.0000    0.3671    0.0000    0.0000    0.0000    0.0000    0.0000    0.0000
    23 C2     1s         0.0000    0.0000    0.0000   -0.0000    0.0000   -0.0228    0.0000    0.0000   -0.0344    0.0000
    24 C2     2s         0.0000    0.0000    0.0000    0.0000    0.0000    0.0225    0.0000    0.0000    0.0392    0.0000
    25 C2     *s         0.0000    0.0000    0.0000    0.0000    0.0000    0.2443    0.0000    0.0000    0.4747    0.0000
    26 C2     2px        0.3566    0.1419    0.0000    0.0000    0.0000    0.0000    0.0000   -0.0758    0.0000   -0.3853
    27 C2     *px        0.0888    0.0657    0.0000    0.0000    0.0000    0.0000    0.0000    0.0047    0.0000   -0.3179
    28 C2     2py        0.0000    0.0000    0.1420    0.0000    0.0000    0.0000    0.0759    0.0000    0.0000    0.0000
    29 C2     *py        0.0000    0.0000    0.0658    0.0000    0.0000    0.0000   -0.0047    0.0000    0.0000    0.0000
    30 C2     2pz        0.0000    0.0000    0.0000   -0.0000    0.0000   -0.0506    0.0000    0.0000   -0.0832    0.0000
    31 C2     *pz        0.0000    0.0000    0.0000    0.0000    0.0000   -0.2636    0.0000    0.0000   -0.0119    0.0000
    32 O3     1s         0.0000    0.0000    0.0000    0.0000    0.0000    0.0042    0.0000    0.0000   -0.0178    0.0000
    33 O3     2s         0.0000    0.0000    0.0000    0.0000    0.0000   -0.0283    0.0000    0.0000    0.0412    0.0000
    34 O3     *s         0.0000    0.0000    0.0000   -0.0000    0.0000    0.0670    0.0000    0.0000    0.0785    0.0000
    35 O3     2px        0.6071   -0.2337    0.0000    0.0000    0.0000    0.0000    0.0000    0.1011    0.0000    0.2529
    36 O3     *px        0.2763   -0.1622    0.0000    0.0000    0.0000    0.0000    0.0000    0.0886    0.0000    0.2503
    37 O3     2py        0.0000    0.0000   -0.2338    0.0000    0.0000    0.0000   -0.1011    0.0000    0.0000    0.0000
    38 O3     *py        0.0000    0.0000   -0.1623    0.0000    0.0000    0.0000   -0.0886    0.0000    0.0000    0.0000
    39 O3     2pz        0.0000    0.0000    0.0000    0.0000    0.0000    0.0182    0.0000    0.0000    0.0306    0.0000
    40 O3     *pz        0.0000    0.0000    0.0000    0.0000    0.0000   -0.0090    0.0000    0.0000    0.1318    0.0000


      Orbital                21        22        23        24        25        26        27        28        29        30
      Energy             0.0000    0.0000    0.0000    0.0000    0.0000    0.0000    0.0000    0.0000    0.0000    0.0000
      Occ. No.           0.0000    0.0000    0.0000    0.0000    0.0000    0.0000    0.0000    0.0000    0.0000    0.0000

     1 FE1    4s         0.0000    0.0092    0.0000    0.0000   -0.0859   -0.0375    0.0000    0.0000    0.2213   -0.0000
     2 FE1    *s         0.0000    0.2610    0.0000    0.0000   -0.5991   -0.3450    0.0000    0.0000    0.6053   -0.0000
     3 FE1    *s         0.0000   -0.9609    0.0000    0.0000    0.8900   -0.3892    0.0000    0.0000   -0.7779   -0.0000
     4 FE1    *px        0.0000    0.0000   -0.1096    0.0000    0.0000    0.0000   -0.0241    0.0000    0.0000    0.0000
     5 FE1    *px        0.0000    0.0000    1.2945    0.0000    0.0000    0.0000   -0.4179    0.0000    0.0000    0.0000
     6 FE1    *px        0.0000    0.0000   -0.4687    0.0000    0.0000    0.0000   -0.1202    0.0000    0.0000    0.0000
     7 FE1    *py        0.1507    0.0000    0.0000    0.1097    0.0000    0.0000    0.0000   -0.0241    0.0000    0.0000
     8 FE1    *py       -0.8309    0.0000    0.0000   -1.2949    0.0000    0.0000    0.0000   -0.4179    0.0000    0.0000
     9 FE1    *py        0.7425    0.0000    0.0000    0.4689    0.0000    0.0000    0.0000   -0.1202    0.0000    0.0000
    10 FE1    *pz        0.0000    0.1024    0.0000    0.0000    0.0732    0.0313    0.0000    0.0000   -0.0217   -0.0000
    11 FE1    *pz        0.0000   -1.6550    0.0000    0.0000    0.1557   -1.1124    0.0000    0.0000    0.0484   -0.0001
    12 FE1    *pz        0.0000    0.6679    0.0000    0.0000    0.0427    0.0443    0.0000    0.0000   -0.3077    0.0000
    13 FE1    3d2-       0.0000    0.0000    0.0000    0.0000    0.0000    0.0000    0.0000    0.0000    0.0000    0.0000
    14 FE1    *d2-       0.0000    0.0000    0.0000    0.0000    0.0000    0.0000    0.0000    0.0000    0.0000    0.0000
    15 FE1    3d1-       0.2614    0.0000    0.0000   -0.2777    0.0000    0.0000    0.0000    0.0312    0.0000    0.0000
    16 FE1    *d1-       0.1244    0.0000    0.0000   -0.1308    0.0000    0.0000    0.0000   -0.1440    0.0000    0.0000
    17 FE1    3d0        0.0000    0.1803    0.0000    0.0000    0.4289   -0.4549    0.0000    0.0000    0.4971    0.0001
    18 FE1    *d0        0.0000    0.0560    0.0000    0.0000    0.4432   -0.4855    0.0000    0.0000   -0.1176   -0.0002
    19 FE1    3d1+       0.0000    0.0000    0.2777    0.0000    0.0000    0.0000    0.0312    0.0000    0.0000    0.0000
    20 FE1    *d1+       0.0000    0.0000    0.1308    0.0000    0.0000    0.0000   -0.1440    0.0000    0.0000    0.0000
    21 FE1    3d2+       0.0000    0.0000    0.0000    0.0000    0.0000   -0.0000    0.0000    0.0000    0.0000   -0.6376
    22 FE1    *d2+       0.0000   -0.0000    0.0000    0.0000    0.0000    0.0000    0.0000    0.0000   -0.0000    0.9792
    23 C2     1s         0.0000   -0.0255    0.0000    0.0000   -0.0107   -0.0749    0.0000    0.0000    0.0584    0.0000
    24 C2     2s         0.0000   -0.0514    0.0000    0.0000    0.0595   -0.0143    0.0000    0.0000   -0.6733    0.0000
    25 C2     *s         0.0000    0.9549    0.0000    0.0000   -0.2730    2.5495    0.0000    0.0000    1.9786    0.0001
    26 C2     2px        0.0000    0.0000   -0.4131    0.0000    0.0000    0.0000   -0.9761    0.0000    0.0000    0.0000
    27 C2     *px        0.0000    0.0000   -0.8747    0.0000    0.0000    0.0000    1.4702    0.0000    0.0000    0.0000
    28 C2     2py       -0.3854    0.0000    0.0000    0.4129    0.0000    0.0000    0.0000   -0.9761    0.0000    0.0000
    29 C2     *py       -0.3184    0.0000    0.0000    0.8746    0.0000    0.0000    0.0000    1.4703    0.0000    0.0000
    30 C2     2pz        0.0000   -0.0338    0.0000    0.0000   -0.0366    0.0859    0.0000    0.0000    0.7758   -0.0001
    31 C2     *pz        0.0000   -0.4440    0.0000    0.0000    0.7545    0.8783    0.0000    0.0000    0.1981    0.0000
    32 O3     1s         0.0000   -0.0146    0.0000    0.0000    0.0316    0.0897    0.0000    0.0000    0.0678   -0.0000
    33 O3     2s         0.0000    0.0243    0.0000    0.0000   -0.0313   -0.1181    0.0000    0.0000   -0.1475    0.0000
    34 O3     *s         0.0000    0.1457    0.0000    0.0000   -0.4552   -1.3246    0.0000    0.0000   -0.9354   -0.0000
    35 O3     2px        0.0000    0.0000    0.2683    0.0000    0.0000    0.0000   -0.0386    0.0000    0.0000    0.0000
    36 O3     *px        0.0000    0.0000    0.3945    0.0000    0.0000    0.0000   -0.1265    0.0000    0.0000    0.0000
    37 O3     2py        0.2530    0.0000    0.0000   -0.2681    0.0000    0.0000    0.0000   -0.0385    0.0000    0.0000
    38 O3     *py        0.2504    0.0000    0.0000   -0.3944    0.0000    0.0000    0.0000   -0.1266    0.0000    0.0000
    39 O3     2pz        0.0000   -0.0396    0.0000    0.0000   -0.0091    0.1366    0.0000    0.0000   -0.1411   -0.0000
    40 O3     *pz        0.0000    0.0313    0.0000    0.0000   -0.0111    0.6106    0.0000    0.0000    1.0283   -0.0000


      Orbital                31        32        33        34        35        36        37        38        39        40
      Energy             0.0000    0.0000    0.0000    0.0000    0.0000    0.0000    0.0000    0.0000    0.0000    0.0000
      Occ. No.           0.0000    0.0000    0.0000    0.0000    0.0000    0.0000    0.0000    0.0000    0.0000    0.0000

     1 FE1    4s         0.0000   -0.1163    0.0000    0.0000   -0.0167    0.0000    0.0000    0.1211   -0.4701    2.5409
     2 FE1    *s         0.0000   -0.2231    0.0000    0.0000    0.0235    0.0000    0.0000    0.3744   -0.8652    3.8129
     3 FE1    *s         0.0000    0.4249    0.0000    0.0000    0.1596    0.0000    0.0000    0.0212    0.0165   -0.8998
     4 FE1    *px        0.0000    0.0000    0.0133    0.0000    0.0000    0.0000    0.0042    0.0000    0.0000    0.0000
     5 FE1    *px        0.0000    0.0000   -0.1857    0.0000    0.0000    0.0000    0.6356    0.0000    0.0000    0.0000
     6 FE1    *px        0.0000    0.0000   -0.0049    0.0000    0.0000    0.0000   -0.1068    0.0000    0.0000    0.0000
     7 FE1    *py        0.0000    0.0000    0.0000    0.0133    0.0000    0.0042    0.0000    0.0000    0.0000    0.0000
     8 FE1    *py        0.0000    0.0000    0.0000   -0.1857    0.0000    0.6356    0.0000    0.0000    0.0000    0.0000
     9 FE1    *py        0.0000    0.0000    0.0000   -0.0049    0.0000   -0.1068    0.0000    0.0000    0.0000    0.0000
    10 FE1    *pz        0.0000    0.0020    0.0000    0.0000    0.0662    0.0000    0.0000   -0.0212   -0.0537    0.2272
    11 FE1    *pz        0.0000    0.3230    0.0000    0.0000    0.3047    0.0000    0.0000    0.7584   -0.9667    2.3189
    12 FE1    *pz        0.0000   -0.0246    0.0000    0.0000    0.0496    0.0000    0.0000   -0.2039    0.1782   -0.8746
    13 FE1    3d2-      -0.6376    0.0000    0.0000    0.0000    0.0000    0.0000    0.0000    0.0000    0.0000    0.0000
    14 FE1    *d2-       0.9792    0.0000    0.0000    0.0000    0.0000    0.0000    0.0000    0.0000    0.0000    0.0000
    15 FE1    3d1-       0.0000    0.0000    0.0000    0.5378    0.0000   -0.3269    0.0000    0.0000    0.0000    0.0000
    16 FE1    *d1-       0.0000    0.0000    0.0000   -0.9321    0.0000    0.8043    0.0000    0.0000    0.0000    0.0000
    17 FE1    3d0        0.0000   -0.0449    0.0000    0.0000   -0.0375    0.0000    0.0000   -0.6462    0.1002   -0.0425
    18 FE1    *d0        0.0000    0.0551    0.0000    0.0000    0.4278    0.0000    0.0000    1.2561   -0.4519    0.4057
    19 FE1    3d1+       0.0000    0.0000    0.5378    0.0000    0.0000    0.0000   -0.3269    0.0000    0.0000    0.0000
    20 FE1    *d1+       0.0000    0.0000   -0.9321    0.0000    0.0000    0.0000    0.8042    0.0000    0.0000    0.0000
    21 FE1    3d2+       0.0000   -0.0000    0.0000    0.0000   -0.0000    0.0000    0.0000   -0.0001    0.0000   -0.0000
    22 FE1    *d2+       0.0000    0.0000    0.0000    0.0000    0.0001    0.0000    0.0000    0.0001   -0.0000    0.0000
    23 C2     1s         0.0000   -0.0405    0.0000    0.0000   -0.0896    0.0000    0.0000    0.0458    0.0220    0.0187
    24 C2     2s         0.0000    1.4363    0.0000    0.0000    0.5389    0.0000    0.0000   -0.6976   -0.0893    1.0125
    25 C2     *s         0.0000   -0.9137    0.0000    0.0000   -0.7345    0.0000    0.0000   -0.2425    3.0602   -2.7873
    26 C2     2px        0.0000    0.0000    0.2182    0.0000    0.0000    0.0000   -0.0585    0.0000    0.0000    0.0000
    27 C2     *px        0.0000    0.0000    0.1328    0.0000    0.0000    0.0000   -1.2553    0.0000    0.0000    0.0000
    28 C2     2py        0.0000    0.0000    0.0000    0.2181    0.0000   -0.0586    0.0000    0.0000    0.0000    0.0000
    29 C2     *py        0.0000    0.0000    0.0000    0.1329    0.0000   -1.2552    0.0000    0.0000    0.0000    0.0000
    30 C2     2pz        0.0000    0.3521    0.0000    0.0000    1.0747    0.0000    0.0000    0.3929    0.3542   -0.0524
    31 C2     *pz        0.0000   -0.3073    0.0000    0.0000   -0.5323    0.0000    0.0000   -0.2115    0.3394    3.3620
    32 O3     1s         0.0000    0.0356    0.0000    0.0000    0.0389    0.0000    0.0000   -0.0142   -0.0913   -0.0075
    33 O3     2s         0.0000   -0.0201    0.0000    0.0000   -0.1648    0.0000    0.0000    0.1058    1.9194    0.8670
    34 O3     *s         0.0000   -0.1495    0.0000    0.0000   -0.0300    0.0000    0.0000   -0.0483   -3.4220   -2.2197
    35 O3     2px        0.0000    0.0000   -0.5032    0.0000    0.0000    0.0000   -0.7735    0.0000    0.0000    0.0000
    36 O3     *px        0.0000    0.0000    0.4976    0.0000    0.0000    0.0000    1.4793    0.0000    0.0000    0.0000
    37 O3     2py        0.0000    0.0000    0.0000   -0.5032    0.0000   -0.7735    0.0000    0.0000    0.0000    0.0000
    38 O3     *py        0.0000    0.0000    0.0000    0.4976    0.0000    1.4792    0.0000    0.0000    0.0000    0.0000
    39 O3     2pz        0.0000   -0.3313    0.0000    0.0000    0.9284    0.0000    0.0000   -0.2478    0.0033    0.0947
    40 O3     *pz        0.0000    1.2614    0.0000    0.0000   -0.2789    0.0000    0.0000    0.3657    1.0279   -0.0592
--

      Von Neumann Entropy (Root   1) =  3.63153


      Mulliken population analysis for root number:  1
      -----------------------------------------------


++    Molecular charges:
      ------------------

      Mulliken charges per centre and basis function type
      ---------------------------------------------------

                FE1     C2      O3    
      1s       0.0000  1.9997  2.0001
      2s       0.0000  0.9027  0.9648
      2px      0.0000  0.6479  1.2102
      2pz      0.0000  1.0147  1.1429
      2py      0.0000  0.6610  1.2139
      4s       2.0089  0.0000  0.0000
      3d2+     1.3482  0.0000  0.0000
      3d1+     1.1495  0.0000  0.0000
      3d0      0.6652  0.0000  0.0000
      3d1-     0.9766  0.0000  0.0000
      3d2-     1.1539  0.0000  0.0000
      *s       2.5967  0.3032  0.8521
      *px      4.6032  0.2673  0.4806
      *pz      4.9463 -0.0257  0.1996
      *py      4.4066  0.2860  0.4881
      *d2+     0.2696  0.0000  0.0000
      *d1+     0.3442  0.0000  0.0000
      *d0      0.3410  0.0000  0.0000
      *d1-     0.3644  0.0000  0.0000
      *d2-     0.2167  0.0000  0.0000
      Total   25.3910  6.0568  8.5522

      N-E     -9.3910 -0.0568 -0.5522

      Total electronic charge=   40.000000

      Total            charge=  -10.000000
--



      Expectation values of various properties for root number:  1
      -----------------------------------------------------------

      Properties not supported for DMRGSCF 

++    Molecular properties:
      ---------------------

      Charge (e):
                      =  -10.0000
      Dipole Moment (Debye):
      Origin of the operator (Ang)=    0.0000    0.0000    0.0000
                   X= -5.8303E-02               Y=  0.0000E+00               Z= -5.1266E+00           Total=  5.1269E+00
      Center of Charge (Ang)
                     X=    0.00121383               Y=   -0.00000000               Z=    0.10673252
      Quadrupole Moment (Debye*Ang):
      Origin of the operator (Ang)=    0.0000    0.0000    0.8124
                  XX= -2.6827E+02              XY= -1.1163E-33              XZ= -2.9096E-01              YY= -2.6656E+02
                  YZ=  5.3638E-17              ZZ= -3.1477E+02
      In traceless form (Debye*Ang)
                  XX=  2.2390E+01              XY= -1.6744E-33              XZ= -4.3645E-01              YY=  2.4965E+01
                  YZ=  8.0456E-17              ZZ= -4.7355E+01
--


      Input file to MOLDEN was generated!

      Average orbitals are written to the RASORB file
      Natural orbitals for root   1 are written to the RASORB.1 file
      Spin density orbitals for root   1 are written to the SPDORB.1 file

--- Stop Module: dmrgscf at Thu Oct  9 16:41:43 2025 /rc=_RC_ALL_IS_WELL_ ---
*** files: autocas_project.rasscf.molden autocas_project.RasOrb autocas_project.RasOrb.1 autocas_project.dmrgscf.h5 autocas_project.SpdOrb.1 xmldump
    saved to directory /public/home/xzzeng/work/HQC/Fe-CO/autoCAS/autocas_project/dmrg
--- Module dmrgscf spent 1 hour 42 minutes 9 seconds ---

.##################.
.# Happy landing! #.
.##################.

    Timing: Wall=6129.13 User=6087.66 System=25.18
