开始时间: 2025-10-09 12:49:00
==================================================
Traceback (most recent call last):
  File "/public/home/xzzeng/anaconda3/envs/quantum/lib/python3.8/runpy.py", line 194, in _run_module_as_main
    return _run_code(code, main_globals, None,
  File "/public/home/xzzeng/anaconda3/envs/quantum/lib/python3.8/runpy.py", line 87, in _run_code
    exec(code, run_globals)
  File "/public/home/xzzeng/anaconda3/envs/quantum/lib/python3.8/site-packages/scine_autocas/__main__.py", line 52, in <module>
    main()
  File "/public/home/xzzeng/anaconda3/envs/quantum/lib/python3.8/site-packages/scine_autocas/__main__.py", line 48, in main
    main_class.main(args)
  File "/public/home/xzzeng/anaconda3/envs/quantum/lib/python3.8/site-packages/scine_autocas/main_functions.py", line 475, in main
    plt = entanglement_plot.plot(
  File "/public/home/xzzeng/anaconda3/envs/quantum/lib/python3.8/site-packages/scine_autocas/plots/entanglement_plot.py", line 313, in plot
    fig = plt.figure()
  File "/public/home/xzzeng/anaconda3/envs/quantum/lib/python3.8/site-packages/matplotlib/pyplot.py", line 687, in figure
    figManager = new_figure_manager(num, figsize=figsize,
  File "/public/home/xzzeng/anaconda3/envs/quantum/lib/python3.8/site-packages/matplotlib/pyplot.py", line 315, in new_figure_manager
    return _backend_mod.new_figure_manager(*args, **kwargs)
  File "/public/home/xzzeng/anaconda3/envs/quantum/lib/python3.8/site-packages/matplotlib/backend_bases.py", line 3494, in new_figure_manager
    return cls.new_figure_manager_given_figure(num, fig)
  File "/public/home/xzzeng/anaconda3/envs/quantum/lib/python3.8/site-packages/matplotlib/backends/_backend_tk.py", line 885, in new_figure_manager_given_figure
    window = tk.Tk(className="matplotlib")
  File "/public/home/xzzeng/anaconda3/envs/quantum/lib/python3.8/tkinter/__init__.py", line 2270, in __init__
    self.tk = _tkinter.create(screenName, baseName, className, interactive, wantobjects, useTk, sync, use)
_tkinter.TclError: couldn't connect to display "localhost:23.0"
                                  _            _____             _____                     
                                 | |          / ____|    /\     / ____|                    
                     __ _  _   _ | |_   ___  | |        /  \   | (___                      
                    / _` || | | || __| / _ \ | |       / /\ \   \___ \                     
                   | (_| || |_| || |_ | (_) || |____  / ____ \  ____) |                    
                    \__,_| \__,_| \__| \___/  \_____|/_/    \_\|_____/                     
                                                                                           
*******************************************************************************************
*                                                                                         *
*                                      Settings                                           *
*                                                                                         *
*******************************************************************************************
large_cas: False
----------

entanglement_diagram: /public/home/xzzeng/work/HQC/Fe-CO/autoCAS/entanglement_diagram.pdf
---------------------

threshold_diagram: /public/home/xzzeng/work/HQC/Fe-CO/autoCAS/threshold_diagram.pdf
------------------

full_entanglement_diagram: /public/home/xzzeng/work/HQC/Fe-CO/autoCAS/full_entanglement_diagram.pdf
--------------------------

molecule:
---------
charge: 0
double_d_shell: true
spin_multiplicity: 1
xyz_file: /public/home/xzzeng/work/HQC/Fe-CO/autoCAS/feco.xyz

autocas:
--------
diagnostics:
  single_reference_threshold: 0.14
  weak_correlation_threshold: 0.02
large_spaces:
  max_orbitals: 100
plateau_values: 10
threshold_step: 0.01

interface:
----------
dump: true
environment:
  molcas_scratch_dir: /public/home/xzzeng/work/HQC/Fe-CO/autoCAS/molcas_scratch
interface: molcas
project_name: autocas_project
settings:
  basis_set: lanl2dz
  cholesky: true
  dmrg_bond_dimension: 500
  dmrg_sweeps: 10
  fiedler: true
  ipea: 0.0
  method: dmrg-scf
  n_excited_states: 0
  point_group: C1
  post_cas_method: caspt2
  uhf: false
  work_dir: /public/home/xzzeng/work/HQC/Fe-CO/autoCAS/autocas_project
  xyz_file: /public/home/xzzeng/work/HQC/Fe-CO/autoCAS/feco.xyz


*******************************************************************************************
*                                                                                         *
*                                  Initial HF Calculation                                 *
*                                                                                         *
*******************************************************************************************
Calculating only mean field.
Starting initial orbital calculation.

Starting MOLCAS:
/public/home/xzzeng/soft/OpenMolcas/build/pymolcas -b 1 -f
MOLCAS environment:
MOLCAS_PROJECT:  autocas_project
MOLCAS_MEM:      12000
WorkDir:         /public/home/xzzeng/work/HQC/Fe-CO/autoCAS/molcas_scratch
MOLCAS_NPROCS:   1
OMP_NUM_THREADS: 1
QCMaquis_CPU:    1
Initial orbitals finished.

*******************************************************************************************
*                                                                                         *
*                                    DMRG Calculation                                     *
*                                                                                         *
*******************************************************************************************
Settings for autoCAS DMRG calculation:
method:              'dmrg_ci'
dmrg_sweeps:           5
dmrg_bond_dimension: 250
Switching back to original settings for the final calculation.

Initial active space CAS(e, o): (18, 22)
Orbital indices:     [11, 12, 13, 14, 15, 16, 17, 18, 19, 20, 21, 22, 23, 24, 25, 26, 27, 28, 29, 30, 31, 32]
Orbital occupations: [2, 2, 2, 2, 2, 2, 2, 2, 2, 0, 0, 0, 0, 0, 0, 0, 0, 0, 0, 0, 0, 0]

Starting calculation.

Starting MOLCAS:
/public/home/xzzeng/soft/OpenMolcas/build/pymolcas -b 1 -f
MOLCAS environment:
MOLCAS_PROJECT:  autocas_project
MOLCAS_MEM:      12000
WorkDir:         /public/home/xzzeng/work/HQC/Fe-CO/autoCAS/molcas_scratch
MOLCAS_NPROCS:   1
OMP_NUM_THREADS: 1
QCMaquis_CPU:    1
Calculation finished.

*******************************************************************************************
*                                                                                         *
*                                 Active space search                                     *
*                                                                                         *
*******************************************************************************************
Start active space search for provided set of 22 orbitals and 18 electrons.
Maximal single orbital entropy: 1.3214764571401427
Found plateau, including 16 orbitals.
Found smaller active space.
Selected active space CAS(e, o): (18, 16)
Orbital indices:     [11, 12, 13, 14, 15, 16, 17, 18, 19, 20, 21, 22, 23, 24, 25, 28]
Orbital occupations: [2, 2, 2, 2, 2, 2, 2, 2, 2, 0, 0, 0, 0, 0, 0, 0]
Creating entanglement diagram.
程序执行失败: Command '['/public/home/xzzeng/anaconda3/envs/quantum/bin/python', '-m', 'scine_autocas', '-y', 'full.yml']' returned non-zero exit status 1.
