   This run of MOLCAS is using the pymolcas driver

                             OPE
                             OPE          NMOL  CASOP  ENMOLC A   SO
                 OPE        NMOLC        AS  OP EN  MO LC     AS  OP
                OPENM       OL CA        SO  PE NM  OL CA     SOP EN
                OP EN      MO   LC       AS  OP ENMOL  CASO   PENMOL
                OP  EN     MO   LC       AS  OP EN     MO     LC ASO
               OP   E  NMOL  C  AS       OP  EN MO     LC     AS  OP
               OP  E   NMO   LC AS        OPEN  MO     LCASOP EN   M
               O  PEN   MO  LCA  SO
            OPE   NMO   L   CAS    OP
        OPENMOL  CASOP     ENMOL   CASOPE
     OPENMOLCA   SOPENMOLCASOPEN   MOLCASOPE
    OPENMOLCAS   OP           EN   MOL    CAS
    OPENMOLCAS       OP  ENM        O     LCA
    OPENMOLCAS    OPEN  MOLCASO     P  E  NMO
    OPENMOLCAS     OP               E  N  MOL
    OPENMOLCA   SO           PENM   O  L  CAS    OPEN    MO    LCAS
    OPENMOLCA   SOP           ENM   O  L  CAS   OP  EN  MOLC  AS   O
    OPENMOLCA   SOPE           NM      O  LCA   S      OP  EN MO
    OPENMOLC                AS         O  PEN   M      OL  CA  SOPE
    OPENMO        LCASOPE  NMOL        C  ASO   P      ENMOLC     AS
    OPE     NMO      LCA  SO     P     E   NM   OL  CA SO  PE N   MO
          OPENMOLCA            SOPE   NMO        LCAS  O    P  ENMO
     OPENMOLCASOPENMOLCASOPENMOLCASOPENMOLCA
        OPENMOLCASOPENMOLCASOPENMOLCASOPE
            OPENMOLCASOPENMOLCASOPENM
               OPENMOLCASOPENMOLCA        version: o822a959167d23c ?
                   OPENMOLCASO
                       OPE                tag:

 OpenMolcas is free software; you can redistribute it and/or modify it
 under the terms of the GNU Lesser General Public License version 2.1.
 OpenMolcas is distributed in the hope that it will be useful, but it
 is provided "as is" and without any express or implied warranties.
 For more details see the full text of the license in the file
 LICENSE or in <http://www.gnu.org/licenses/>.

                 Copyright (C) The OpenMolcas Authors
           For the author list and the recommended citation,
                   consult the file CONTRIBUTORS.md

           *************************************************
           * pymolcas version py2.28                       *
           *   build c4a6d18ded8cb6cad61d2372a9abd97c      *
           *   (after the EMIL interpreter by V. Veryazov) *
           *************************************************

configuration info
------------------
Host name: mgt (Linux)
C Compiler ID: GNU
C flags: -std=gnu99
Fortran Compiler ID: GNU
Fortran flags: -fno-aggressive-loop-optimizations -cpp -fdefault-integer-8 -fmax-stack-var-size=1048576
Definitions: _MOLCAS_;_I8_;_LINUX_
Parallel: OFF (GA=OFF)


   -----------------------------------------------------------------------------------
  |
  |           Project: autocas_project
  |    Submitted from: /public/home/xzzeng/work/HQC/CO/autoCAS/autocas_project/initial
  |      Scratch area: /public/home/xzzeng/work/HQC/CO/autoCAS/molcas_scratch
  |   Save outputs to: /public/home/xzzeng/work/HQC/CO/autoCAS/autocas_project/initial
  |            Molcas: /public/home/xzzeng/soft/OpenMolcas/build
  |
  | Scratch area is NOT empty
  |
  |    MOLCAS_DRIVER = /public/home/xzzeng/soft/OpenMolcas/build/pymolcas
  |    MOLCAS_NPROCS = 1
  |    MOLCAS_SOURCE = /public/home/xzzeng/soft/OpenMolcas
  | MOLCAS_STRUCTURE = 0
  |
   -----------------------------------------------------------------------------------

++ ---------   Input file   ---------

&GATEWAY
  COORD = /public/home/xzzeng/work/HQC/CO/autoCAS/co.xyz
  BASIS = def2-svp
  GROUP = C1

&SEWARD
  CHOLesky

&SCF
  SPIN   = 1
  CHARGE = 0
  CHOLesky

-- ----------------------------------

*** symbolic link created: INPORB -> autocas_project.RasOrb
--- Start Module: gateway at Thu Oct  9 14:57:14 2025 ---

()()()()()()()()()()()()()()()()()()()()()()()()()()()()()()()()()()()()()()()()()()()()()()()()()()

                                              &GATEWAY

                                   only a single process is used
                       available to each process: 12 GB of memory, 1 thread?
                                             pid: 65426
()()()()()()()()()()()()()()()()()()()()()()()()()()()()()()()()()()()()()()()()()()()()()()()()()()


++    Symmetry information:
      ---------------------

                    Character Table for C1 

                             E  
                    a        1  x, y, xy, Rz, z, xz, Ry, yz, Rx, I
--


++    Basis set information:
      ----------------------


      Basis set label: C.DEF2-SVP.........

      Electronic valence basis set:
      ------------------
      Associated Effective Charge   6.000000 au
      Associated Actual Charge      6.000000 au
      Nuclear Model: Point charge

      Shell  nPrim  nBasis  Cartesian Spherical Contaminant
         s       7       3        X                  
         p       4       2        X                  
         d       1       1                 X         


      Basis set label: O.DEF2-SVP.........

      Electronic valence basis set:
      ------------------
      Associated Effective Charge   8.000000 au
      Associated Actual Charge      8.000000 au
      Nuclear Model: Point charge

      Shell  nPrim  nBasis  Cartesian Spherical Contaminant
         s       7       3        X                  
         p       4       2        X                  
         d       1       1                 X         
--


++    Molecular structure info:
      -------------------------

                    ************************************************ 
                    **** Cartesian Coordinates / Bohr, Angstrom **** 
                    ************************************************ 

     Center  Label                x              y              z                     x              y              z
        1      C1               0.000000       0.000000       0.000000              0.000000       0.000000       0.000000
        2      O2               0.000000       0.000000       2.132178              0.000000       0.000000       1.128300
--


            Nuclear Potential Energy             22.51219190 au

--- Stop Module: gateway at Thu Oct  9 14:57:14 2025 /rc=_RC_ALL_IS_WELL_ ---
*** files: xmldump
    saved to directory /public/home/xzzeng/work/HQC/CO/autoCAS/autocas_project/initial

*** symbolic link created: INPORB -> autocas_project.RasOrb
--- Start Module: seward at Thu Oct  9 14:57:14 2025 ---

()()()()()()()()()()()()()()()()()()()()()()()()()()()()()()()()()()()()()()()()()()()()()()()()()()

                                              &SEWARD

                                   only a single process is used
                       available to each process: 12 GB of memory, 1 thread?
                                             pid: 65429
()()()()()()()()()()()()()()()()()()()()()()()()()()()()()()()()()()()()()()()()()()()()()()()()()()

               SEWARD will generate:
                  Multipole Moment integrals up to order  2
                  Kinetic Energy integrals
                  Nuclear Attraction integrals (point charge)
                  One-Electron Hamiltonian integrals
                  Velocity integrals
                  Orbital angular momentum around ( 0.0000  0.0000  1.2182 )
                  Velocity quadrupole around ( 0.0000  0.0000  1.2182 )
                  Cholesky decomposed two-electron repulsion integrals
                   - CD Threshold:   0.10E-03

                   Integrals are discarded if absolute value <: 1.00E-40
                   Integral cutoff threshold is set to       <: 1.00E-40

            Nuclear Potential Energy             22.51219190 au


      Basis set specifications :
      Symmetry species         a  
      Basis functions           28


      Input file to MOLDEN was generated!

--- Stop Module: seward at Thu Oct  9 14:57:14 2025 /rc=_RC_ALL_IS_WELL_ ---
*** files: autocas_project.GssOrb autocas_project.guessorb.h5 autocas_project.guessorb.molden xmldump
    saved to directory /public/home/xzzeng/work/HQC/CO/autoCAS/autocas_project/initial

*** symbolic link created: INPORB -> autocas_project.ScfOrb
--- Start Module: scf at Thu Oct  9 14:57:14 2025 ---

()()()()()()()()()()()()()()()()()()()()()()()()()()()()()()()()()()()()()()()()()()()()()()()()()()

                                                &SCF

                                   only a single process is used
                       available to each process: 12 GB of memory, 1 thread?
                                             pid: 65432
()()()()()()()()()()()()()()()()()()()()()()()()()()()()()()()()()()()()()()()()()()()()()()()()()()

++    Input section:
      --------------

      Header of the integral files:
      
       Integrals generated by Gateway/Seward, Thu Oct  9 14:57:14 2025


      Cartesian coordinates in Angstrom:
      -----------------------------------------------------
      No.  Label        X            Y            Z        
      -----------------------------------------------------
       1   C1         0.00000000   0.00000000   0.00000000
       2   O2         0.00000000   0.00000000   1.12830000
      -----------------------------------------------------
      Nuclear repulsion energy =   22.51219190
--

++    Orbital specifications:
      -----------------------

      Symmetry species               1
                                     a
      Frozen orbitals                0
      Occupied orbitals              7
      Secondary orbitals            21
      Deleted orbitals               0
      Total number of orbitals      28
      Number of basis functions     28
--

      Molecular charge                           0.000

++    Optimization specifications:
      ----------------------------

      SCF Algorithm: LK-Cholesky
      LK screening threshold:                     4.50E-02
      Local-Exchange (LK) algorithm.
       - the density matrix is decomposed
      The actual AO density is used
      Number of density matrices in core                 5
      Maximum number of NDDO SCF iterations            400
      Maximum number of HF SCF iterations              400
      Threshold for SCF energy change             1.00E-09
      Threshold for density matrix                1.00E-04
      Threshold for Fock matrix                   1.50E-04
      Threshold for linear dependence             1.00E-09
      Threshold at which DIIS is turned on        1.50E-01
      Maximum depth in the DIIS procedure                5
      Maximum depth in the BFGS Hessian update          30
      Threshold at which QNR/C2DIIS is turned on  7.50E-02
      Threshold for Norm(delta) (QNR/C2DIIS)      1.00E-03
      All orbitals punched on: SCFORB
--

      Input vectors read from INPORB
      Orbital file label: * SCF orbitals


++ Convergence information
                                   SCF        iterations: Energy and convergence statistics

Iter     Tot. SCF        One-elec.       Two-elec.     Energy      Max Dij or  Max Fij      DNorm      TNorm      AccCon     Time
         Energy          Energy          Energy        Change      Delta Norm                                                in Sec.
   1  -112.645910369  -197.956540449    62.798438178   0.00E+00    7.03E-07    3.18E-07     4.68E+00   4.78E+01   None         0.
   2  -112.645910369  -197.956540774    62.798438503  -1.08E-12    2.78E-07    9.38E-08     4.68E+00   4.78E+01   EDIIS        0.

       Convergence after   2 Macro Iterations
--

 *****************************************************************************************************************************
 *                                                                                                                           *
 *                                             SCF/KS-DFT Program, Final results                                             *
 *                                                                                                                           *
 *                                                                                                                           *
 *                                                                                                                           *
 *                                                       Final Results                                                       *
 *                                                                                                                           *
 *****************************************************************************************************************************

::    Total SCF energy                               -112.6459103687
      One-electron energy                            -197.9565407741
      Two-electron energy                              62.7984385031
      Nuclear repulsion energy                         22.5121919023
      Kinetic energy (interpolated)                   112.3203357939
      Virial theorem                                    1.0028986254
      Total spin, S(S+1)                                0.0000000000
      Total spin, S                                     0.0000000000
      Max non-diagonal density matrix element           0.0000002775
      Max non-diagonal Fock matrix element              0.0000000938


      All orbitals with orbital energies smaller than  E(LUMO)+0.5 are printed

++    Molecular orbitals:
      -------------------

      Title: SCF orbitals

      Molecular orbitals for symmetry species 1: a  

          Orbital            1         2         3         4         5         6         7         8         9        10    
          Energy          -20.6670  -11.3690   -1.5091   -0.7978   -0.6430   -0.6430   -0.5510    0.1474    0.1474    0.3542
          Occ. No.          2.0000    2.0000    2.0000    2.0000    2.0000    2.0000    2.0000    0.0000    0.0000    0.0000

        1 C1     1s        -0.0003    0.9917   -0.1451    0.1623    0.0000    0.0000   -0.1855   -0.0000   -0.0000   -0.0439
        2 C1     2s        -0.0002    0.0315    0.2731   -0.3643   -0.0000   -0.0000    0.4107    0.0000    0.0000    0.2761
        3 C1     *s        -0.0073   -0.0058    0.0147   -0.0724    0.0000   -0.0000    0.4753   -0.0000   -0.0000   -2.0337
        4 C1     2px       -0.0000    0.0000   -0.0000    0.0000   -0.0000    0.2957    0.0000   -0.4465    0.0000    0.0000
        5 C1     *px       -0.0000   -0.0000    0.0000    0.0000   -0.0000    0.1221    0.0000   -0.7674    0.0000    0.0000
        6 C1     2py       -0.0000    0.0000   -0.0000   -0.0000    0.2957    0.0000   -0.0000   -0.0000   -0.4465    0.0000
        7 C1     *py        0.0000    0.0000    0.0000   -0.0000    0.1221    0.0000   -0.0000   -0.0000   -0.7673    0.0000
        8 C1     2pz        0.0015    0.0045    0.2179   -0.1381   -0.0000   -0.0000   -0.4549   -0.0000    0.0000   -0.1367
        9 C1     *pz       -0.0052    0.0023    0.0035    0.0308   -0.0000   -0.0000   -0.1636   -0.0000   -0.0000   -1.7347
       10 C1     *d2-      -0.0000   -0.0000    0.0000    0.0000   -0.0000   -0.0000    0.0000    0.0000   -0.0000   -0.0000
       11 C1     *d1-       0.0000   -0.0000   -0.0000   -0.0000    0.0528    0.0000   -0.0000    0.0000    0.0127    0.0000
       12 C1     *d0        0.0017    0.0022    0.0383   -0.0189   -0.0000    0.0000   -0.0313    0.0000    0.0000   -0.0049
       13 C1     *d1+      -0.0000   -0.0000   -0.0000   -0.0000   -0.0000    0.0528    0.0000    0.0126   -0.0000   -0.0000
       14 C1     *d2+       0.0000   -0.0000   -0.0000   -0.0000    0.0000   -0.0000    0.0000   -0.0000    0.0000   -0.0000
       15 O2     1s         0.9903    0.0008    0.2655    0.1456    0.0000    0.0000   -0.0222    0.0000    0.0000    0.0950
       16 O2     2s        -0.0348    0.0000    0.5225    0.3133    0.0000    0.0000   -0.0509    0.0000    0.0000    0.0986
       17 O2     *s         0.0198   -0.0063    0.2618    0.3477    0.0000    0.0000   -0.0037    0.0000   -0.0000    2.0378
       18 O2     2px        0.0000    0.0000    0.0000   -0.0000   -0.0000    0.5502    0.0000    0.3483   -0.0000   -0.0000
       19 O2     *px        0.0000    0.0000    0.0000   -0.0000   -0.0000    0.3699   -0.0000    0.4986   -0.0000   -0.0000
       20 O2     2py        0.0000   -0.0000   -0.0000   -0.0000    0.5502    0.0000   -0.0000    0.0000    0.3483    0.0000
       21 O2     *py        0.0000   -0.0000   -0.0000   -0.0000    0.3699    0.0000   -0.0000    0.0000    0.4986   -0.0000
       22 O2     2pz        0.0030   -0.0001   -0.1681    0.5042    0.0000    0.0000    0.2341    0.0000    0.0000   -0.0378
       23 O2     *pz       -0.0037    0.0049   -0.0257    0.2491    0.0000   -0.0000    0.1242    0.0000    0.0000   -0.5630
       24 O2     *d2-      -0.0000   -0.0000   -0.0000   -0.0000    0.0000    0.0000   -0.0000   -0.0000    0.0000    0.0000
       25 O2     *d1-      -0.0000    0.0000   -0.0000    0.0000   -0.0323   -0.0000   -0.0000    0.0000    0.0098   -0.0000
       26 O2     *d0       -0.0009    0.0005    0.0194   -0.0236    0.0000   -0.0000   -0.0079   -0.0000   -0.0000    0.0315
       27 O2     *d1+       0.0000   -0.0000   -0.0000    0.0000    0.0000   -0.0323   -0.0000    0.0098   -0.0000   -0.0000
       28 O2     *d2+      -0.0000   -0.0000   -0.0000   -0.0000   -0.0000    0.0000   -0.0000    0.0000   -0.0000    0.0000

          Orbital           11    
          Energy            0.5621
          Occ. No.          0.0000

        1 C1     1s        -0.2687
        2 C1     2s         1.4937
        3 C1     *s        -1.1040
        4 C1     2px        0.0000
        5 C1     *px       -0.0000
        6 C1     2py        0.0000
        7 C1     *py        0.0000
        8 C1     2pz       -0.3817
        9 C1     *pz        0.8123
       10 C1     *d2-      -0.0000
       11 C1     *d1-       0.0000
       12 C1     *d0       -0.0258
       13 C1     *d1+       0.0000
       14 C1     *d2+       0.0000
       15 O2     1s        -0.0255
       16 O2     2s        -0.0530
       17 O2     *s        -0.3254
       18 O2     2px        0.0000
       19 O2     *px        0.0000
       20 O2     2py        0.0000
       21 O2     *py       -0.0000
       22 O2     2pz        0.1040
       23 O2     *pz        0.1733
       24 O2     *d2-       0.0000
       25 O2     *d1-      -0.0000
       26 O2     *d0        0.0046
       27 O2     *d1+      -0.0000
       28 O2     *d2+       0.0000
--


++    Molecular charges:
      ------------------

      Mulliken charges per centre and basis function type
      ---------------------------------------------------

                C1      O2    
      1s       1.9928  1.9913
      2s       1.0909  1.1054
      2px      0.3254  0.8826
      2pz      0.8700  1.0198
      2py      0.3254  0.8826
      *s       0.6848  0.6662
      *px      0.1425  0.6111
      *pz      0.1655  0.3731
      *py      0.1425  0.6111
      *d2+     0.0000  0.0000
      *d1+     0.0306  0.0077
      *d0      0.0301  0.0100
      *d1-     0.0306  0.0077
      *d2-     0.0000  0.0000
      Total    5.8312  8.1688

      N-E      0.1688 -0.1688

      Total electronic charge=   14.000000

      Total            charge=   -0.000000
--


++    Molecular properties:
      ---------------------

      Charge (e):
                      =   -0.0000
      Dipole Moment (Debye):
      Origin of the operator (Ang)=    0.0000    0.0000    0.0000
                   X= -1.4457E-14               Y= -1.1074E-16               Z= -2.2738E-01           Total=  2.2738E-01
      Quadrupole Moment (Debye*Ang):
      Origin of the operator (Ang)=    0.0000    0.0000    0.6447
                  XX= -1.0112E+01              XY= -8.2339E-16              XZ=  1.7776E-14              YY= -1.0112E+01
                  YZ=  1.7063E-15              ZZ= -1.2495E+01
      In traceless form (Debye*Ang)
                  XX=  1.1915E+00              XY= -1.2351E-15              XZ=  2.6665E-14              YY=  1.1914E+00
                  YZ=  2.5595E-15              ZZ= -2.3829E+00
--


      Input file to MOLDEN was generated!

 ###############################################################################
 ###############################################################################
 ###                                                                         ###
 ###                                                                         ###
 ###    WARNING: RunFile label nBas                                          ###
 ###    was used       74 times                                              ###
 ###                                                                         ###
 ###                                                                         ###
 ###############################################################################
 ###############################################################################
--- Stop Module: scf at Thu Oct  9 14:57:14 2025 /rc=_RC_ALL_IS_WELL_ ---
*** files: autocas_project.scf.molden autocas_project.ScfOrb autocas_project.scf.h5 xmldump
    saved to directory /public/home/xzzeng/work/HQC/CO/autoCAS/autocas_project/initial

.##################.
.# Happy landing! #.
.##################.

    Timing: Wall=0.85 User=0.74 System=0.06
