   This run of MOLCAS is using the pymolcas driver

                             OPE
                             OPE          NMOL  CASOP  ENMOLC A   SO
                 OPE        NMOLC        AS  OP EN  MO LC     AS  OP
                OPENM       OL CA        SO  PE NM  OL CA     SOP EN
                OP EN      MO   LC       AS  OP ENMOL  CASO   PENMOL
                OP  EN     MO   LC       AS  OP EN     MO     LC ASO
               OP   E  NMOL  C  AS       OP  EN MO     LC     AS  OP
               OP  E   NMO   LC AS        OPEN  MO     LCASOP EN   M
               O  PEN   MO  LCA  SO
            OPE   NMO   L   CAS    OP
        OPENMOL  CASOP     ENMOL   CASOPE
     OPENMOLCA   SOPENMOLCASOPEN   MOLCASOPE
    OPENMOLCAS   OP           EN   MOL    CAS
    OPENMOLCAS       OP  ENM        O     LCA
    OPENMOLCAS    OPEN  MOLCASO     P  E  NMO
    OPENMOLCAS     OP               E  N  MOL
    OPENMOLCA   SO           PENM   O  L  CAS    OPEN    MO    LCAS
    OPENMOLCA   SOP           ENM   O  L  CAS   OP  EN  MOLC  AS   O
    OPENMOLCA   SOPE           NM      O  LCA   S      OP  EN MO
    OPENMOLC                AS         O  PEN   M      OL  CA  SOPE
    OPENMO        LCASOPE  NMOL        C  ASO   P      ENMOLC     AS
    OPE     NMO      LCA  SO     P     E   NM   OL  CA SO  PE N   MO
          OPENMOLCA            SOPE   NMO        LCAS  O    P  ENMO
     OPENMOLCASOPENMOLCASOPENMOLCASOPENMOLCA
        OPENMOLCASOPENMOLCASOPENMOLCASOPE
            OPENMOLCASOPENMOLCASOPENM
               OPENMOLCASOPENMOLCA        version: o822a959167d23c ?
                   OPENMOLCASO
                       OPE                tag:

 OpenMolcas is free software; you can redistribute it and/or modify it
 under the terms of the GNU Lesser General Public License version 2.1.
 OpenMolcas is distributed in the hope that it will be useful, but it
 is provided "as is" and without any express or implied warranties.
 For more details see the full text of the license in the file
 LICENSE or in <http://www.gnu.org/licenses/>.

                 Copyright (C) The OpenMolcas Authors
           For the author list and the recommended citation,
                   consult the file CONTRIBUTORS.md

           *************************************************
           * pymolcas version py2.28                       *
           *   build c4a6d18ded8cb6cad61d2372a9abd97c      *
           *   (after the EMIL interpreter by V. Veryazov) *
           *************************************************

configuration info
------------------
Host name: mgt (Linux)
C Compiler ID: GNU
C flags: -std=gnu99
Fortran Compiler ID: GNU
Fortran flags: -fno-aggressive-loop-optimizations -cpp -fdefault-integer-8 -fmax-stack-var-size=1048576
Definitions: _MOLCAS_;_I8_;_LINUX_
Parallel: OFF (GA=OFF)


   ---------------------------------------------------------------------------------
  |
  |           Project: autocas_project
  |    Submitted from: /public/home/xzzeng/work/HQC/CO/autoCAS/autocas_project/final
  |      Scratch area: /public/home/xzzeng/work/HQC/CO/autoCAS/molcas_scratch
  |   Save outputs to: /public/home/xzzeng/work/HQC/CO/autoCAS/autocas_project/final
  |            Molcas: /public/home/xzzeng/soft/OpenMolcas/build
  |
  | Scratch area is NOT empty
  |
  |    MOLCAS_DRIVER = /public/home/xzzeng/soft/OpenMolcas/build/pymolcas
  |    MOLCAS_NPROCS = 1
  |    MOLCAS_SOURCE = /public/home/xzzeng/soft/OpenMolcas
  | MOLCAS_STRUCTURE = 0
  |
   ---------------------------------------------------------------------------------

++ ---------   Input file   ---------

&DMRGSCF
  FIEDLER=ON
ActiveSpaceOptimizer = QCMaquis
DMRGSettings
  nsweeps = 10
  max_bond_dimension = 500
EndDMRGSettings
OOptimizationSettings
  SPIN    = 1
  NACTEL  = 8
  FILEORB = /public/home/xzzeng/work/HQC/CO/autoCAS/autocas_project/final/autocas_project.scf.h5_sel
  TYPEINDEX
EndOOptimizationSettings

&CASPT2
  IPEA = 0.0

-- ----------------------------------

*** symbolic link created: INPORB -> autocas_project.RasOrb
--- Start Module: dmrgscf at Thu Oct  9 14:57:20 2025 ---

()()()()()()()()()()()()()()()()()()()()()()()()()()()()()()()()()()()()()()()()()()()()()()()()()()

                                              &DMRGSCF

                                   only a single process is used
                       available to each process: 12 GB of memory, 1 thread?
                                              pid: 612
()()()()()()()()()()()()()()()()()()()()()()()()()()()()()()()()()()()()()()()()()()()()()()()()()()


      DMRGSCF: active space solver is set to qcmaquis
      -------                                --------


      Header of the ONEINT file:
      --------------------------
      
      Integrals generated by Gateway/Seward, Thu Oct  9 14:57:14 2025


      OrdInt status: non-squared


      Cartesian coordinates in Angstrom:
      -----------------------------------------------------
      No.  Label        X            Y            Z        
      -----------------------------------------------------
       1   C1         0.00000000   0.00000000   0.00000000
       2   O2         0.00000000   0.00000000   1.12830000
      -----------------------------------------------------
      Nuclear repulsion energy =   22.51219190

++    Wave function specifications:
      -----------------------------

      Number of closed shell electrons           6
      Number of electrons in active shells       8
      Max number of holes in RAS1 space          0
      Max nr of electrons in RAS3 space          0
      Number of inactive orbitals                3
      Number of active orbitals                  7
      Number of secondary orbitals              18
      Spin quantum number                      0.0
      State symmetry                             1
--

++    Orbital specifications:
      -----------------------

      Symmetry species                           1
                                                 a
      Frozen orbitals                            0
      Inactive orbitals                          3
      Active orbitals                            7
      RAS1 orbitals                              0
      RAS2 orbitals                              7
      RAS3 orbitals                              0
      Secondary orbitals                        18
      Deleted orbitals                           0
      Number of basis functions                 28
--

++    DMRG specifications:
      ----------------------------

      Number of renormalized states              500
      (Max) number of sweeps                     10
      Convergence threshold (sweep tolerance)    0.100E-07
      Jacobi-Davidson threshold                  0.100E-10
      SVD truncation threshold (initial)         1e-50
      SVD truncation threshold (final)           0.100E-10
      Number of root(s) required                 1
      Root chosen for geometry opt.              1
      DMRG root used                             1
         
--

++    Optimization specifications:
      ----------------------------

      RASSCF algorithm: LK Cholesky
      Maximum number of macro iterations       200
      Maximum number of SX iterations          100
      Threshold for RASSCF energy            1.000E-08
      Threshold for max MO rotation          1.000E-01
      Threshold for max BLB element          1.000E-04
      Level shift parameter                  5.000E-01
      Make Quasi-Newton update
--

      The MO-coefficients are taken from the file:
      /public/home/xzzeng/work/HQC/CO/autoCAS/autocas_project/final/autocas_project.scf.h5_sel                                                                                                                                                                        

      Total molecular charge    0.00

      ************************************************************************************************************************
      *                                                                                                                      *
      *                                            Wave function control section                                             *
      *                                                                                                                      *
      ************************************************************************************************************************


                                         DMRGSCF iterations: Energy and convergence statistics
                                         -----------------------------------------------------

                                             Please cite for the QCMaquis-Molcas driver:

                                    Freitag L.; Keller S.; Knecht S.; Lindh R.; Ma Y.; 
                                    Stein C. J. and Reiher M., in preparation. (2018).
                                    ---------------------------------------------------------------

                                             Please cite for the QCMaquis DMRG software:

                                    S. Keller, M. Dolfi, M. Troyer, M. Reiher,
                                    J. Chem. Phys. 143, 244118 (2015)
                                    ---------------------------------------------------------------


      Iter num  DMRG max tr DMRG  SX      DMRGSCF       Energy    max ROT   max BLB     max BLB  Level Ln srch  Step   QN     CPU Time
         sweeps/root weight/root iter     energy        change     param    element      value   shift minimum  type update   hh:mm:ss
 Fiedler orbital ordering: 1,6,5,2,3,4,7
        1  1   1    0.00E+00   1   18  -112.70126894    0.00E+00 -3.36E-01*   5  17 1  2.87E-02*  0.00   0.00    SX    NO      0:00:03
        2  3   1    0.00E+00   1   14  -112.73591580   -3.46E-02* 1.46E-01*   5  17 1  1.45E-02*  0.00   0.00    SX    NO      0:00:01
        3  3   1    0.00E+00   1   13  -112.74130896   -5.39E-03*-8.31E-02    3  14 1  8.12E-03*  0.00   0.00    SX    NO      0:00:01
        4  2   1    0.00E+00   1   13  -112.74371422   -2.41E-03* 1.56E-01*   3   7 1 -4.72E-03*  0.00   0.00    SX    NO      0:00:01
        5  2   1    0.00E+00   1   12  -112.74664542   -2.93E-03* 1.40E-01*   1  10 1 -5.46E-03*  0.00   2.50    LS   YES      0:00:01
        6  2   1    0.00E+00   1   14  -112.75017392   -3.53E-03* 1.31E-01*   7  15 1 -7.23E-03*  0.00   2.50    LS   YES      0:00:01
        7  3   1    0.00E+00   1   12  -112.75348199   -3.31E-03* 2.96E-01*   7  15 1 -8.95E-03*  0.00   2.50    QN   YES      0:00:01
        8  3   1    0.00E+00   1    9  -112.76032438   -6.84E-03* 1.63E-01*   3  10 1 -1.58E-02*  0.00   1.21    QN   YES      0:00:01
        9  3   1    0.00E+00   1   21  -112.76327898   -2.95E-03* 1.68E-01*  10  11 1  1.38E-02*  0.00   1.89    QN   YES      0:00:01
       10  3   1    0.00E+00   1   11  -112.76673724   -3.46E-03*-1.42E-01*   4  23 1 -1.31E-02*  0.00   2.43    SX   YES      0:00:01
       11  2   1    0.00E+00   1   10  -112.77162425   -4.89E-03*-7.58E-02    4  23 1 -7.72E-03*  0.00   1.67    LS   YES      0:00:01
       12  3   1    0.00E+00   1   10  -112.77265444   -1.03E-03* 6.33E-02    3  10 1 -5.99E-03*  0.00   1.33    QN   YES      0:00:01
       13  3   1    0.00E+00   1   10  -112.77324033   -5.86E-04*-3.54E-02    3  10 1 -3.70E-03*  0.00   1.20    QN   YES      0:00:01
       14  2   1    0.00E+00   1    9  -112.77340295   -1.63E-04*-2.71E-02    3  10 1 -2.41E-03*  0.00   1.82    LS   YES      0:00:01
       15  2   1    0.00E+00   1    9  -112.77344440   -4.15E-05*-1.07E-02    7  11 1 -1.64E-03*  0.00   1.08    QN   YES      0:00:00
       16  2   1    0.00E+00   1    8  -112.77347629   -3.19E-05*-4.99E-03    7  11 1 -8.05E-04*  0.00   1.48    LS   YES      0:00:01
       17  3   1    0.00E+00   1    8  -112.77347999   -3.70E-06*-2.69E-03    7  15 1 -4.20E-04*  0.00   1.02    QN   YES      0:00:01
       18  2   1    0.00E+00   1    8  -112.77348149   -1.49E-06*-1.62E-03    7  11 1 -1.24E-04*  0.00   1.60    LS   YES      0:00:01
       19  3   1    0.00E+00   1    8  -112.77348173   -2.47E-07* 1.84E-03    4  14 1  2.08E-04*  0.00   1.00    QN   YES      0:00:01
       20  2   1    0.00E+00   1    7  -112.77348196   -2.32E-07*-1.71E-03    7  11 1  9.68E-05   0.00   1.56    QN   YES      0:00:00
       21  2   1    0.00E+00   1    6  -112.77348205   -8.52E-08*-5.18E-04    7  23 1 -3.47E-05   0.00   1.20    QN   YES      0:00:00
       22  3   1    0.00E+00   1    6  -112.77348206   -1.10E-08*-2.21E-04    7  23 1 -1.89E-05   0.00   1.47    QN   YES      0:00:01
       23  3   1    0.00E+00   1    5  -112.77348206   -2.78E-09 -2.66E-05    7  15 1 -6.03E-06   0.00   1.19    QN   YES      0:00:01
      Convergence after 23 iterations
       24  3   1    0.00E+00   1    5  -112.77348206   -2.79E-10 -2.66E-05    5  22 1  2.02E-06   0.00   1.19    QN   YES      0:00:01

      ************************************************************************************************************************
                                                      Wave function printout:
                       occupation of active orbitals, and spin coupling of open shells (u,d: Spin up or down)
      ************************************************************************************************************************

      Note: transformation to natural orbitals
      has been made, which may change the order of the CSFs.

      Natural orbitals and occupation numbers for root  1
      sym 1:   1.990424   1.954895   1.954894   1.981965   0.049522   0.049520   0.018780

      ************************************************************************************************************************
      *                                                                                                                      *
      *                                                    Final results                                                     *
      *                                                                                                                      *
      ************************************************************************************************************************


++    Wave function specifications:
      -----------------------------

      Number of closed shell electrons           6
      Number of electrons in active shells       8
      Max number of holes in RAS1 space          0
      Max nr of electrons in RAS3 space          0
      Number of inactive orbitals                3
      Number of active orbitals                  7
      Number of secondary orbitals              18
      Spin quantum number                      0.0
      State symmetry                             1
--

++    Orbital specifications:
      -----------------------

      Symmetry species                           1
                                                 a
      Frozen orbitals                            0
      Inactive orbitals                          3
      Active orbitals                            7
      RAS1 orbitals                              0
      RAS2 orbitals                              7
      RAS3 orbitals                              0
      Secondary orbitals                        18
      Deleted orbitals                           0
      Number of basis functions                 28
--

++    DMRG specifications:
      ----------------------------

      Number of renormalized states              500
      (Max) number of sweeps                     10
      Convergence threshold (sweep tolerance)    0.100E-07
      Jacobi-Davidson threshold                  0.100E-10
      SVD truncation threshold (initial)         1e-50
      SVD truncation threshold (final)           0.100E-10
      Number of root(s) required                 1
      DMRG root used                             1
      highest root included in the DMRG          1
      Root passed to geometry opt.               1
--

++    Final optimization conditions:
      ------------------------------

      Average CI energy                            -112.77348206
      RASSCF energy for state  1                   -112.77348206
      Super-CI energy                                -0.00000000
      RASSCF energy change                           -0.00000000
      Max change in MO coefficients              -4.420E-05
      Max non-diagonal density matrix element    -2.656E-05
      Maximum BLB matrix element                  2.024E-06
      (orbital pair   5,  22 in symmetry   1)
      Norm of electronic gradient            6.209E-06
--


      Final state energy(ies):
      ------------------------

::    RASSCF root number  1 Total energy:   -112.77348206

++    Molecular orbitals:
      -------------------

      Pseudonatural active orbitals and approximate occupation numbers




      Molecular orbitals for symmetry species 1: a  


      Orbital                 1         2         3         4         5         6         7         8         9        10
      Energy           -20.6690  -11.3121   -1.1976   -0.9638   -0.0000   -0.6353   -0.0000    0.2687   -0.0000   -0.0000
      Occ. No.           2.0000    2.0000    2.0000    1.9868    1.9537    1.9537    1.9848    0.0507    0.0507    0.0196

     1 C1     1s         0.0005    0.9986   -0.0570    0.2410   -0.0000    0.0000   -0.0675    0.0000   -0.0000    0.1926
     2 C1     2s        -0.0020    0.0157    0.0864   -0.5502    0.0000   -0.0000    0.2076   -0.0000    0.0000   -0.7517
     3 C1     *s        -0.0075   -0.0209    0.0863   -0.2358    0.0000    0.0000    0.4372    0.0000   -0.0000    0.0837
     4 C1     2px       -0.0000   -0.0000    0.0000   -0.0000    0.0000    0.3040   -0.0000   -0.6704   -0.0000    0.0000
     5 C1     *px        0.0000   -0.0000    0.0000   -0.0000    0.0000    0.1251   -0.0000   -0.2577   -0.0000    0.0000
     6 C1     2py       -0.0000   -0.0000    0.0000    0.0000    0.3040   -0.0000    0.0000    0.0000   -0.6703   -0.0000
     7 C1     *py        0.0000   -0.0000   -0.0000    0.0000    0.1251   -0.0000    0.0000    0.0000   -0.2577   -0.0000
     8 C1     2pz        0.0003    0.0150   -0.0334   -0.0748   -0.0000   -0.0000   -0.5222   -0.0000    0.0000   -0.9077
     9 C1     *pz       -0.0052    0.0071   -0.0215    0.0682   -0.0000   -0.0000   -0.1449   -0.0000    0.0000   -0.1029
    10 C1     *d2-      -0.0000    0.0000   -0.0000    0.0000    0.0000    0.0000   -0.0000   -0.0000    0.0000   -0.0000
    11 C1     *d1-       0.0000    0.0000    0.0000    0.0000    0.0489   -0.0000    0.0000    0.0000   -0.0488   -0.0000
    12 C1     *d0        0.0015    0.0029    0.0091   -0.0204    0.0000   -0.0000   -0.0463   -0.0000    0.0000   -0.0785
    13 C1     *d1+       0.0000    0.0000    0.0000   -0.0000    0.0000    0.0489   -0.0000   -0.0488   -0.0000    0.0000
    14 C1     *d2+       0.0000   -0.0000   -0.0000   -0.0000   -0.0000    0.0000    0.0000    0.0000    0.0000   -0.0000
    15 O2     1s         0.9899    0.0031    0.2837   -0.0232    0.0000   -0.0000   -0.1095    0.0000   -0.0000    0.1698
    16 O2     2s        -0.0355    0.0051    0.5742   -0.0190    0.0000   -0.0000   -0.2139    0.0000   -0.0000    0.6886
    17 O2     *s         0.0204   -0.0018    0.4064    0.1481   -0.0000    0.0000   -0.0695    0.0000   -0.0000    0.1198
    18 O2     2px       -0.0000    0.0000    0.0000    0.0000   -0.0000    0.5700   -0.0000    0.6868    0.0000   -0.0000
    19 O2     *px       -0.0000    0.0000    0.0000   -0.0000    0.0000    0.3445   -0.0000   -0.0251   -0.0000    0.0000
    20 O2     2py       -0.0000    0.0000    0.0000    0.0000    0.5700    0.0000    0.0000   -0.0000    0.6868    0.0000
    21 O2     *py       -0.0000    0.0000    0.0000    0.0000    0.3445    0.0000    0.0000    0.0000   -0.0252   -0.0000
    22 O2     2pz        0.0052    0.0001    0.2382    0.4190   -0.0000    0.0000    0.3278   -0.0000    0.0000   -0.8995
    23 O2     *pz       -0.0029    0.0049    0.1633    0.1637   -0.0000    0.0000    0.1485   -0.0000   -0.0000    0.0379
    24 O2     *d2-      -0.0000    0.0000    0.0000    0.0000   -0.0000   -0.0000   -0.0000   -0.0000   -0.0000    0.0000
    25 O2     *d1-      -0.0000   -0.0000   -0.0000   -0.0000   -0.0297    0.0000   -0.0000   -0.0000    0.0108    0.0000
    26 O2     *d0       -0.0010    0.0004   -0.0013   -0.0256    0.0000   -0.0000   -0.0155    0.0000   -0.0000    0.0108
    27 O2     *d1+       0.0000   -0.0000   -0.0000    0.0000   -0.0000   -0.0297    0.0000    0.0108    0.0000   -0.0000
    28 O2     *d2+      -0.0000    0.0000   -0.0000   -0.0000    0.0000   -0.0000   -0.0000   -0.0000    0.0000    0.0000
--

      Von Neumann Entropy (Root   1) =  0.41165


      Mulliken population analysis for root number:  1
      -----------------------------------------------


++    Molecular charges:
      ------------------

      Mulliken charges per centre and basis function type
      ---------------------------------------------------

                C1      O2    
      1s       1.9926  1.9913
      2s       1.0734  1.1185
      2px      0.3820  0.8797
      2pz      0.8483  1.0331
      2py      0.3820  0.8797
      *s       0.7230  0.6579
      *px      0.1585  0.5497
      *pz      0.1555  0.3604
      *py      0.1586  0.5498
      *d2+     0.0000  0.0000
      *d1+     0.0272  0.0072
      *d0      0.0280  0.0092
      *d1-     0.0272  0.0072
      *d2-     0.0000  0.0000
      Total    5.9562  8.0438

      N-E      0.0438 -0.0438

      Total electronic charge=   14.000000

      Total            charge=   -0.000000
--



      Expectation values of various properties for root number:  1
      -----------------------------------------------------------

      Properties not supported for DMRGSCF 

++    Molecular properties:
      ---------------------

      Charge (e):
                      =   -0.0000
      Dipole Moment (Debye):
      Origin of the operator (Ang)=    0.0000    0.0000    0.0000
                   X=  3.0417E-13               Y= -7.6869E-13               Z=  3.6697E-01           Total=  3.6697E-01
      Quadrupole Moment (Debye*Ang):
      Origin of the operator (Ang)=    0.0000    0.0000    0.6447
                  XX= -1.0098E+01              XY=  2.5969E-13              XZ= -1.4635E-13              YY= -1.0098E+01
                  YZ=  5.4433E-13              ZZ= -1.2522E+01
      In traceless form (Debye*Ang)
                  XX=  1.2120E+00              XY=  3.8953E-13              XZ= -2.1953E-13              YY=  1.2119E+00
                  YZ=  8.1649E-13              ZZ= -2.4239E+00
--


      Input file to MOLDEN was generated!

      Average orbitals are written to the RASORB file
      Natural orbitals for root   1 are written to the RASORB.1 file
      Spin density orbitals for root   1 are written to the SPDORB.1 file

--- Stop Module: dmrgscf at Thu Oct  9 14:57:53 2025 /rc=_RC_ALL_IS_WELL_ ---
*** files: autocas_project.rasscf.molden autocas_project.RasOrb autocas_project.RasOrb.1 autocas_project.dmrgscf.h5 autocas_project.SpdOrb.1 xmldump
    saved to directory /public/home/xzzeng/work/HQC/CO/autoCAS/autocas_project/final
--- Module dmrgscf spent 32 seconds ---

*** symbolic link created: INPORB -> autocas_project.RasOrb
--- Start Module: caspt2 at Thu Oct  9 14:57:53 2025 ---
--- Stop Module: caspt2 at Thu Oct  9 14:57:53 2025 /rc=_RC_NOT_AVAILABLE_ ---

.##################################.
.# Requested module not available #.
.##################################.

    Timing: Wall=32.50 User=23.35 System=0.98
