   This run of MOLCAS is using the pymolcas driver

                             OPE
                             OPE          NMOL  CASOP  ENMOLC A   SO
                 OPE        NMOLC        AS  OP EN  MO LC     AS  OP
                OPENM       OL CA        SO  PE NM  OL CA     SOP EN
                OP EN      MO   LC       AS  OP ENMOL  CASO   PENMOL
                OP  EN     MO   LC       AS  OP EN     MO     LC ASO
               OP   E  NMOL  C  AS       OP  EN MO     LC     AS  OP
               OP  E   NMO   LC AS        OPEN  MO     LCASOP EN   M
               O  PEN   MO  LCA  SO
            OPE   NMO   L   CAS    OP
        OPENMOL  CASOP     ENMOL   CASOPE
     OPENMOLCA   SOPENMOLCASOPEN   MOLCASOPE
    OPENMOLCAS   OP           EN   MOL    CAS
    OPENMOLCAS       OP  ENM        O     LCA
    OPENMOLCAS    OPEN  MOLCASO     P  E  NMO
    OPENMOLCAS     OP               E  N  MOL
    OPENMOLCA   SO           PENM   O  L  CAS    OPEN    MO    LCAS
    OPENMOLCA   SOP           ENM   O  L  CAS   OP  EN  MOLC  AS   O
    OPENMOLCA   SOPE           NM      O  LCA   S      OP  EN MO
    OPENMOLC                AS         O  PEN   M      OL  CA  SOPE
    OPENMO        LCASOPE  NMOL        C  ASO   P      ENMOLC     AS
    OPE     NMO      LCA  SO     P     E   NM   OL  CA SO  PE N   MO
          OPENMOLCA            SOPE   NMO        LCAS  O    P  ENMO
     OPENMOLCASOPENMOLCASOPENMOLCASOPENMOLCA
        OPENMOLCASOPENMOLCASOPENMOLCASOPE
            OPENMOLCASOPENMOLCASOPENM
               OPENMOLCASOPENMOLCA        version: o822a959167d23c ?
                   OPENMOLCASO
                       OPE                tag:

 OpenMolcas is free software; you can redistribute it and/or modify it
 under the terms of the GNU Lesser General Public License version 2.1.
 OpenMolcas is distributed in the hope that it will be useful, but it
 is provided "as is" and without any express or implied warranties.
 For more details see the full text of the license in the file
 LICENSE or in <http://www.gnu.org/licenses/>.

                 Copyright (C) The OpenMolcas Authors
           For the author list and the recommended citation,
                   consult the file CONTRIBUTORS.md

           *************************************************
           * pymolcas version py2.28                       *
           *   build c4a6d18ded8cb6cad61d2372a9abd97c      *
           *   (after the EMIL interpreter by V. Veryazov) *
           *************************************************

configuration info
------------------
Host name: mgt (Linux)
C Compiler ID: GNU
C flags: -std=gnu99
Fortran Compiler ID: GNU
Fortran flags: -fno-aggressive-loop-optimizations -cpp -fdefault-integer-8 -fmax-stack-var-size=1048576
Definitions: _MOLCAS_;_I8_;_LINUX_
Parallel: OFF (GA=OFF)


   --------------------------------------------------------------------------------
  |
  |           Project: autocas_project
  |    Submitted from: /public/home/xzzeng/work/HQC/CO/autoCAS/autocas_project/dmrg
  |      Scratch area: /public/home/xzzeng/work/HQC/CO/autoCAS/molcas_scratch
  |   Save outputs to: /public/home/xzzeng/work/HQC/CO/autoCAS/autocas_project/dmrg
  |            Molcas: /public/home/xzzeng/soft/OpenMolcas/build
  |
  | Scratch area is NOT empty
  |
  |    MOLCAS_DRIVER = /public/home/xzzeng/soft/OpenMolcas/build/pymolcas
  |    MOLCAS_NPROCS = 1
  |    MOLCAS_SOURCE = /public/home/xzzeng/soft/OpenMolcas
  | MOLCAS_STRUCTURE = 0
  |
   --------------------------------------------------------------------------------

++ ---------   Input file   ---------

&DMRGSCF
  FIEDLER=ON
ActiveSpaceOptimizer = QCMaquis
DMRGSettings
  nsweeps = 5
  max_bond_dimension = 250
EndDMRGSettings
OOptimizationSettings
  SPIN    = 1
  NACTEL  = 10
  FILEORB = /public/home/xzzeng/work/HQC/CO/autoCAS/autocas_project/dmrg/autocas_project.scf.h5_sel
  TYPEINDEX
  CIONLY
EndOOptimizationSettings

-- ----------------------------------

*** symbolic link created: INPORB -> autocas_project.RasOrb
--- Start Module: dmrgscf at Thu Oct  9 14:57:15 2025 ---

()()()()()()()()()()()()()()()()()()()()()()()()()()()()()()()()()()()()()()()()()()()()()()()()()()

                                              &DMRGSCF

                                   only a single process is used
                       available to each process: 12 GB of memory, 1 thread?
                                             pid: 65485
()()()()()()()()()()()()()()()()()()()()()()()()()()()()()()()()()()()()()()()()()()()()()()()()()()


      DMRGSCF: active space solver is set to qcmaquis
      -------                                --------


      Header of the ONEINT file:
      --------------------------
      
      Integrals generated by Gateway/Seward, Thu Oct  9 14:57:14 2025


      OrdInt status: non-squared


      Cartesian coordinates in Angstrom:
      -----------------------------------------------------
      No.  Label        X            Y            Z        
      -----------------------------------------------------
       1   C1         0.00000000   0.00000000   0.00000000
       2   O2         0.00000000   0.00000000   1.12830000
      -----------------------------------------------------
      Nuclear repulsion energy =   22.51219190

++    Wave function specifications:
      -----------------------------

      Number of closed shell electrons           4
      Number of electrons in active shells      10
      Max number of holes in RAS1 space          0
      Max nr of electrons in RAS3 space          0
      Number of inactive orbitals                2
      Number of active orbitals                  8
      Number of secondary orbitals              18
      Spin quantum number                      0.0
      State symmetry                             1
--

++    Orbital specifications:
      -----------------------

      Symmetry species                           1
                                                 a
      Frozen orbitals                            0
      Inactive orbitals                          2
      Active orbitals                            8
      RAS1 orbitals                              0
      RAS2 orbitals                              8
      RAS3 orbitals                              0
      Secondary orbitals                        18
      Deleted orbitals                           0
      Number of basis functions                 28
--

++    DMRG specifications:
      ----------------------------

      Number of renormalized states              250
      (Max) number of sweeps                     5
      Convergence threshold (sweep tolerance)    0.100E-07
      Jacobi-Davidson threshold                  0.100E-10
      SVD truncation threshold (initial)         1e-50
      SVD truncation threshold (final)           0.100E-10
      Number of root(s) required                 1
      Root chosen for geometry opt.              1
      DMRG root used                             1
         
--

++    Optimization specifications:
      ----------------------------

      RASSCF algorithm: LK Cholesky
      Maximum number of macro iterations       200
      Maximum number of SX iterations          100
      Threshold for RASSCF energy            1.000E-08
      Threshold for max MO rotation          1.000E-01
      Threshold for max BLB element          1.000E-04
      Level shift parameter                  5.000E-01
      Make Quasi-Newton update
--

      The MO-coefficients are taken from the file:
      /public/home/xzzeng/work/HQC/CO/autoCAS/autocas_project/dmrg/autocas_project.scf.h5_sel                                                                                                                                                                         

      Total molecular charge    0.00

      ************************************************************************************************************************
      *                                                                                                                      *
      *                                            Wave function control section                                             *
      *                                                                                                                      *
      ************************************************************************************************************************


                                         DMRGCI only, no orbital optimization will be done.
                                         --------------------------------------------------

                                             Please cite for the QCMaquis-Molcas driver:

                                    Freitag L.; Keller S.; Knecht S.; Lindh R.; Ma Y.; 
                                    Stein C. J. and Reiher M., in preparation. (2018).
                                    ---------------------------------------------------------------

                                             Please cite for the QCMaquis DMRG software:

                                    S. Keller, M. Dolfi, M. Troyer, M. Reiher,
                                    J. Chem. Phys. 143, 244118 (2015)
                                    ---------------------------------------------------------------


 Fiedler orbital ordering: 1,8,5,4,3,6,7,2

      DMRGCI energy              :    -112.7039254344
      Total time spent (hh:mm:ss):            0:00:05


      Natural orbitals and occupation numbers for root  1
      sym 1:   1.998386   1.999455   1.966425   1.966423   1.971495   0.046673   0.046671   0.004472

      ************************************************************************************************************************
      *                                                                                                                      *
      *                                                    Final results                                                     *
      *                                                                                                                      *
      ************************************************************************************************************************


++    Wave function specifications:
      -----------------------------

      Number of closed shell electrons           4
      Number of electrons in active shells      10
      Max number of holes in RAS1 space          0
      Max nr of electrons in RAS3 space          0
      Number of inactive orbitals                2
      Number of active orbitals                  8
      Number of secondary orbitals              18
      Spin quantum number                      0.0
      State symmetry                             1
--

++    Orbital specifications:
      -----------------------

      Symmetry species                           1
                                                 a
      Frozen orbitals                            0
      Inactive orbitals                          2
      Active orbitals                            8
      RAS1 orbitals                              0
      RAS2 orbitals                              8
      RAS3 orbitals                              0
      Secondary orbitals                        18
      Deleted orbitals                           0
      Number of basis functions                 28
--

++    DMRG specifications:
      ----------------------------

      Number of renormalized states              250
      (Max) number of sweeps                     5
      Convergence threshold (sweep tolerance)    0.100E-07
      Jacobi-Davidson threshold                  0.100E-10
      SVD truncation threshold (initial)         1e-50
      SVD truncation threshold (final)           0.100E-10
      Number of root(s) required                 1
      DMRG root used                             1
      highest root included in the DMRG          1
      Root passed to geometry opt.               1
--

++    Final optimization conditions:
      ------------------------------

      Average CI energy                            -112.70392543
--


      Final state energy(ies):
      ------------------------

::    RASSCF root number  1 Total energy:   -112.70392543

++    Molecular orbitals:
      -------------------

      Pseudonatural active orbitals and approximate occupation numbers




      Molecular orbitals for symmetry species 1: a  


      Orbital                 1         2         3         4         5         6         7         8         9        10
      Energy             0.0000    0.0000    0.0000    0.0000    0.0000    0.0000    0.0000    0.0000    0.0000    0.0000
      Occ. No.           0.0000    0.0000    0.0000    0.0000    0.0000    0.0000    0.0000    0.0000    0.0000    0.0000

     1 C1     1s        -0.0003    0.9917   -0.1451    0.1623    0.0000    0.0000   -0.1855   -0.0000   -0.0000   -0.0439
     2 C1     2s        -0.0002    0.0315    0.2731   -0.3643   -0.0000   -0.0000    0.4107    0.0000    0.0000    0.2761
     3 C1     *s        -0.0073   -0.0058    0.0147   -0.0724    0.0000   -0.0000    0.4753   -0.0000   -0.0000   -2.0337
     4 C1     2px       -0.0000    0.0000   -0.0000    0.0000   -0.0000    0.2957    0.0000   -0.4465    0.0000    0.0000
     5 C1     *px       -0.0000   -0.0000    0.0000    0.0000   -0.0000    0.1221    0.0000   -0.7674    0.0000    0.0000
     6 C1     2py       -0.0000    0.0000   -0.0000   -0.0000    0.2957    0.0000   -0.0000   -0.0000   -0.4465    0.0000
     7 C1     *py        0.0000    0.0000    0.0000   -0.0000    0.1221    0.0000   -0.0000   -0.0000   -0.7673    0.0000
     8 C1     2pz        0.0015    0.0045    0.2179   -0.1381   -0.0000   -0.0000   -0.4549   -0.0000    0.0000   -0.1367
     9 C1     *pz       -0.0052    0.0023    0.0035    0.0308   -0.0000   -0.0000   -0.1636   -0.0000   -0.0000   -1.7347
    10 C1     *d2-      -0.0000   -0.0000    0.0000    0.0000   -0.0000   -0.0000    0.0000    0.0000   -0.0000   -0.0000
    11 C1     *d1-       0.0000   -0.0000   -0.0000   -0.0000    0.0528    0.0000   -0.0000    0.0000    0.0127    0.0000
    12 C1     *d0        0.0017    0.0022    0.0383   -0.0189   -0.0000    0.0000   -0.0313    0.0000    0.0000   -0.0049
    13 C1     *d1+      -0.0000   -0.0000   -0.0000   -0.0000   -0.0000    0.0528    0.0000    0.0126   -0.0000   -0.0000
    14 C1     *d2+       0.0000   -0.0000   -0.0000   -0.0000    0.0000   -0.0000    0.0000   -0.0000    0.0000   -0.0000
    15 O2     1s         0.9903    0.0008    0.2655    0.1456    0.0000    0.0000   -0.0222    0.0000    0.0000    0.0950
    16 O2     2s        -0.0348    0.0000    0.5225    0.3133    0.0000    0.0000   -0.0509    0.0000    0.0000    0.0986
    17 O2     *s         0.0198   -0.0063    0.2618    0.3477    0.0000    0.0000   -0.0037    0.0000   -0.0000    2.0378
    18 O2     2px        0.0000    0.0000    0.0000   -0.0000   -0.0000    0.5502    0.0000    0.3483   -0.0000   -0.0000
    19 O2     *px        0.0000    0.0000    0.0000   -0.0000   -0.0000    0.3699   -0.0000    0.4986   -0.0000   -0.0000
    20 O2     2py        0.0000   -0.0000   -0.0000   -0.0000    0.5502    0.0000   -0.0000    0.0000    0.3483    0.0000
    21 O2     *py        0.0000   -0.0000   -0.0000   -0.0000    0.3699    0.0000   -0.0000    0.0000    0.4986   -0.0000
    22 O2     2pz        0.0030   -0.0001   -0.1681    0.5042    0.0000    0.0000    0.2341    0.0000    0.0000   -0.0378
    23 O2     *pz       -0.0037    0.0049   -0.0257    0.2491    0.0000   -0.0000    0.1242    0.0000    0.0000   -0.5630
    24 O2     *d2-      -0.0000   -0.0000   -0.0000   -0.0000    0.0000    0.0000   -0.0000   -0.0000    0.0000    0.0000
    25 O2     *d1-      -0.0000    0.0000   -0.0000    0.0000   -0.0323   -0.0000   -0.0000    0.0000    0.0098   -0.0000
    26 O2     *d0       -0.0009    0.0005    0.0194   -0.0236    0.0000   -0.0000   -0.0079   -0.0000   -0.0000    0.0315
    27 O2     *d1+       0.0000   -0.0000   -0.0000    0.0000    0.0000   -0.0323   -0.0000    0.0098   -0.0000   -0.0000
    28 O2     *d2+      -0.0000   -0.0000   -0.0000   -0.0000   -0.0000    0.0000   -0.0000    0.0000   -0.0000    0.0000


      Orbital                11        12        13        14        15        16        17        18        19        20
      Energy             0.0000    0.0000    0.0000    0.0000    0.0000    0.0000    0.0000    0.0000    0.0000    0.0000
      Occ. No.           0.0000    0.0000    0.0000    0.0000    0.0000    0.0000    0.0000    0.0000    0.0000    0.0000

     1 C1     1s        -0.2687   -0.0000   -0.0000   -0.1458   -0.0802    0.0000   -0.0000   -0.0302    0.0000    0.0000
     2 C1     2s         1.4937    0.0000    0.0000    1.2198    0.0332   -0.0000   -0.0000    0.8737   -0.0000   -0.0000
     3 C1     *s        -1.1040   -0.0000   -0.0000    0.0975   -0.2594   -0.0000   -0.0000    2.0398   -0.0001   -0.0000
     4 C1     2px        0.0000   -0.0000   -1.0356   -0.0000   -0.0000    0.0660    0.0000    0.0000   -0.0000    0.0000
     5 C1     *px       -0.0000    0.0000    1.0246   -0.0000   -0.0000   -0.5237   -0.0000   -0.0000    0.0000    0.0000
     6 C1     2py        0.0000   -1.0356    0.0000    0.0000   -0.0000   -0.0000    0.0660    0.0000    0.0000   -0.0000
     7 C1     *py        0.0000    1.0246   -0.0000    0.0000    0.0000    0.0000   -0.5237   -0.0000    0.0000    0.0000
     8 C1     2pz       -0.3817   -0.0000   -0.0000    0.9623    0.5118   -0.0000   -0.0000    0.3194   -0.0000   -0.0000
     9 C1     *pz        0.8123   -0.0000    0.0000   -0.1871   -0.3369   -0.0000   -0.0000    1.5863   -0.0000   -0.0000
    10 C1     *d2-      -0.0000   -0.0000    0.0000    0.0000    0.0000   -0.0000    0.0000    0.0000   -0.0000    0.9649
    11 C1     *d1-       0.0000   -0.0321    0.0000   -0.0000    0.0000    0.0000   -0.1044   -0.0000   -0.0000    0.0000
    12 C1     *d0       -0.0258    0.0000    0.0000   -0.0322   -0.3099    0.0000   -0.0000    0.2514   -0.0000    0.0000
    13 C1     *d1+       0.0000   -0.0000   -0.0321    0.0000    0.0000   -0.1045   -0.0000   -0.0000    0.0000    0.0000
    14 C1     *d2+       0.0000   -0.0000   -0.0000   -0.0000    0.0000    0.0000    0.0000    0.0000    0.9649    0.0000
    15 O2     1s        -0.0255   -0.0000   -0.0000   -0.1435    0.0251   -0.0000   -0.0000    0.2880   -0.0000   -0.0000
    16 O2     2s        -0.0530   -0.0000   -0.0000   -0.4515    0.1994   -0.0000   -0.0000    1.9690   -0.0001   -0.0000
    17 O2     *s        -0.3254    0.0000    0.0000   -0.4459   -0.0217    0.0000    0.0000   -4.5949    0.0001    0.0000
    18 O2     2px        0.0000    0.0000    0.0041   -0.0000   -0.0000   -0.9547   -0.0000   -0.0000    0.0000   -0.0000
    19 O2     *px        0.0000   -0.0000   -0.0199    0.0000    0.0000    1.2944    0.0000    0.0000   -0.0000   -0.0000
    20 O2     2py        0.0000    0.0041   -0.0000   -0.0000    0.0000    0.0000   -0.9547   -0.0000    0.0000    0.0000
    21 O2     *py       -0.0000   -0.0199    0.0000    0.0000   -0.0000   -0.0000    1.2944    0.0000   -0.0000   -0.0000
    22 O2     2pz        0.1040   -0.0000    0.0000   -0.1118    0.8349   -0.0000    0.0000   -0.0693   -0.0000   -0.0000
    23 O2     *pz        0.1733   -0.0000    0.0000    1.4275   -0.7436   -0.0000   -0.0000    1.4725   -0.0000   -0.0000
    24 O2     *d2-       0.0000    0.0000    0.0000    0.0000    0.0000   -0.0000   -0.0000    0.0000    0.0000    0.1803
    25 O2     *d1-      -0.0000    0.0500   -0.0000    0.0000    0.0000   -0.0000    0.0315    0.0000    0.0000    0.0000
    26 O2     *d0        0.0046   -0.0000    0.0000    0.0925    0.0972   -0.0000   -0.0000    0.0401   -0.0000   -0.0000
    27 O2     *d1+      -0.0000    0.0000    0.0500    0.0000    0.0000    0.0315    0.0000    0.0000    0.0000   -0.0000
    28 O2     *d2+       0.0000   -0.0000    0.0000    0.0000    0.0000   -0.0000    0.0000    0.0000    0.1803   -0.0000


      Orbital                21        22        23        24        25        26        27        28
      Energy             0.0000    0.0000    0.0000    0.0000    0.0000    0.0000    0.0000    0.0000
      Occ. No.           0.0000    0.0000    0.0000    0.0000    0.0000    0.0000    0.0000    0.0000

     1 C1     1s         0.0000   -0.0000   -0.0728    0.0000   -0.0000    0.0000    0.0000    0.1554
     2 C1     2s        -0.0000   -0.0000    0.0332   -0.0000    0.0000    0.0000   -0.0000   -1.5640
     3 C1     *s        -0.0000   -0.0000    0.0948    0.0000   -0.0000    0.0000   -0.0000   -0.6658
     4 C1     2px        0.1195   -0.0000    0.0000   -0.0000    0.0000    0.2735   -0.0000    0.0000
     5 C1     *px       -0.1852    0.0000   -0.0000   -0.0000   -0.0000    0.1670   -0.0000    0.0000
     6 C1     2py        0.0000    0.1195    0.0000    0.0000    0.0000    0.0000    0.2735   -0.0000
     7 C1     *py       -0.0000   -0.1852    0.0000   -0.0000   -0.0000    0.0000    0.1670   -0.0000
     8 C1     2pz       -0.0000   -0.0000    0.2924   -0.0000    0.0000    0.0000   -0.0000   -1.1507
     9 C1     *pz       -0.0000   -0.0000    0.2056   -0.0000   -0.0000    0.0000   -0.0000   -0.5539
    10 C1     *d2-       0.0000    0.0000   -0.0000   -0.2832   -0.0000   -0.0000   -0.0000   -0.0000
    11 C1     *d1-      -0.0000   -0.9047   -0.0000   -0.0000    0.0000    0.0000    0.7251   -0.0000
    12 C1     *d0       -0.0000   -0.0000    1.1442    0.0000    0.0001    0.0000   -0.0000   -0.6443
    13 C1     *d1+      -0.9047    0.0000   -0.0000   -0.0000   -0.0000    0.7251   -0.0000    0.0000
    14 C1     *d2+       0.0000   -0.0000    0.0000    0.0000   -0.2832   -0.0000   -0.0000   -0.0000
    15 O2     1s        -0.0000   -0.0000   -0.1435    0.0000   -0.0000    0.0000    0.0000    0.0299
    16 O2     2s        -0.0000   -0.0000   -0.9154   -0.0000   -0.0001    0.0000    0.0000   -0.1020
    17 O2     *s         0.0000    0.0000    0.2222    0.0000    0.0001   -0.0000    0.0000    2.0990
    18 O2     2px        0.2291   -0.0000    0.0000   -0.0000   -0.0000   -0.0357    0.0000    0.0000
    19 O2     *px        0.1860   -0.0000   -0.0000    0.0000    0.0000   -0.3629    0.0000   -0.0000
    20 O2     2py        0.0000    0.2290    0.0000   -0.0000    0.0000   -0.0000   -0.0357   -0.0000
    21 O2     *py        0.0000    0.1860   -0.0000    0.0000    0.0000   -0.0000   -0.3629    0.0000
    22 O2     2pz        0.0000   -0.0000    0.7903   -0.0000    0.0000   -0.0000   -0.0000   -0.4116
    23 O2     *pz       -0.0000   -0.0000   -0.3799   -0.0000   -0.0000    0.0000   -0.0000   -1.2192
    24 O2     *d2-       0.0000    0.0000    0.0000    0.9893    0.0000    0.0000    0.0000    0.0000
    25 O2     *d1-       0.0000    0.2727    0.0000   -0.0000    0.0000    0.0000    1.0840   -0.0000
    26 O2     *d0       -0.0000   -0.0000    0.1298   -0.0000   -0.0000   -0.0000    0.0000    1.2792
    27 O2     *d1+       0.2727   -0.0000    0.0000   -0.0000   -0.0000    1.0840   -0.0000    0.0000
    28 O2     *d2+       0.0000   -0.0000   -0.0000   -0.0000    0.9893    0.0000   -0.0000    0.0000
--

      Von Neumann Entropy (Root   1) =  0.34271


      Mulliken population analysis for root number:  1
      -----------------------------------------------


++    Molecular charges:
      ------------------

      Mulliken charges per centre and basis function type
      ---------------------------------------------------

                C1      O2    
      1s       1.9927  1.9913
      2s       1.0753  1.1047
      2px      0.3483  0.8575
      2pz      0.8589  1.0200
      2py      0.3483  0.8575
      *s       0.7236  0.6569
      *px      0.1817  0.5880
      *pz      0.1396  0.3704
      *py      0.1817  0.5880
      *d2+     0.0000  0.0000
      *d1+     0.0297  0.0079
      *d0      0.0304  0.0101
      *d1-     0.0297  0.0079
      *d2-     0.0000  0.0000
      Total    5.9399  8.0601

      N-E      0.0601 -0.0601

      Total electronic charge=   14.000000

      Total            charge=   -0.000000
--



      Expectation values of various properties for root number:  1
      -----------------------------------------------------------

      Properties not supported for DMRGSCF 

++    Molecular properties:
      ---------------------

      Charge (e):
                      =   -0.0000
      Dipole Moment (Debye):
      Origin of the operator (Ang)=    0.0000    0.0000    0.0000
                   X=  2.2331E-07               Y= -5.5673E-07               Z=  1.5544E-01           Total=  1.5544E-01
      Quadrupole Moment (Debye*Ang):
      Origin of the operator (Ang)=    0.0000    0.0000    0.6447
                  XX= -1.0376E+01              XY= -5.1230E-08              XZ= -2.9426E-07              YY= -1.0376E+01
                  YZ=  1.0160E-06              ZZ= -1.2494E+01
      In traceless form (Debye*Ang)
                  XX=  1.0587E+00              XY= -7.6845E-08              XZ= -4.4139E-07              YY=  1.0587E+00
                  YZ=  1.5240E-06              ZZ= -2.1174E+00
--


      Input file to MOLDEN was generated!

      Average orbitals are written to the RASORB file
      Natural orbitals for root   1 are written to the RASORB.1 file
      Spin density orbitals for root   1 are written to the SPDORB.1 file

--- Stop Module: dmrgscf at Thu Oct  9 14:57:20 2025 /rc=_RC_ALL_IS_WELL_ ---
*** files: autocas_project.rasscf.molden autocas_project.RasOrb autocas_project.RasOrb.1 autocas_project.dmrgscf.h5 autocas_project.SpdOrb.1 xmldump
    saved to directory /public/home/xzzeng/work/HQC/CO/autoCAS/autocas_project/dmrg
--- Module dmrgscf spent 5 seconds ---

.##################.
.# Happy landing! #.
.##################.

    Timing: Wall=5.31 User=3.72 System=0.16
